===== Optuna TPE rerun seed=99 =====
Job: 17815492  Node: gpub086.delta.ncsa.illinois.edu  Started: Thu Apr 23 11:03:51 CDT 2026
Usage:
  apptainer [global options...] instance stop [stop options...] [instance]

Run 'apptainer --help' for more detailed usage information.
[VDMS] Ready on port 55635
[Score] Constrained objective: Score = QPS  if mAP ≥ 0.150 else 0
Starting optuna optimization. Iterations: 50, Seed: 99

================================================================================
ITERATION 1/50 (OPTUNA)
================================================================================
  engine:       FaissHNSWFlat
  params:       {'M': 8, 'efConstruction': 200, 'efSearch': 64}
  k_neighbors:  150
  alpha:        0.85
[GEOM] SPM-VLAD-SIFT (1×1+2×2+1×3=8 cells, bbox-crop, PCA-512)  shape=(47776, 512)
[OK] HICO-DET loaded: 47776 images
     Geom  (47776, 512)  (SPM-VLAD-SIFT (1×1+2×2+1×3=8 cells, bbox-crop, PCA-512))
     Deep  (47776, 1024)  (DINOv2 ViT-L/14-reg4 HOI-crop  1024-d)
     Deep norms: 1.000000 ± 0.000000
     HOI categories: 600
     Images/HOI: min=6  max=1844  mean=151.1
[OK] HOI queries built: 600 queries  (skipped 0 HOIs with < 6 images)
     Relevant/query: min=5  max=1843  mean=150.1
[Cache] HICO-DET loaded (CLIP ViT-L/14): clip_db=(47776, 768)  dinov2_db=(47776, 1024)  text_q=(600, 768)  queries=600
[OK] PMGD metadata loaded: 47776 images  (80 objects, 117 verbs)

[Iter 1] backbone=CLIP ViT-L/14  engine=FaissHNSWFlat params={'M': 8, 'efConstruction': 200, 'efSearch': 64} k=150 alpha=0.85 n_refs=10 ref_strategy=diverse constraint=verb
[Iter 1] Building CLIP_Set_1  (graph=yes)...
[OK] DescriptorSet 'CLIP_Set_1' created  dim=768  metric=L2
[GRAPH] PMGD metadata provided — storing object_id + verb_id per descriptor
Indexing 47,776 CLIP vectors  dim=768  set=CLIP_Set_1  (batch_properties=500, with metadata)...
  CLIP failures: 0/47776  (OK)
[OK] 'CLIP_Set_1' indexed  (13.2s)
[Iter 1] Index built in 13.3s
[Iter 1] Running 600 queries...
[TextDINO q0] HOI=motorcycle|race  CLIP=45 candidates  k=150  alpha=0.85  constraint=verb
[Iter 1] Timing breakdown:
  Index build:      13.3s  (one-time)
  Query (Stage-1):  9.05ms/query  (VDMS ANN)
  Rerank (Stage-2): 0.07ms/query  (DINOv2 numpy)
  Total latency:    9.20ms/query
  QPS:              108.7

[Results iter 1]
  Score (QPS [constrained]): 108.6781
  mAP (plain):       0.2087
  QPS:               108.68
  P@10:              0.5287
  nDCG@10:           0.6010

================================================================================
ITERATION 2/50 (OPTUNA)
================================================================================
[VDMS] Restarting for clean DB (iteration 2)...
[VDMS] Ready on port 55635
[VDMS] Restart complete.
  engine:       FaissIVFFlat
  params:       {'nlist': 64, 'nprobe': 64}
  k_neighbors:  1000
  alpha:        0.30
[OK] PMGD metadata loaded: 47776 images  (80 objects, 117 verbs)

[Iter 2] backbone=CLIP ViT-L/14  engine=FaissIVFFlat params={'nlist': 64, 'nprobe': 64} k=1000 alpha=0.30 n_refs=1 ref_strategy=diverse constraint=object_and_verb
[Iter 2] Building CLIP_Set_2  (graph=yes)...
[OK] DescriptorSet 'CLIP_Set_2' created  dim=768  metric=L2
[GRAPH] PMGD metadata provided — storing object_id + verb_id per descriptor
Indexing 47,776 CLIP vectors  dim=768  set=CLIP_Set_2  (batch_properties=500, with metadata)...
  CLIP failures: 0/47776  (OK)
[OK] 'CLIP_Set_2' indexed  (16.3s)
[Iter 2] Index built in 16.3s
[Iter 2] Running 600 queries...
[TextDINO q0] HOI=motorcycle|race  CLIP=0 candidates  k=1000  alpha=0.30  constraint=object_and_verb
[Iter 2] Timing breakdown:
  Index build:      16.3s  (one-time)
  Query (Stage-1):  0.33ms/query  (VDMS ANN)
  Rerank (Stage-2): 0.00ms/query  (DINOv2 numpy)
  Total latency:    0.34ms/query
  QPS:              2979.5

[Results iter 2]
  Score (QPS [constrained]): 0.0000
  mAP (plain):       0.0000
  QPS:               2979.48
  P@10:              0.0008
  nDCG@10:           0.0017

================================================================================
ITERATION 3/50 (OPTUNA)
================================================================================
[VDMS] Restarting for clean DB (iteration 3)...
[VDMS] Ready on port 55635
[VDMS] Restart complete.
  engine:       FaissHNSWFlat
  params:       {'M': 16, 'efConstruction': 200, 'efSearch': 64}
  k_neighbors:  150
  alpha:        0.70
[OK] PMGD metadata loaded: 47776 images  (80 objects, 117 verbs)

[Iter 3] backbone=CLIP ViT-L/14  engine=FaissHNSWFlat params={'M': 16, 'efConstruction': 200, 'efSearch': 64} k=150 alpha=0.70 n_refs=5 ref_strategy=centroid constraint=object_and_verb
[Iter 3] Building CLIP_Set_3  (graph=yes)...
[OK] DescriptorSet 'CLIP_Set_3' created  dim=768  metric=L2
[GRAPH] PMGD metadata provided — storing object_id + verb_id per descriptor
Indexing 47,776 CLIP vectors  dim=768  set=CLIP_Set_3  (batch_properties=500, with metadata)...
  CLIP failures: 0/47776  (OK)
[OK] 'CLIP_Set_3' indexed  (13.2s)
[Iter 3] Index built in 13.3s
[Iter 3] Running 600 queries...
[TextDINO q0] HOI=motorcycle|race  CLIP=45 candidates  k=150  alpha=0.70  constraint=object_and_verb
[Iter 3] Timing breakdown:
  Index build:      13.3s  (one-time)
  Query (Stage-1):  9.27ms/query  (VDMS ANN)
  Rerank (Stage-2): 0.05ms/query  (DINOv2 numpy)
  Total latency:    9.35ms/query
  QPS:              106.9

[Results iter 3]
  Score (QPS [constrained]): 106.9354
  mAP (plain):       0.2140
  QPS:               106.94
  P@10:              0.5530
  nDCG@10:           0.6299

================================================================================
ITERATION 4/50 (OPTUNA)
================================================================================
[VDMS] Restarting for clean DB (iteration 4)...
[VDMS] Ready on port 55635
[VDMS] Restart complete.
  engine:       FaissHNSWFlat
  params:       {'M': 16, 'efConstruction': 200, 'efSearch': 150}
  k_neighbors:  50
  alpha:        0.65
[OK] PMGD metadata loaded: 47776 images  (80 objects, 117 verbs)

[Iter 4] backbone=CLIP ViT-L/14  engine=FaissHNSWFlat params={'M': 16, 'efConstruction': 200, 'efSearch': 150} k=50 alpha=0.65 n_refs=3 ref_strategy=centroid constraint=object
[Iter 4] Building CLIP_Set_4  (graph=yes)...
[OK] DescriptorSet 'CLIP_Set_4' created  dim=768  metric=L2
[GRAPH] PMGD metadata provided — storing object_id + verb_id per descriptor
Indexing 47,776 CLIP vectors  dim=768  set=CLIP_Set_4  (batch_properties=500, with metadata)...
  CLIP failures: 0/47776  (OK)
[OK] 'CLIP_Set_4' indexed  (13.3s)
[Iter 4] Index built in 13.3s
[Iter 4] Running 600 queries...
[TextDINO q0] HOI=motorcycle|race  CLIP=50 candidates  k=50  alpha=0.65  constraint=object
[Iter 4] Timing breakdown:
  Index build:      13.3s  (one-time)
  Query (Stage-1):  3.23ms/query  (VDMS ANN)
  Rerank (Stage-2): 0.08ms/query  (DINOv2 numpy)
  Total latency:    3.35ms/query
  QPS:              298.5

[Results iter 4]
  Score (QPS [constrained]): 298.4884
  mAP (plain):       0.1547
  QPS:               298.49
  P@10:              0.4272
  nDCG@10:           0.4844

================================================================================
ITERATION 5/50 (OPTUNA)
================================================================================
[VDMS] Restarting for clean DB (iteration 5)...
[VDMS] Ready on port 55635
[VDMS] Restart complete.
  engine:       FaissHNSWFlat
  params:       {'M': 8, 'efConstruction': 200, 'efSearch': 64}
  k_neighbors:  300
  alpha:        0.80

[Iter 5] backbone=CLIP ViT-L/14  engine=FaissHNSWFlat params={'M': 8, 'efConstruction': 200, 'efSearch': 64} k=300 alpha=0.80 n_refs=5 ref_strategy=diverse constraint=none
[Iter 5] Building CLIP_Set_5  (graph=no)...
[OK] DescriptorSet 'CLIP_Set_5' created  dim=768  metric=L2
Indexing 47,776 CLIP vectors  dim=768  set=CLIP_Set_5  (batch_properties=500)...
  CLIP failures: 0/47776  (OK)
[OK] 'CLIP_Set_5' indexed  (12.7s)
[Iter 5] Index built in 12.8s
[Iter 5] Running 600 queries...
[TextDINO q0] HOI=motorcycle|race  CLIP=300 candidates  k=300  alpha=0.80  constraint=none
[Iter 5] Timing breakdown:
  Index build:      12.8s  (one-time)
  Query (Stage-1):  31.29ms/query  (VDMS ANN)
  Rerank (Stage-2): 0.43ms/query  (DINOv2 numpy)
  Total latency:    31.86ms/query
  QPS:              31.4

[Results iter 5]
  Score (QPS [constrained]): 31.3853
  mAP (plain):       0.2749
  QPS:               31.39
  P@10:              0.4662
  nDCG@10:           0.5434

================================================================================
ITERATION 6/50 (OPTUNA)
================================================================================
[VDMS] Restarting for clean DB (iteration 6)...
[VDMS] Ready on port 55635
[VDMS] Restart complete.
  engine:       FaissIVFFlat
  params:       {'nlist': 64, 'nprobe': 8}
  k_neighbors:  300
  alpha:        0.25
[OK] PMGD metadata loaded: 47776 images  (80 objects, 117 verbs)

[Iter 6] backbone=CLIP ViT-L/14  engine=FaissIVFFlat params={'nlist': 64, 'nprobe': 8} k=300 alpha=0.25 n_refs=5 ref_strategy=diverse constraint=object
[Iter 6] Building CLIP_Set_6  (graph=yes)...
[OK] DescriptorSet 'CLIP_Set_6' created  dim=768  metric=L2
[GRAPH] PMGD metadata provided — storing object_id + verb_id per descriptor
Indexing 47,776 CLIP vectors  dim=768  set=CLIP_Set_6  (batch_properties=500, with metadata)...
  CLIP failures: 0/47776  (OK)
[OK] 'CLIP_Set_6' indexed  (16.6s)
[Iter 6] Index built in 16.7s
[Iter 6] Running 600 queries...
[TextDINO q0] HOI=motorcycle|race  CLIP=0 candidates  k=300  alpha=0.25  constraint=object
[Iter 6] Timing breakdown:
  Index build:      16.7s  (one-time)
  Query (Stage-1):  0.30ms/query  (VDMS ANN)
  Rerank (Stage-2): 0.00ms/query  (DINOv2 numpy)
  Total latency:    0.32ms/query
  QPS:              3117.6

[Results iter 6]
  Score (QPS [constrained]): 0.0000
  mAP (plain):       0.0000
  QPS:               3117.64
  P@10:              0.0010
  nDCG@10:           0.0021

================================================================================
ITERATION 7/50 (OPTUNA)
================================================================================
[VDMS] Restarting for clean DB (iteration 7)...
[VDMS] Ready on port 55635
[VDMS] Restart complete.
  engine:       FaissHNSWFlat
  params:       {'M': 32, 'efConstruction': 200, 'efSearch': 150}
  k_neighbors:  300
  alpha:        0.85
[OK] PMGD metadata loaded: 47776 images  (80 objects, 117 verbs)

[Iter 7] backbone=CLIP ViT-L/14  engine=FaissHNSWFlat params={'M': 32, 'efConstruction': 200, 'efSearch': 150} k=300 alpha=0.85 n_refs=10 ref_strategy=centroid constraint=object_and_verb
[Iter 7] Building CLIP_Set_7  (graph=yes)...
[OK] DescriptorSet 'CLIP_Set_7' created  dim=768  metric=L2
[GRAPH] PMGD metadata provided — storing object_id + verb_id per descriptor
Indexing 47,776 CLIP vectors  dim=768  set=CLIP_Set_7  (batch_properties=500, with metadata)...
  CLIP failures: 0/47776  (OK)
[OK] 'CLIP_Set_7' indexed  (13.2s)
[Iter 7] Index built in 13.3s
[Iter 7] Running 600 queries...
[TextDINO q0] HOI=motorcycle|race  CLIP=74 candidates  k=300  alpha=0.85  constraint=object_and_verb
[Iter 7] Timing breakdown:
  Index build:      13.3s  (one-time)
  Query (Stage-1):  25.91ms/query  (VDMS ANN)
  Rerank (Stage-2): 0.06ms/query  (DINOv2 numpy)
  Total latency:    25.99ms/query
  QPS:              38.5

[Results iter 7]
  Score (QPS [constrained]): 38.4692
  mAP (plain):       0.2705
  QPS:               38.47
  P@10:              0.6165
  nDCG@10:           0.6868

================================================================================
ITERATION 8/50 (OPTUNA)
================================================================================
[VDMS] Restarting for clean DB (iteration 8)...
[VDMS] Ready on port 55635
[VDMS] Restart complete.
  engine:       FaissIVFFlat
  params:       {'nlist': 128, 'nprobe': 64}
  k_neighbors:  200
  alpha:        0.10

[Iter 8] backbone=CLIP ViT-L/14  engine=FaissIVFFlat params={'nlist': 128, 'nprobe': 64} k=200 alpha=0.10 n_refs=10 ref_strategy=first constraint=none
[Iter 8] Building CLIP_Set_8  (graph=no)...
[OK] DescriptorSet 'CLIP_Set_8' created  dim=768  metric=L2
Indexing 47,776 CLIP vectors  dim=768  set=CLIP_Set_8  (batch_properties=500)...
  CLIP failures: 0/47776  (OK)
[OK] 'CLIP_Set_8' indexed  (16.2s)
[Iter 8] Index built in 16.2s
[Iter 8] Running 600 queries...
[TextDINO q0] HOI=motorcycle|race  CLIP=5 candidates  k=200  alpha=0.10  constraint=none
[Iter 8] Timing breakdown:
  Index build:      16.2s  (one-time)
  Query (Stage-1):  0.41ms/query  (VDMS ANN)
  Rerank (Stage-2): 0.04ms/query  (DINOv2 numpy)
  Total latency:    0.45ms/query
  QPS:              2212.6

[Results iter 8]
  Score (QPS [constrained]): 0.0000
  mAP (plain):       0.0000
  QPS:               2212.61
  P@10:              0.0010
  nDCG@10:           0.0020

================================================================================
ITERATION 9/50 (OPTUNA)
================================================================================
[VDMS] Restarting for clean DB (iteration 9)...
[VDMS] Ready on port 55635
[VDMS] Restart complete.
  engine:       FaissIVFFlat
  params:       {'nlist': 128, 'nprobe': 4}
  k_neighbors:  500
  alpha:        0.75
[OK] PMGD metadata loaded: 47776 images  (80 objects, 117 verbs)

[Iter 9] backbone=CLIP ViT-L/14  engine=FaissIVFFlat params={'nlist': 128, 'nprobe': 4} k=500 alpha=0.75 n_refs=1 ref_strategy=centroid constraint=object
[Iter 9] Building CLIP_Set_9  (graph=yes)...
[OK] DescriptorSet 'CLIP_Set_9' created  dim=768  metric=L2
[GRAPH] PMGD metadata provided — storing object_id + verb_id per descriptor
Indexing 47,776 CLIP vectors  dim=768  set=CLIP_Set_9  (batch_properties=500, with metadata)...
  CLIP failures: 0/47776  (OK)
[OK] 'CLIP_Set_9' indexed  (16.4s)
[Iter 9] Index built in 16.4s
[Iter 9] Running 600 queries...
[TextDINO q0] HOI=motorcycle|race  CLIP=0 candidates  k=500  alpha=0.75  constraint=object
[Iter 9] Timing breakdown:
  Index build:      16.4s  (one-time)
  Query (Stage-1):  0.30ms/query  (VDMS ANN)
  Rerank (Stage-2): 0.00ms/query  (DINOv2 numpy)
  Total latency:    0.31ms/query
  QPS:              3221.2

[Results iter 9]
  Score (QPS [constrained]): 0.0000
  mAP (plain):       0.0000
  QPS:               3221.23
  P@10:              0.0010
  nDCG@10:           0.0021

================================================================================
ITERATION 10/50 (OPTUNA)
================================================================================
[VDMS] Restarting for clean DB (iteration 10)...
[VDMS] Ready on port 55635
[VDMS] Restart complete.
  engine:       FaissIVFFlat
  params:       {'nlist': 64, 'nprobe': 8}
  k_neighbors:  500
  alpha:        0.45
[OK] PMGD metadata loaded: 47776 images  (80 objects, 117 verbs)

[Iter 10] backbone=CLIP ViT-L/14  engine=FaissIVFFlat params={'nlist': 64, 'nprobe': 8} k=500 alpha=0.45 n_refs=3 ref_strategy=centroid constraint=object
[Iter 10] Building CLIP_Set_10  (graph=yes)...
[OK] DescriptorSet 'CLIP_Set_10' created  dim=768  metric=L2
[GRAPH] PMGD metadata provided — storing object_id + verb_id per descriptor
Indexing 47,776 CLIP vectors  dim=768  set=CLIP_Set_10  (batch_properties=500, with metadata)...
  CLIP failures: 0/47776  (OK)
[OK] 'CLIP_Set_10' indexed  (16.1s)
[Iter 10] Index built in 16.2s
[Iter 10] Running 600 queries...
[TextDINO q0] HOI=motorcycle|race  CLIP=0 candidates  k=500  alpha=0.45  constraint=object
[Iter 10] Timing breakdown:
  Index build:      16.2s  (one-time)
  Query (Stage-1):  0.30ms/query  (VDMS ANN)
  Rerank (Stage-2): 0.00ms/query  (DINOv2 numpy)
  Total latency:    0.32ms/query
  QPS:              3100.6

[Results iter 10]
  Score (QPS [constrained]): 0.0000
  mAP (plain):       0.0000
  QPS:               3100.58
  P@10:              0.0010
  nDCG@10:           0.0021

================================================================================
ITERATION 11/50 (OPTUNA)
================================================================================
[VDMS] Restarting for clean DB (iteration 11)...
[VDMS] Ready on port 55635
[VDMS] Restart complete.
  engine:       FaissHNSWFlat
  params:       {'M': 16, 'efConstruction': 200, 'efSearch': 150}
  k_neighbors:  50
  alpha:        0.90
[OK] PMGD metadata loaded: 47776 images  (80 objects, 117 verbs)

[Iter 11] backbone=CLIP ViT-L/14  engine=FaissHNSWFlat params={'M': 16, 'efConstruction': 200, 'efSearch': 150} k=50 alpha=0.90 n_refs=3 ref_strategy=first constraint=verb
[Iter 11] Building CLIP_Set_11  (graph=yes)...
[OK] DescriptorSet 'CLIP_Set_11' created  dim=768  metric=L2
[GRAPH] PMGD metadata provided — storing object_id + verb_id per descriptor
Indexing 47,776 CLIP vectors  dim=768  set=CLIP_Set_11  (batch_properties=500, with metadata)...
  CLIP failures: 0/47776  (OK)
[OK] 'CLIP_Set_11' indexed  (13.3s)
[Iter 11] Index built in 13.3s
[Iter 11] Running 600 queries...
[TextDINO q0] HOI=motorcycle|race  CLIP=17 candidates  k=50  alpha=0.90  constraint=verb
[Iter 11] Timing breakdown:
  Index build:      13.3s  (one-time)
  Query (Stage-1):  2.44ms/query  (VDMS ANN)
  Rerank (Stage-2): 0.04ms/query  (DINOv2 numpy)
  Total latency:    2.50ms/query
  QPS:              400.7

[Results iter 11]
  Score (QPS [constrained]): 0.0000
  mAP (plain):       0.1283
  QPS:               400.66
  P@10:              0.4243
  nDCG@10:           0.4976

================================================================================
ITERATION 12/50 (OPTUNA)
================================================================================
[VDMS] Restarting for clean DB (iteration 12)...
[VDMS] Ready on port 55635
[VDMS] Restart complete.
  engine:       FaissHNSWFlat
  params:       {'M': 8, 'efConstruction': 200, 'efSearch': 500}
  k_neighbors:  100
  alpha:        0.65
[OK] PMGD metadata loaded: 47776 images  (80 objects, 117 verbs)

[Iter 12] backbone=CLIP ViT-L/14  engine=FaissHNSWFlat params={'M': 8, 'efConstruction': 200, 'efSearch': 500} k=100 alpha=0.65 n_refs=10 ref_strategy=diverse constraint=verb
[Iter 12] Building CLIP_Set_12  (graph=yes)...
[OK] DescriptorSet 'CLIP_Set_12' created  dim=768  metric=L2
[GRAPH] PMGD metadata provided — storing object_id + verb_id per descriptor
Indexing 47,776 CLIP vectors  dim=768  set=CLIP_Set_12  (batch_properties=500, with metadata)...
  CLIP failures: 0/47776  (OK)
[OK] 'CLIP_Set_12' indexed  (13.2s)
[Iter 12] Index built in 13.3s
[Iter 12] Running 600 queries...
[TextDINO q0] HOI=motorcycle|race  CLIP=30 candidates  k=100  alpha=0.65  constraint=verb
[Iter 12] Timing breakdown:
  Index build:      13.3s  (one-time)
  Query (Stage-1):  5.26ms/query  (VDMS ANN)
  Rerank (Stage-2): 0.05ms/query  (DINOv2 numpy)
  Total latency:    5.33ms/query
  QPS:              187.7

[Results iter 12]
  Score (QPS [constrained]): 187.7353
  mAP (plain):       0.1749
  QPS:               187.74
  P@10:              0.4930
  nDCG@10:           0.5646

================================================================================
ITERATION 13/50 (OPTUNA)
================================================================================
[VDMS] Restarting for clean DB (iteration 13)...
[VDMS] Ready on port 55635
[VDMS] Restart complete.
  engine:       FaissHNSWFlat
  params:       {'M': 64, 'efConstruction': 200, 'efSearch': 500}
  k_neighbors:  100
  alpha:        0.65
[OK] PMGD metadata loaded: 47776 images  (80 objects, 117 verbs)

[Iter 13] backbone=CLIP ViT-L/14  engine=FaissHNSWFlat params={'M': 64, 'efConstruction': 200, 'efSearch': 500} k=100 alpha=0.65 n_refs=3 ref_strategy=diverse constraint=object
[Iter 13] Building CLIP_Set_13  (graph=yes)...
[OK] DescriptorSet 'CLIP_Set_13' created  dim=768  metric=L2
[GRAPH] PMGD metadata provided — storing object_id + verb_id per descriptor
Indexing 47,776 CLIP vectors  dim=768  set=CLIP_Set_13  (batch_properties=500, with metadata)...
  CLIP failures: 0/47776  (OK)
[OK] 'CLIP_Set_13' indexed  (13.2s)
[Iter 13] Index built in 13.3s
[Iter 13] Running 600 queries...
[TextDINO q0] HOI=motorcycle|race  CLIP=100 candidates  k=100  alpha=0.65  constraint=object
[Iter 13] Timing breakdown:
  Index build:      13.3s  (one-time)
  Query (Stage-1):  7.00ms/query  (VDMS ANN)
  Rerank (Stage-2): 0.14ms/query  (DINOv2 numpy)
  Total latency:    7.20ms/query
  QPS:              138.8

[Results iter 13]
  Score (QPS [constrained]): 138.7975
  mAP (plain):       0.2039
  QPS:               138.80
  P@10:              0.4517
  nDCG@10:           0.5081

================================================================================
ITERATION 14/50 (OPTUNA)
================================================================================
[VDMS] Restarting for clean DB (iteration 14)...
[VDMS] Ready on port 55635
[VDMS] Restart complete.
  engine:       FaissHNSWFlat
  params:       {'M': 48, 'efConstruction': 200, 'efSearch': 500}
  k_neighbors:  100
  alpha:        0.65
[OK] PMGD metadata loaded: 47776 images  (80 objects, 117 verbs)

[Iter 14] backbone=CLIP ViT-L/14  engine=FaissHNSWFlat params={'M': 48, 'efConstruction': 200, 'efSearch': 500} k=100 alpha=0.65 n_refs=10 ref_strategy=centroid constraint=verb
[Iter 14] Building CLIP_Set_14  (graph=yes)...
[OK] DescriptorSet 'CLIP_Set_14' created  dim=768  metric=L2
[GRAPH] PMGD metadata provided — storing object_id + verb_id per descriptor
Indexing 47,776 CLIP vectors  dim=768  set=CLIP_Set_14  (batch_properties=500, with metadata)...
  CLIP failures: 0/47776  (OK)
[OK] 'CLIP_Set_14' indexed  (13.3s)
[Iter 14] Index built in 13.3s
[Iter 14] Running 600 queries...
[TextDINO q0] HOI=motorcycle|race  CLIP=30 candidates  k=100  alpha=0.65  constraint=verb
[Iter 14] Timing breakdown:
  Index build:      13.3s  (one-time)
  Query (Stage-1):  5.25ms/query  (VDMS ANN)
  Rerank (Stage-2): 0.05ms/query  (DINOv2 numpy)
  Total latency:    5.31ms/query
  QPS:              188.2

[Results iter 14]
  Score (QPS [constrained]): 188.1596
  mAP (plain):       0.1753
  QPS:               188.16
  P@10:              0.4952
  nDCG@10:           0.5691

================================================================================
ITERATION 15/50 (OPTUNA)
================================================================================
[VDMS] Restarting for clean DB (iteration 15)...
[VDMS] Ready on port 55635
[VDMS] Restart complete.
  engine:       FaissHNSWFlat
  params:       {'M': 48, 'efConstruction': 200, 'efSearch': 100}
  k_neighbors:  50
  alpha:        0.65
[OK] PMGD metadata loaded: 47776 images  (80 objects, 117 verbs)

[Iter 15] backbone=CLIP ViT-L/14  engine=FaissHNSWFlat params={'M': 48, 'efConstruction': 200, 'efSearch': 100} k=50 alpha=0.65 n_refs=3 ref_strategy=centroid constraint=verb
[Iter 15] Building CLIP_Set_15  (graph=yes)...
[OK] DescriptorSet 'CLIP_Set_15' created  dim=768  metric=L2
[GRAPH] PMGD metadata provided — storing object_id + verb_id per descriptor
Indexing 47,776 CLIP vectors  dim=768  set=CLIP_Set_15  (batch_properties=500, with metadata)...
  CLIP failures: 0/47776  (OK)
[OK] 'CLIP_Set_15' indexed  (13.3s)
[Iter 15] Index built in 13.3s
[Iter 15] Running 600 queries...
[TextDINO q0] HOI=motorcycle|race  CLIP=17 candidates  k=50  alpha=0.65  constraint=verb
[Iter 15] Timing breakdown:
  Index build:      13.3s  (one-time)
  Query (Stage-1):  2.45ms/query  (VDMS ANN)
  Rerank (Stage-2): 0.04ms/query  (DINOv2 numpy)
  Total latency:    2.51ms/query
  QPS:              397.6

[Results iter 15]
  Score (QPS [constrained]): 0.0000
  mAP (plain):       0.1278
  QPS:               397.64
  P@10:              0.4258
  nDCG@10:           0.4968

================================================================================
ITERATION 16/50 (OPTUNA)
================================================================================
[VDMS] Restarting for clean DB (iteration 16)...
[VDMS] Ready on port 55635
[VDMS] Restart complete.
  engine:       FaissHNSWFlat
  params:       {'M': 48, 'efConstruction': 200, 'efSearch': 300}
  k_neighbors:  750
  alpha:        0.15
[OK] PMGD metadata loaded: 47776 images  (80 objects, 117 verbs)

[Iter 16] backbone=CLIP ViT-L/14  engine=FaissHNSWFlat params={'M': 48, 'efConstruction': 200, 'efSearch': 300} k=750 alpha=0.15 n_refs=10 ref_strategy=centroid constraint=verb
[Iter 16] Building CLIP_Set_16  (graph=yes)...
[OK] DescriptorSet 'CLIP_Set_16' created  dim=768  metric=L2
[GRAPH] PMGD metadata provided — storing object_id + verb_id per descriptor
Indexing 47,776 CLIP vectors  dim=768  set=CLIP_Set_16  (batch_properties=500, with metadata)...
  CLIP failures: 0/47776  (OK)
[OK] 'CLIP_Set_16' indexed  (13.3s)
[Iter 16] Index built in 13.4s
[Iter 16] Running 600 queries...
[TextDINO q0] HOI=motorcycle|race  CLIP=107 candidates  k=750  alpha=0.15  constraint=verb
[Iter 16] Timing breakdown:
  Index build:      13.4s  (one-time)
  Query (Stage-1):  111.38ms/query  (VDMS ANN)
  Rerank (Stage-2): 0.14ms/query  (DINOv2 numpy)
  Total latency:    111.57ms/query
  QPS:              9.0

[Results iter 16]
  Score (QPS [constrained]): 8.9627
  mAP (plain):       0.2732
  QPS:               8.96
  P@10:              0.5872
  nDCG@10:           0.6511

================================================================================
ITERATION 17/50 (OPTUNA)
================================================================================
[VDMS] Restarting for clean DB (iteration 17)...
[VDMS] Ready on port 55635
[VDMS] Restart complete.
  engine:       FaissHNSWFlat
  params:       {'M': 16, 'efConstruction': 200, 'efSearch': 32}
  k_neighbors:  50
  alpha:        0.55
[OK] PMGD metadata loaded: 47776 images  (80 objects, 117 verbs)

[Iter 17] backbone=CLIP ViT-L/14  engine=FaissHNSWFlat params={'M': 16, 'efConstruction': 200, 'efSearch': 32} k=50 alpha=0.55 n_refs=3 ref_strategy=centroid constraint=object
[Iter 17] Building CLIP_Set_17  (graph=yes)...
[OK] DescriptorSet 'CLIP_Set_17' created  dim=768  metric=L2
[GRAPH] PMGD metadata provided — storing object_id + verb_id per descriptor
Indexing 47,776 CLIP vectors  dim=768  set=CLIP_Set_17  (batch_properties=500, with metadata)...
  CLIP failures: 0/47776  (OK)
[OK] 'CLIP_Set_17' indexed  (13.3s)
[Iter 17] Index built in 13.4s
[Iter 17] Running 600 queries...
[TextDINO q0] HOI=motorcycle|race  CLIP=50 candidates  k=50  alpha=0.55  constraint=object
[Iter 17] Timing breakdown:
  Index build:      13.4s  (one-time)
  Query (Stage-1):  3.25ms/query  (VDMS ANN)
  Rerank (Stage-2): 0.09ms/query  (DINOv2 numpy)
  Total latency:    3.37ms/query
  QPS:              297.0

[Results iter 17]
  Score (QPS [constrained]): 296.9724
  mAP (plain):       0.1508
  QPS:               296.97
  P@10:              0.4213
  nDCG@10:           0.4704

================================================================================
ITERATION 18/50 (OPTUNA)
================================================================================
[VDMS] Restarting for clean DB (iteration 18)...
[VDMS] Ready on port 55635
[VDMS] Restart complete.
  engine:       FaissHNSWFlat
  params:       {'M': 16, 'efConstruction': 200, 'efSearch': 32}
  k_neighbors:  50
  alpha:        0.55
[OK] PMGD metadata loaded: 47776 images  (80 objects, 117 verbs)

[Iter 18] backbone=CLIP ViT-L/14  engine=FaissHNSWFlat params={'M': 16, 'efConstruction': 200, 'efSearch': 32} k=50 alpha=0.55 n_refs=3 ref_strategy=centroid constraint=object
[Iter 18] Building CLIP_Set_18  (graph=yes)...
[OK] DescriptorSet 'CLIP_Set_18' created  dim=768  metric=L2
[GRAPH] PMGD metadata provided — storing object_id + verb_id per descriptor
Indexing 47,776 CLIP vectors  dim=768  set=CLIP_Set_18  (batch_properties=500, with metadata)...
  CLIP failures: 0/47776  (OK)
[OK] 'CLIP_Set_18' indexed  (13.3s)
[Iter 18] Index built in 13.3s
[Iter 18] Running 600 queries...
[TextDINO q0] HOI=motorcycle|race  CLIP=50 candidates  k=50  alpha=0.55  constraint=object
[Iter 18] Timing breakdown:
  Index build:      13.3s  (one-time)
  Query (Stage-1):  3.24ms/query  (VDMS ANN)
  Rerank (Stage-2): 0.09ms/query  (DINOv2 numpy)
  Total latency:    3.36ms/query
  QPS:              298.0

[Results iter 18]
  Score (QPS [constrained]): 297.9525
  mAP (plain):       0.1508
  QPS:               297.95
  P@10:              0.4213
  nDCG@10:           0.4704

================================================================================
ITERATION 19/50 (OPTUNA)
================================================================================
[VDMS] Restarting for clean DB (iteration 19)...
[VDMS] Ready on port 55635
[VDMS] Restart complete.
  engine:       FaissHNSWFlat
  params:       {'M': 16, 'efConstruction': 200, 'efSearch': 32}
  k_neighbors:  50
  alpha:        0.50
[OK] PMGD metadata loaded: 47776 images  (80 objects, 117 verbs)

[Iter 19] backbone=CLIP ViT-L/14  engine=FaissHNSWFlat params={'M': 16, 'efConstruction': 200, 'efSearch': 32} k=50 alpha=0.50 n_refs=3 ref_strategy=first constraint=object
[Iter 19] Building CLIP_Set_19  (graph=yes)...
[OK] DescriptorSet 'CLIP_Set_19' created  dim=768  metric=L2
[GRAPH] PMGD metadata provided — storing object_id + verb_id per descriptor
Indexing 47,776 CLIP vectors  dim=768  set=CLIP_Set_19  (batch_properties=500, with metadata)...
  CLIP failures: 0/47776  (OK)
[OK] 'CLIP_Set_19' indexed  (13.3s)
[Iter 19] Index built in 13.4s
[Iter 19] Running 600 queries...
[TextDINO q0] HOI=motorcycle|race  CLIP=50 candidates  k=50  alpha=0.50  constraint=object
[Iter 19] Timing breakdown:
  Index build:      13.4s  (one-time)
  Query (Stage-1):  3.29ms/query  (VDMS ANN)
  Rerank (Stage-2): 0.08ms/query  (DINOv2 numpy)
  Total latency:    3.41ms/query
  QPS:              292.9

[Results iter 19]
  Score (QPS [constrained]): 0.0000
  mAP (plain):       0.1490
  QPS:               292.94
  P@10:              0.4205
  nDCG@10:           0.4624

================================================================================
ITERATION 20/50 (OPTUNA)
================================================================================
[VDMS] Restarting for clean DB (iteration 20)...
[VDMS] Ready on port 55635
[VDMS] Restart complete.
  engine:       FaissHNSWFlat
  params:       {'M': 16, 'efConstruction': 200, 'efSearch': 200}
  k_neighbors:  50
  alpha:        0.00
[OK] PMGD metadata loaded: 47776 images  (80 objects, 117 verbs)

[Iter 20] backbone=CLIP ViT-L/14  engine=FaissHNSWFlat params={'M': 16, 'efConstruction': 200, 'efSearch': 200} k=50 alpha=0.00 n_refs=3 ref_strategy=centroid constraint=object
[Iter 20] Building CLIP_Set_20  (graph=yes)...
[OK] DescriptorSet 'CLIP_Set_20' created  dim=768  metric=L2
[GRAPH] PMGD metadata provided — storing object_id + verb_id per descriptor
Indexing 47,776 CLIP vectors  dim=768  set=CLIP_Set_20  (batch_properties=500, with metadata)...
  CLIP failures: 0/47776  (OK)
[OK] 'CLIP_Set_20' indexed  (13.3s)
[Iter 20] Index built in 13.3s
[Iter 20] Running 600 queries...
[TextDINO q0] HOI=motorcycle|race  CLIP=50 candidates  k=50  alpha=0.00  constraint=object
[Iter 20] Timing breakdown:
  Index build:      13.3s  (one-time)
  Query (Stage-1):  3.22ms/query  (VDMS ANN)
  Rerank (Stage-2): 0.00ms/query  (DINOv2 numpy)
  Total latency:    3.25ms/query
  QPS:              308.0

[Results iter 20]
  Score (QPS [constrained]): 0.0000
  mAP (plain):       0.1251
  QPS:               307.99
  P@10:              0.3688
  nDCG@10:           0.3993

================================================================================
ITERATION 21/50 (OPTUNA)
================================================================================
[VDMS] Restarting for clean DB (iteration 21)...
[VDMS] Ready on port 55635
[VDMS] Restart complete.
  engine:       FaissHNSWFlat
  params:       {'M': 64, 'efConstruction': 200, 'efSearch': 32}
  k_neighbors:  1000
  alpha:        0.05
[OK] PMGD metadata loaded: 47776 images  (80 objects, 117 verbs)

[Iter 21] backbone=CLIP ViT-L/14  engine=FaissHNSWFlat params={'M': 64, 'efConstruction': 200, 'efSearch': 32} k=1000 alpha=0.05 n_refs=3 ref_strategy=centroid constraint=object
[Iter 21] Building CLIP_Set_21  (graph=yes)...
[OK] DescriptorSet 'CLIP_Set_21' created  dim=768  metric=L2
[GRAPH] PMGD metadata provided — storing object_id + verb_id per descriptor
Indexing 47,776 CLIP vectors  dim=768  set=CLIP_Set_21  (batch_properties=500, with metadata)...
  CLIP failures: 0/47776  (OK)
[OK] 'CLIP_Set_21' indexed  (13.3s)
[Iter 21] Index built in 13.3s
[Iter 21] Running 600 queries...
[TextDINO q0] HOI=motorcycle|race  CLIP=527 candidates  k=1000  alpha=0.05  constraint=object
[Iter 21] Timing breakdown:
  Index build:      13.3s  (one-time)
  Query (Stage-1):  135.22ms/query  (VDMS ANN)
  Rerank (Stage-2): 0.37ms/query  (DINOv2 numpy)
  Total latency:    135.73ms/query
  QPS:              7.4

[Results iter 21]
  Score (QPS [constrained]): 7.3675
  mAP (plain):       0.2267
  QPS:               7.37
  P@10:              0.3818
  nDCG@10:           0.4139

================================================================================
ITERATION 22/50 (OPTUNA)
================================================================================
[VDMS] Restarting for clean DB (iteration 22)...
[VDMS] Ready on port 55635
[VDMS] Restart complete.
  engine:       FaissHNSWFlat
  params:       {'M': 16, 'efConstruction': 200, 'efSearch': 32}
  k_neighbors:  50
  alpha:        0.55
[OK] PMGD metadata loaded: 47776 images  (80 objects, 117 verbs)

[Iter 22] backbone=CLIP ViT-L/14  engine=FaissHNSWFlat params={'M': 16, 'efConstruction': 200, 'efSearch': 32} k=50 alpha=0.55 n_refs=3 ref_strategy=centroid constraint=object
[Iter 22] Building CLIP_Set_22  (graph=yes)...
[OK] DescriptorSet 'CLIP_Set_22' created  dim=768  metric=L2
[GRAPH] PMGD metadata provided — storing object_id + verb_id per descriptor
Indexing 47,776 CLIP vectors  dim=768  set=CLIP_Set_22  (batch_properties=500, with metadata)...
  CLIP failures: 0/47776  (OK)
[OK] 'CLIP_Set_22' indexed  (13.3s)
[Iter 22] Index built in 13.3s
[Iter 22] Running 600 queries...
[TextDINO q0] HOI=motorcycle|race  CLIP=50 candidates  k=50  alpha=0.55  constraint=object
[Iter 22] Timing breakdown:
  Index build:      13.3s  (one-time)
  Query (Stage-1):  3.29ms/query  (VDMS ANN)
  Rerank (Stage-2): 0.11ms/query  (DINOv2 numpy)
  Total latency:    3.44ms/query
  QPS:              290.5

[Results iter 22]
  Score (QPS [constrained]): 290.4617
  mAP (plain):       0.1508
  QPS:               290.46
  P@10:              0.4213
  nDCG@10:           0.4704

================================================================================
ITERATION 23/50 (OPTUNA)
================================================================================
[VDMS] Restarting for clean DB (iteration 23)...
[VDMS] Ready on port 55635
[VDMS] Restart complete.
  engine:       FaissHNSWFlat
  params:       {'M': 16, 'efConstruction': 200, 'efSearch': 32}
  k_neighbors:  50
  alpha:        0.55
[OK] PMGD metadata loaded: 47776 images  (80 objects, 117 verbs)

[Iter 23] backbone=CLIP ViT-L/14  engine=FaissHNSWFlat params={'M': 16, 'efConstruction': 200, 'efSearch': 32} k=50 alpha=0.55 n_refs=3 ref_strategy=centroid constraint=object
[Iter 23] Building CLIP_Set_23  (graph=yes)...
[OK] DescriptorSet 'CLIP_Set_23' created  dim=768  metric=L2
[GRAPH] PMGD metadata provided — storing object_id + verb_id per descriptor
Indexing 47,776 CLIP vectors  dim=768  set=CLIP_Set_23  (batch_properties=500, with metadata)...
  CLIP failures: 0/47776  (OK)
[OK] 'CLIP_Set_23' indexed  (13.3s)
[Iter 23] Index built in 13.3s
[Iter 23] Running 600 queries...
[TextDINO q0] HOI=motorcycle|race  CLIP=50 candidates  k=50  alpha=0.55  constraint=object
[Iter 23] Timing breakdown:
  Index build:      13.3s  (one-time)
  Query (Stage-1):  3.22ms/query  (VDMS ANN)
  Rerank (Stage-2): 0.10ms/query  (DINOv2 numpy)
  Total latency:    3.36ms/query
  QPS:              298.1

[Results iter 23]
  Score (QPS [constrained]): 298.0509
  mAP (plain):       0.1511
  QPS:               298.05
  P@10:              0.4213
  nDCG@10:           0.4708

================================================================================
ITERATION 24/50 (OPTUNA)
================================================================================
[VDMS] Restarting for clean DB (iteration 24)...
[VDMS] Ready on port 55635
[VDMS] Restart complete.
  engine:       FaissHNSWFlat
  params:       {'M': 16, 'efConstruction': 200, 'efSearch': 150}
  k_neighbors:  50
  alpha:        0.40
[OK] PMGD metadata loaded: 47776 images  (80 objects, 117 verbs)

[Iter 24] backbone=CLIP ViT-L/14  engine=FaissHNSWFlat params={'M': 16, 'efConstruction': 200, 'efSearch': 150} k=50 alpha=0.40 n_refs=3 ref_strategy=centroid constraint=object
[Iter 24] Building CLIP_Set_24  (graph=yes)...
[OK] DescriptorSet 'CLIP_Set_24' created  dim=768  metric=L2
[GRAPH] PMGD metadata provided — storing object_id + verb_id per descriptor
Indexing 47,776 CLIP vectors  dim=768  set=CLIP_Set_24  (batch_properties=500, with metadata)...
  CLIP failures: 0/47776  (OK)
[OK] 'CLIP_Set_24' indexed  (13.2s)
[Iter 24] Index built in 13.3s
[Iter 24] Running 600 queries...
[TextDINO q0] HOI=motorcycle|race  CLIP=50 candidates  k=50  alpha=0.40  constraint=object
[Iter 24] Timing breakdown:
  Index build:      13.3s  (one-time)
  Query (Stage-1):  3.24ms/query  (VDMS ANN)
  Rerank (Stage-2): 0.10ms/query  (DINOv2 numpy)
  Total latency:    3.43ms/query
  QPS:              291.3

[Results iter 24]
  Score (QPS [constrained]): 0.0000
  mAP (plain):       0.1438
  QPS:               291.30
  P@10:              0.4105
  nDCG@10:           0.4481

================================================================================
ITERATION 25/50 (OPTUNA)
================================================================================
[VDMS] Restarting for clean DB (iteration 25)...
[VDMS] Ready on port 55635
[VDMS] Restart complete.
  engine:       FaissHNSWFlat
  params:       {'M': 32, 'efConstruction': 200, 'efSearch': 32}
  k_neighbors:  200
  alpha:        0.55

[Iter 25] backbone=CLIP ViT-L/14  engine=FaissHNSWFlat params={'M': 32, 'efConstruction': 200, 'efSearch': 32} k=200 alpha=0.55 n_refs=1 ref_strategy=centroid constraint=none
[Iter 25] Building CLIP_Set_25  (graph=no)...
[OK] DescriptorSet 'CLIP_Set_25' created  dim=768  metric=L2
Indexing 47,776 CLIP vectors  dim=768  set=CLIP_Set_25  (batch_properties=500)...
  CLIP failures: 0/47776  (OK)
[OK] 'CLIP_Set_25' indexed  (12.7s)
[Iter 25] Index built in 12.7s
[Iter 25] Running 600 queries...
[TextDINO q0] HOI=motorcycle|race  CLIP=200 candidates  k=200  alpha=0.55  constraint=none
[Iter 25] Timing breakdown:
  Index build:      12.7s  (one-time)
  Query (Stage-1):  17.63ms/query  (VDMS ANN)
  Rerank (Stage-2): 0.30ms/query  (DINOv2 numpy)
  Total latency:    18.02ms/query
  QPS:              55.5

[Results iter 25]
  Score (QPS [constrained]): 55.4835
  mAP (plain):       0.1851
  QPS:               55.48
  P@10:              0.3747
  nDCG@10:           0.4059

================================================================================
ITERATION 26/50 (OPTUNA)
================================================================================
[VDMS] Restarting for clean DB (iteration 26)...
[VDMS] Ready on port 55635
[VDMS] Restart complete.
  engine:       FaissHNSWFlat
  params:       {'M': 16, 'efConstruction': 200, 'efSearch': 100}
  k_neighbors:  50
  alpha:        0.60
[OK] PMGD metadata loaded: 47776 images  (80 objects, 117 verbs)

[Iter 26] backbone=CLIP ViT-L/14  engine=FaissHNSWFlat params={'M': 16, 'efConstruction': 200, 'efSearch': 100} k=50 alpha=0.60 n_refs=3 ref_strategy=first constraint=object
[Iter 26] Building CLIP_Set_26  (graph=yes)...
[OK] DescriptorSet 'CLIP_Set_26' created  dim=768  metric=L2
[GRAPH] PMGD metadata provided — storing object_id + verb_id per descriptor
Indexing 47,776 CLIP vectors  dim=768  set=CLIP_Set_26  (batch_properties=500, with metadata)...
  CLIP failures: 0/47776  (OK)
[OK] 'CLIP_Set_26' indexed  (13.2s)
[Iter 26] Index built in 13.3s
[Iter 26] Running 600 queries...
[TextDINO q0] HOI=motorcycle|race  CLIP=50 candidates  k=50  alpha=0.60  constraint=object
[Iter 26] Timing breakdown:
  Index build:      13.3s  (one-time)
  Query (Stage-1):  3.26ms/query  (VDMS ANN)
  Rerank (Stage-2): 0.11ms/query  (DINOv2 numpy)
  Total latency:    3.40ms/query
  QPS:              293.7

[Results iter 26]
  Score (QPS [constrained]): 293.7456
  mAP (plain):       0.1534
  QPS:               293.75
  P@10:              0.4293
  nDCG@10:           0.4776

================================================================================
ITERATION 27/50 (OPTUNA)
================================================================================
[VDMS] Restarting for clean DB (iteration 27)...
[VDMS] Ready on port 55635
[VDMS] Restart complete.
  engine:       FaissIVFFlat
  params:       {'nlist': 256, 'nprobe': 32}
  k_neighbors:  750
  alpha:        0.20
[OK] PMGD metadata loaded: 47776 images  (80 objects, 117 verbs)

[Iter 27] backbone=CLIP ViT-L/14  engine=FaissIVFFlat params={'nlist': 256, 'nprobe': 32} k=750 alpha=0.20 n_refs=3 ref_strategy=centroid constraint=object
[Iter 27] Building CLIP_Set_27  (graph=yes)...
[OK] DescriptorSet 'CLIP_Set_27' created  dim=768  metric=L2
[GRAPH] PMGD metadata provided — storing object_id + verb_id per descriptor
Indexing 47,776 CLIP vectors  dim=768  set=CLIP_Set_27  (batch_properties=500, with metadata)...
  CLIP failures: 0/47776  (OK)
[OK] 'CLIP_Set_27' indexed  (16.5s)
[Iter 27] Index built in 16.5s
[Iter 27] Running 600 queries...
[TextDINO q0] HOI=motorcycle|race  CLIP=0 candidates  k=750  alpha=0.20  constraint=object
[Iter 27] Timing breakdown:
  Index build:      16.5s  (one-time)
  Query (Stage-1):  0.31ms/query  (VDMS ANN)
  Rerank (Stage-2): 0.00ms/query  (DINOv2 numpy)
  Total latency:    0.32ms/query
  QPS:              3170.6

[Results iter 27]
  Score (QPS [constrained]): 0.0000
  mAP (plain):       0.0000
  QPS:               3170.61
  P@10:              0.0010
  nDCG@10:           0.0021

================================================================================
ITERATION 28/50 (OPTUNA)
================================================================================
[VDMS] Restarting for clean DB (iteration 28)...
[VDMS] Ready on port 55635
[VDMS] Restart complete.
  engine:       FaissHNSWFlat
  params:       {'M': 16, 'efConstruction': 200, 'efSearch': 300}
  k_neighbors:  50
  alpha:        0.55
[OK] PMGD metadata loaded: 47776 images  (80 objects, 117 verbs)

[Iter 28] backbone=CLIP ViT-L/14  engine=FaissHNSWFlat params={'M': 16, 'efConstruction': 200, 'efSearch': 300} k=50 alpha=0.55 n_refs=3 ref_strategy=centroid constraint=object
[Iter 28] Building CLIP_Set_28  (graph=yes)...
[OK] DescriptorSet 'CLIP_Set_28' created  dim=768  metric=L2
[GRAPH] PMGD metadata provided — storing object_id + verb_id per descriptor
Indexing 47,776 CLIP vectors  dim=768  set=CLIP_Set_28  (batch_properties=500, with metadata)...
  CLIP failures: 0/47776  (OK)
[OK] 'CLIP_Set_28' indexed  (13.3s)
[Iter 28] Index built in 13.3s
[Iter 28] Running 600 queries...
[TextDINO q0] HOI=motorcycle|race  CLIP=50 candidates  k=50  alpha=0.55  constraint=object
[Iter 28] Timing breakdown:
  Index build:      13.3s  (one-time)
  Query (Stage-1):  3.26ms/query  (VDMS ANN)
  Rerank (Stage-2): 0.11ms/query  (DINOv2 numpy)
  Total latency:    3.41ms/query
  QPS:              293.4

[Results iter 28]
  Score (QPS [constrained]): 293.4145
  mAP (plain):       0.1508
  QPS:               293.41
  P@10:              0.4213
  nDCG@10:           0.4704

================================================================================
ITERATION 29/50 (OPTUNA)
================================================================================
[VDMS] Restarting for clean DB (iteration 29)...
[VDMS] Ready on port 55635
[VDMS] Restart complete.
  engine:       FaissHNSWFlat
  params:       {'M': 16, 'efConstruction': 200, 'efSearch': 200}
  k_neighbors:  50
  alpha:        0.35
[OK] PMGD metadata loaded: 47776 images  (80 objects, 117 verbs)

[Iter 29] backbone=CLIP ViT-L/14  engine=FaissHNSWFlat params={'M': 16, 'efConstruction': 200, 'efSearch': 200} k=50 alpha=0.35 n_refs=3 ref_strategy=centroid constraint=object
[Iter 29] Building CLIP_Set_29  (graph=yes)...
[OK] DescriptorSet 'CLIP_Set_29' created  dim=768  metric=L2
[GRAPH] PMGD metadata provided — storing object_id + verb_id per descriptor
Indexing 47,776 CLIP vectors  dim=768  set=CLIP_Set_29  (batch_properties=500, with metadata)...
  CLIP failures: 0/47776  (OK)
[OK] 'CLIP_Set_29' indexed  (13.2s)
[Iter 29] Index built in 13.3s
[Iter 29] Running 600 queries...
[TextDINO q0] HOI=motorcycle|race  CLIP=50 candidates  k=50  alpha=0.35  constraint=object
[Iter 29] Timing breakdown:
  Index build:      13.3s  (one-time)
  Query (Stage-1):  3.22ms/query  (VDMS ANN)
  Rerank (Stage-2): 0.11ms/query  (DINOv2 numpy)
  Total latency:    3.35ms/query
  QPS:              298.1

[Results iter 29]
  Score (QPS [constrained]): 0.0000
  mAP (plain):       0.1416
  QPS:               298.09
  P@10:              0.4025
  nDCG@10:           0.4390

================================================================================
ITERATION 30/50 (OPTUNA)
================================================================================
[VDMS] Restarting for clean DB (iteration 30)...
[VDMS] Ready on port 55635
[VDMS] Restart complete.
  engine:       FaissHNSWFlat
  params:       {'M': 32, 'efConstruction': 200, 'efSearch': 150}
  k_neighbors:  150
  alpha:        0.55

[Iter 30] backbone=CLIP ViT-L/14  engine=FaissHNSWFlat params={'M': 32, 'efConstruction': 200, 'efSearch': 150} k=150 alpha=0.55 n_refs=1 ref_strategy=first constraint=none
[Iter 30] Building CLIP_Set_30  (graph=no)...
[OK] DescriptorSet 'CLIP_Set_30' created  dim=768  metric=L2
Indexing 47,776 CLIP vectors  dim=768  set=CLIP_Set_30  (batch_properties=500)...
  CLIP failures: 0/47776  (OK)
[OK] 'CLIP_Set_30' indexed  (12.7s)
[Iter 30] Index built in 12.8s
[Iter 30] Running 600 queries...
[TextDINO q0] HOI=motorcycle|race  CLIP=150 candidates  k=150  alpha=0.55  constraint=none
[Iter 30] Timing breakdown:
  Index build:      12.8s  (one-time)
  Query (Stage-1):  12.02ms/query  (VDMS ANN)
  Rerank (Stage-2): 0.23ms/query  (DINOv2 numpy)
  Total latency:    12.33ms/query
  QPS:              81.1

[Results iter 30]
  Score (QPS [constrained]): 81.0721
  mAP (plain):       0.1717
  QPS:               81.07
  P@10:              0.3717
  nDCG@10:           0.4024

================================================================================
ITERATION 31/50 (OPTUNA)
================================================================================
[VDMS] Restarting for clean DB (iteration 31)...
[VDMS] Ready on port 55635
[VDMS] Restart complete.
  engine:       FaissHNSWFlat
  params:       {'M': 16, 'efConstruction': 200, 'efSearch': 32}
  k_neighbors:  50
  alpha:        0.45
[OK] PMGD metadata loaded: 47776 images  (80 objects, 117 verbs)

[Iter 31] backbone=CLIP ViT-L/14  engine=FaissHNSWFlat params={'M': 16, 'efConstruction': 200, 'efSearch': 32} k=50 alpha=0.45 n_refs=5 ref_strategy=centroid constraint=object_and_verb
[Iter 31] Building CLIP_Set_31  (graph=yes)...
[OK] DescriptorSet 'CLIP_Set_31' created  dim=768  metric=L2
[GRAPH] PMGD metadata provided — storing object_id + verb_id per descriptor
Indexing 47,776 CLIP vectors  dim=768  set=CLIP_Set_31  (batch_properties=500, with metadata)...
  CLIP failures: 0/47776  (OK)
[OK] 'CLIP_Set_31' indexed  (13.2s)
[Iter 31] Index built in 13.3s
[Iter 31] Running 600 queries...
[TextDINO q0] HOI=motorcycle|race  CLIP=17 candidates  k=50  alpha=0.45  constraint=object_and_verb
[Iter 31] Timing breakdown:
  Index build:      13.3s  (one-time)
  Query (Stage-1):  2.56ms/query  (VDMS ANN)
  Rerank (Stage-2): 0.04ms/query  (DINOv2 numpy)
  Total latency:    2.61ms/query
  QPS:              383.3

[Results iter 31]
  Score (QPS [constrained]): 0.0000
  mAP (plain):       0.1307
  QPS:               383.30
  P@10:              0.4330
  nDCG@10:           0.5098

================================================================================
ITERATION 32/50 (OPTUNA)
================================================================================
[VDMS] Restarting for clean DB (iteration 32)...
[VDMS] Ready on port 55635
[VDMS] Restart complete.
  engine:       FaissHNSWFlat
  params:       {'M': 16, 'efConstruction': 200, 'efSearch': 32}
  k_neighbors:  50
  alpha:        0.55
[OK] PMGD metadata loaded: 47776 images  (80 objects, 117 verbs)

[Iter 32] backbone=CLIP ViT-L/14  engine=FaissHNSWFlat params={'M': 16, 'efConstruction': 200, 'efSearch': 32} k=50 alpha=0.55 n_refs=3 ref_strategy=centroid constraint=object
[Iter 32] Building CLIP_Set_32  (graph=yes)...
[OK] DescriptorSet 'CLIP_Set_32' created  dim=768  metric=L2
[GRAPH] PMGD metadata provided — storing object_id + verb_id per descriptor
Indexing 47,776 CLIP vectors  dim=768  set=CLIP_Set_32  (batch_properties=500, with metadata)...
  CLIP failures: 0/47776  (OK)
[OK] 'CLIP_Set_32' indexed  (13.2s)
[Iter 32] Index built in 13.3s
[Iter 32] Running 600 queries...
[TextDINO q0] HOI=motorcycle|race  CLIP=50 candidates  k=50  alpha=0.55  constraint=object
[Iter 32] Timing breakdown:
  Index build:      13.3s  (one-time)
  Query (Stage-1):  3.19ms/query  (VDMS ANN)
  Rerank (Stage-2): 0.11ms/query  (DINOv2 numpy)
  Total latency:    3.33ms/query
  QPS:              300.7

[Results iter 32]
  Score (QPS [constrained]): 300.7363
  mAP (plain):       0.1511
  QPS:               300.74
  P@10:              0.4217
  nDCG@10:           0.4711

================================================================================
ITERATION 33/50 (OPTUNA)
================================================================================
[VDMS] Restarting for clean DB (iteration 33)...
[VDMS] Ready on port 55635
[VDMS] Restart complete.
  engine:       FaissHNSWFlat
  params:       {'M': 16, 'efConstruction': 200, 'efSearch': 32}
  k_neighbors:  1000
  alpha:        0.55
[OK] PMGD metadata loaded: 47776 images  (80 objects, 117 verbs)

[Iter 33] backbone=CLIP ViT-L/14  engine=FaissHNSWFlat params={'M': 16, 'efConstruction': 200, 'efSearch': 32} k=1000 alpha=0.55 n_refs=3 ref_strategy=centroid constraint=object
[Iter 33] Building CLIP_Set_33  (graph=yes)...
[OK] DescriptorSet 'CLIP_Set_33' created  dim=768  metric=L2
[GRAPH] PMGD metadata provided — storing object_id + verb_id per descriptor
Indexing 47,776 CLIP vectors  dim=768  set=CLIP_Set_33  (batch_properties=500, with metadata)...
  CLIP failures: 0/47776  (OK)
[OK] 'CLIP_Set_33' indexed  (13.3s)
[Iter 33] Index built in 13.3s
[Iter 33] Running 600 queries...
[TextDINO q0] HOI=motorcycle|race  CLIP=527 candidates  k=1000  alpha=0.55  constraint=object
[Iter 33] Timing breakdown:
  Index build:      13.3s  (one-time)
  Query (Stage-1):  130.74ms/query  (VDMS ANN)
  Rerank (Stage-2): 0.38ms/query  (DINOv2 numpy)
  Total latency:    131.30ms/query
  QPS:              7.6

[Results iter 33]
  Score (QPS [constrained]): 7.6162
  mAP (plain):       0.2882
  QPS:               7.62
  P@10:              0.4888
  nDCG@10:           0.5637

================================================================================
ITERATION 34/50 (OPTUNA)
================================================================================
[VDMS] Restarting for clean DB (iteration 34)...
[VDMS] Ready on port 55635
[VDMS] Restart complete.
  engine:       FaissHNSWFlat
  params:       {'M': 16, 'efConstruction': 200, 'efSearch': 32}
  k_neighbors:  50
  alpha:        0.30
[OK] PMGD metadata loaded: 47776 images  (80 objects, 117 verbs)

[Iter 34] backbone=CLIP ViT-L/14  engine=FaissHNSWFlat params={'M': 16, 'efConstruction': 200, 'efSearch': 32} k=50 alpha=0.30 n_refs=3 ref_strategy=centroid constraint=object
[Iter 34] Building CLIP_Set_34  (graph=yes)...
[OK] DescriptorSet 'CLIP_Set_34' created  dim=768  metric=L2
[GRAPH] PMGD metadata provided — storing object_id + verb_id per descriptor
Indexing 47,776 CLIP vectors  dim=768  set=CLIP_Set_34  (batch_properties=500, with metadata)...
  CLIP failures: 0/47776  (OK)
[OK] 'CLIP_Set_34' indexed  (13.3s)
[Iter 34] Index built in 13.3s
[Iter 34] Running 600 queries...
[TextDINO q0] HOI=motorcycle|race  CLIP=50 candidates  k=50  alpha=0.30  constraint=object
[Iter 34] Timing breakdown:
  Index build:      13.3s  (one-time)
  Query (Stage-1):  3.32ms/query  (VDMS ANN)
  Rerank (Stage-2): 0.11ms/query  (DINOv2 numpy)
  Total latency:    3.45ms/query
  QPS:              289.7

[Results iter 34]
  Score (QPS [constrained]): 0.0000
  mAP (plain):       0.1392
  QPS:               289.65
  P@10:              0.3975
  nDCG@10:           0.4325

================================================================================
ITERATION 35/50 (OPTUNA)
================================================================================
[VDMS] Restarting for clean DB (iteration 35)...
[VDMS] Ready on port 55635
[VDMS] Restart complete.
  engine:       FaissHNSWFlat
  params:       {'M': 64, 'efConstruction': 200, 'efSearch': 32}
  k_neighbors:  150
  alpha:        0.70
[OK] PMGD metadata loaded: 47776 images  (80 objects, 117 verbs)

[Iter 35] backbone=CLIP ViT-L/14  engine=FaissHNSWFlat params={'M': 64, 'efConstruction': 200, 'efSearch': 32} k=150 alpha=0.70 n_refs=3 ref_strategy=centroid constraint=object_and_verb
[Iter 35] Building CLIP_Set_35  (graph=yes)...
[OK] DescriptorSet 'CLIP_Set_35' created  dim=768  metric=L2
[GRAPH] PMGD metadata provided — storing object_id + verb_id per descriptor
Indexing 47,776 CLIP vectors  dim=768  set=CLIP_Set_35  (batch_properties=500, with metadata)...
  CLIP failures: 0/47776  (OK)
[OK] 'CLIP_Set_35' indexed  (13.2s)
[Iter 35] Index built in 13.3s
[Iter 35] Running 600 queries...
[TextDINO q0] HOI=motorcycle|race  CLIP=45 candidates  k=150  alpha=0.70  constraint=object_and_verb
[Iter 35] Timing breakdown:
  Index build:      13.3s  (one-time)
  Query (Stage-1):  9.23ms/query  (VDMS ANN)
  Rerank (Stage-2): 0.06ms/query  (DINOv2 numpy)
  Total latency:    9.31ms/query
  QPS:              107.4

[Results iter 35]
  Score (QPS [constrained]): 107.4257
  mAP (plain):       0.2137
  QPS:               107.43
  P@10:              0.5528
  nDCG@10:           0.6297

================================================================================
ITERATION 36/50 (OPTUNA)
================================================================================
[VDMS] Restarting for clean DB (iteration 36)...
[VDMS] Ready on port 55635
[VDMS] Restart complete.
  engine:       FaissIVFFlat
  params:       {'nlist': 512, 'nprobe': 16}
  k_neighbors:  50
  alpha:        0.80
[OK] PMGD metadata loaded: 47776 images  (80 objects, 117 verbs)

[Iter 36] backbone=CLIP ViT-L/14  engine=FaissIVFFlat params={'nlist': 512, 'nprobe': 16} k=50 alpha=0.80 n_refs=5 ref_strategy=diverse constraint=object
[Iter 36] Building CLIP_Set_36  (graph=yes)...
[OK] DescriptorSet 'CLIP_Set_36' created  dim=768  metric=L2
[GRAPH] PMGD metadata provided — storing object_id + verb_id per descriptor
Indexing 47,776 CLIP vectors  dim=768  set=CLIP_Set_36  (batch_properties=500, with metadata)...
  CLIP failures: 0/47776  (OK)
[OK] 'CLIP_Set_36' indexed  (16.5s)
[Iter 36] Index built in 16.5s
[Iter 36] Running 600 queries...
[TextDINO q0] HOI=motorcycle|race  CLIP=0 candidates  k=50  alpha=0.80  constraint=object
[Iter 36] Timing breakdown:
  Index build:      16.5s  (one-time)
  Query (Stage-1):  0.29ms/query  (VDMS ANN)
  Rerank (Stage-2): 0.00ms/query  (DINOv2 numpy)
  Total latency:    0.31ms/query
  QPS:              3219.0

[Results iter 36]
  Score (QPS [constrained]): 0.0000
  mAP (plain):       0.0000
  QPS:               3218.96
  P@10:              0.0010
  nDCG@10:           0.0021

================================================================================
ITERATION 37/50 (OPTUNA)
================================================================================
[VDMS] Restarting for clean DB (iteration 37)...
[VDMS] Ready on port 55635
[VDMS] Restart complete.
  engine:       FaissHNSWFlat
  params:       {'M': 16, 'efConstruction': 200, 'efSearch': 150}
  k_neighbors:  200
  alpha:        0.55
[OK] PMGD metadata loaded: 47776 images  (80 objects, 117 verbs)

[Iter 37] backbone=CLIP ViT-L/14  engine=FaissHNSWFlat params={'M': 16, 'efConstruction': 200, 'efSearch': 150} k=200 alpha=0.55 n_refs=3 ref_strategy=centroid constraint=object
[Iter 37] Building CLIP_Set_37  (graph=yes)...
[OK] DescriptorSet 'CLIP_Set_37' created  dim=768  metric=L2
[GRAPH] PMGD metadata provided — storing object_id + verb_id per descriptor
Indexing 47,776 CLIP vectors  dim=768  set=CLIP_Set_37  (batch_properties=500, with metadata)...
  CLIP failures: 0/47776  (OK)
[OK] 'CLIP_Set_37' indexed  (13.3s)
[Iter 37] Index built in 13.3s
[Iter 37] Running 600 queries...
[TextDINO q0] HOI=motorcycle|race  CLIP=199 candidates  k=200  alpha=0.55  constraint=object
[Iter 37] Timing breakdown:
  Index build:      13.3s  (one-time)
  Query (Stage-1):  16.69ms/query  (VDMS ANN)
  Rerank (Stage-2): 0.31ms/query  (DINOv2 numpy)
  Total latency:    17.08ms/query
  QPS:              58.6

[Results iter 37]
  Score (QPS [constrained]): 58.5599
  mAP (plain):       0.2419
  QPS:               58.56
  P@10:              0.4622
  nDCG@10:           0.5247

================================================================================
ITERATION 38/50 (OPTUNA)
================================================================================
[VDMS] Restarting for clean DB (iteration 38)...
[VDMS] Ready on port 55635
[VDMS] Restart complete.
  engine:       FaissHNSWFlat
  params:       {'M': 8, 'efConstruction': 200, 'efSearch': 32}
  k_neighbors:  300
  alpha:        0.10
[OK] PMGD metadata loaded: 47776 images  (80 objects, 117 verbs)

[Iter 38] backbone=CLIP ViT-L/14  engine=FaissHNSWFlat params={'M': 8, 'efConstruction': 200, 'efSearch': 32} k=300 alpha=0.10 n_refs=1 ref_strategy=centroid constraint=object_and_verb
[Iter 38] Building CLIP_Set_38  (graph=yes)...
[OK] DescriptorSet 'CLIP_Set_38' created  dim=768  metric=L2
[GRAPH] PMGD metadata provided — storing object_id + verb_id per descriptor
Indexing 47,776 CLIP vectors  dim=768  set=CLIP_Set_38  (batch_properties=500, with metadata)...
  CLIP failures: 0/47776  (OK)
[OK] 'CLIP_Set_38' indexed  (13.2s)
[Iter 38] Index built in 13.3s
[Iter 38] Running 600 queries...
[TextDINO q0] HOI=motorcycle|race  CLIP=74 candidates  k=300  alpha=0.10  constraint=object_and_verb
[Iter 38] Timing breakdown:
  Index build:      13.3s  (one-time)
  Query (Stage-1):  25.53ms/query  (VDMS ANN)
  Rerank (Stage-2): 0.07ms/query  (DINOv2 numpy)
  Total latency:    25.64ms/query
  QPS:              39.0

[Results iter 38]
  Score (QPS [constrained]): 38.9987
  mAP (plain):       0.2704
  QPS:               39.00
  P@10:              0.6162
  nDCG@10:           0.6861

================================================================================
ITERATION 39/50 (OPTUNA)
================================================================================
[VDMS] Restarting for clean DB (iteration 39)...
[VDMS] Ready on port 55635
[VDMS] Restart complete.
  engine:       FaissIVFFlat
  params:       {'nlist': 256, 'nprobe': 4}
  k_neighbors:  500
  alpha:        0.85

[Iter 39] backbone=CLIP ViT-L/14  engine=FaissIVFFlat params={'nlist': 256, 'nprobe': 4} k=500 alpha=0.85 n_refs=5 ref_strategy=diverse constraint=none
[Iter 39] Building CLIP_Set_39  (graph=no)...
[OK] DescriptorSet 'CLIP_Set_39' created  dim=768  metric=L2
Indexing 47,776 CLIP vectors  dim=768  set=CLIP_Set_39  (batch_properties=500)...
  CLIP failures: 0/47776  (OK)
[OK] 'CLIP_Set_39' indexed  (15.7s)
[Iter 39] Index built in 15.7s
[Iter 39] Running 600 queries...
[TextDINO q0] HOI=motorcycle|race  CLIP=5 candidates  k=500  alpha=0.85  constraint=none
[Iter 39] Timing breakdown:
  Index build:      15.7s  (one-time)
  Query (Stage-1):  0.41ms/query  (VDMS ANN)
  Rerank (Stage-2): 0.04ms/query  (DINOv2 numpy)
  Total latency:    0.46ms/query
  QPS:              2194.1

[Results iter 39]
  Score (QPS [constrained]): 0.0000
  mAP (plain):       0.0000
  QPS:               2194.08
  P@10:              0.0010
  nDCG@10:           0.0019

================================================================================
ITERATION 40/50 (OPTUNA)
================================================================================
[VDMS] Restarting for clean DB (iteration 40)...
[VDMS] Ready on port 55635
[VDMS] Restart complete.
  engine:       FaissHNSWFlat
  params:       {'M': 16, 'efConstruction': 200, 'efSearch': 32}
  k_neighbors:  750
  alpha:        0.75
[OK] PMGD metadata loaded: 47776 images  (80 objects, 117 verbs)

[Iter 40] backbone=CLIP ViT-L/14  engine=FaissHNSWFlat params={'M': 16, 'efConstruction': 200, 'efSearch': 32} k=750 alpha=0.75 n_refs=3 ref_strategy=centroid constraint=object
[Iter 40] Building CLIP_Set_40  (graph=yes)...
[OK] DescriptorSet 'CLIP_Set_40' created  dim=768  metric=L2
[GRAPH] PMGD metadata provided — storing object_id + verb_id per descriptor
Indexing 47,776 CLIP vectors  dim=768  set=CLIP_Set_40  (batch_properties=500, with metadata)...
  CLIP failures: 0/47776  (OK)
[OK] 'CLIP_Set_40' indexed  (13.3s)
[Iter 40] Index built in 13.3s
[Iter 40] Running 600 queries...
[TextDINO q0] HOI=motorcycle|race  CLIP=528 candidates  k=750  alpha=0.75  constraint=object
[Iter 40] Timing breakdown:
  Index build:      13.3s  (one-time)
  Query (Stage-1):  111.17ms/query  (VDMS ANN)
  Rerank (Stage-2): 0.38ms/query  (DINOv2 numpy)
  Total latency:    111.72ms/query
  QPS:              9.0

[Results iter 40]
  Score (QPS [constrained]): 8.9508
  mAP (plain):       0.2930
  QPS:               8.95
  P@10:              0.4977
  nDCG@10:           0.5853

================================================================================
ITERATION 41/50 (OPTUNA)
================================================================================
[VDMS] Restarting for clean DB (iteration 41)...
[VDMS] Ready on port 55635
[VDMS] Restart complete.
  engine:       FaissIVFFlat
  params:       {'nlist': 512, 'nprobe': 32}
  k_neighbors:  50
  alpha:        0.25
[OK] PMGD metadata loaded: 47776 images  (80 objects, 117 verbs)

[Iter 41] backbone=CLIP ViT-L/14  engine=FaissIVFFlat params={'nlist': 512, 'nprobe': 32} k=50 alpha=0.25 n_refs=3 ref_strategy=centroid constraint=object
[Iter 41] Building CLIP_Set_41  (graph=yes)...
[OK] DescriptorSet 'CLIP_Set_41' created  dim=768  metric=L2
[GRAPH] PMGD metadata provided — storing object_id + verb_id per descriptor
Indexing 47,776 CLIP vectors  dim=768  set=CLIP_Set_41  (batch_properties=500, with metadata)...
  CLIP failures: 0/47776  (OK)
[OK] 'CLIP_Set_41' indexed  (16.4s)
[Iter 41] Index built in 16.4s
[Iter 41] Running 600 queries...
[TextDINO q0] HOI=motorcycle|race  CLIP=0 candidates  k=50  alpha=0.25  constraint=object
[Iter 41] Timing breakdown:
  Index build:      16.4s  (one-time)
  Query (Stage-1):  0.29ms/query  (VDMS ANN)
  Rerank (Stage-2): 0.00ms/query  (DINOv2 numpy)
  Total latency:    0.31ms/query
  QPS:              3186.3

[Results iter 41]
  Score (QPS [constrained]): 0.0000
  mAP (plain):       0.0000
  QPS:               3186.33
  P@10:              0.0010
  nDCG@10:           0.0021

================================================================================
ITERATION 42/50 (OPTUNA)
================================================================================
[VDMS] Restarting for clean DB (iteration 42)...
[VDMS] Ready on port 55635
[VDMS] Restart complete.
  engine:       FaissHNSWFlat
  params:       {'M': 16, 'efConstruction': 200, 'efSearch': 32}
  k_neighbors:  50
  alpha:        0.55
[OK] PMGD metadata loaded: 47776 images  (80 objects, 117 verbs)

[Iter 42] backbone=CLIP ViT-L/14  engine=FaissHNSWFlat params={'M': 16, 'efConstruction': 200, 'efSearch': 32} k=50 alpha=0.55 n_refs=3 ref_strategy=centroid constraint=object
[Iter 42] Building CLIP_Set_42  (graph=yes)...
[OK] DescriptorSet 'CLIP_Set_42' created  dim=768  metric=L2
[GRAPH] PMGD metadata provided — storing object_id + verb_id per descriptor
Indexing 47,776 CLIP vectors  dim=768  set=CLIP_Set_42  (batch_properties=500, with metadata)...
  CLIP failures: 0/47776  (OK)
[OK] 'CLIP_Set_42' indexed  (13.2s)
[Iter 42] Index built in 13.3s
[Iter 42] Running 600 queries...
[TextDINO q0] HOI=motorcycle|race  CLIP=50 candidates  k=50  alpha=0.55  constraint=object
[Iter 42] Timing breakdown:
  Index build:      13.3s  (one-time)
  Query (Stage-1):  3.30ms/query  (VDMS ANN)
  Rerank (Stage-2): 0.11ms/query  (DINOv2 numpy)
  Total latency:    3.43ms/query
  QPS:              291.4

[Results iter 42]
  Score (QPS [constrained]): 291.3695
  mAP (plain):       0.1508
  QPS:               291.37
  P@10:              0.4213
  nDCG@10:           0.4704

================================================================================
ITERATION 43/50 (OPTUNA)
================================================================================
[VDMS] Restarting for clean DB (iteration 43)...
[VDMS] Ready on port 55635
[VDMS] Restart complete.
  engine:       FaissHNSWFlat
  params:       {'M': 16, 'efConstruction': 200, 'efSearch': 64}
  k_neighbors:  50
  alpha:        0.55
[OK] PMGD metadata loaded: 47776 images  (80 objects, 117 verbs)

[Iter 43] backbone=CLIP ViT-L/14  engine=FaissHNSWFlat params={'M': 16, 'efConstruction': 200, 'efSearch': 64} k=50 alpha=0.55 n_refs=3 ref_strategy=centroid constraint=object
[Iter 43] Building CLIP_Set_43  (graph=yes)...
[OK] DescriptorSet 'CLIP_Set_43' created  dim=768  metric=L2
[GRAPH] PMGD metadata provided — storing object_id + verb_id per descriptor
Indexing 47,776 CLIP vectors  dim=768  set=CLIP_Set_43  (batch_properties=500, with metadata)...
  CLIP failures: 0/47776  (OK)
[OK] 'CLIP_Set_43' indexed  (13.2s)
[Iter 43] Index built in 13.3s
[Iter 43] Running 600 queries...
[TextDINO q0] HOI=motorcycle|race  CLIP=50 candidates  k=50  alpha=0.55  constraint=object
[Iter 43] Timing breakdown:
  Index build:      13.3s  (one-time)
  Query (Stage-1):  3.27ms/query  (VDMS ANN)
  Rerank (Stage-2): 0.11ms/query  (DINOv2 numpy)
  Total latency:    3.43ms/query
  QPS:              291.8

[Results iter 43]
  Score (QPS [constrained]): 291.8440
  mAP (plain):       0.1508
  QPS:               291.84
  P@10:              0.4215
  nDCG@10:           0.4705

================================================================================
ITERATION 44/50 (OPTUNA)
================================================================================
[VDMS] Restarting for clean DB (iteration 44)...
[VDMS] Ready on port 55635
[VDMS] Restart complete.
  engine:       FaissHNSWFlat
  params:       {'M': 16, 'efConstruction': 200, 'efSearch': 32}
  k_neighbors:  50
  alpha:        0.55
[OK] PMGD metadata loaded: 47776 images  (80 objects, 117 verbs)

[Iter 44] backbone=CLIP ViT-L/14  engine=FaissHNSWFlat params={'M': 16, 'efConstruction': 200, 'efSearch': 32} k=50 alpha=0.55 n_refs=3 ref_strategy=centroid constraint=object
[Iter 44] Building CLIP_Set_44  (graph=yes)...
[OK] DescriptorSet 'CLIP_Set_44' created  dim=768  metric=L2
[GRAPH] PMGD metadata provided — storing object_id + verb_id per descriptor
Indexing 47,776 CLIP vectors  dim=768  set=CLIP_Set_44  (batch_properties=500, with metadata)...
  CLIP failures: 0/47776  (OK)
[OK] 'CLIP_Set_44' indexed  (13.3s)
[Iter 44] Index built in 13.3s
[Iter 44] Running 600 queries...
[TextDINO q0] HOI=motorcycle|race  CLIP=50 candidates  k=50  alpha=0.55  constraint=object
[Iter 44] Timing breakdown:
  Index build:      13.3s  (one-time)
  Query (Stage-1):  3.24ms/query  (VDMS ANN)
  Rerank (Stage-2): 0.11ms/query  (DINOv2 numpy)
  Total latency:    3.37ms/query
  QPS:              296.7

[Results iter 44]
  Score (QPS [constrained]): 296.7205
  mAP (plain):       0.1508
  QPS:               296.72
  P@10:              0.4212
  nDCG@10:           0.4702

================================================================================
ITERATION 45/50 (OPTUNA)
================================================================================
[VDMS] Restarting for clean DB (iteration 45)...
[VDMS] Ready on port 55635
[VDMS] Restart complete.
  engine:       FaissHNSWFlat
  params:       {'M': 16, 'efConstruction': 200, 'efSearch': 64}
  k_neighbors:  300
  alpha:        0.90
[OK] PMGD metadata loaded: 47776 images  (80 objects, 117 verbs)

[Iter 45] backbone=CLIP ViT-L/14  engine=FaissHNSWFlat params={'M': 16, 'efConstruction': 200, 'efSearch': 64} k=300 alpha=0.90 n_refs=3 ref_strategy=centroid constraint=object
[Iter 45] Building CLIP_Set_45  (graph=yes)...
[OK] DescriptorSet 'CLIP_Set_45' created  dim=768  metric=L2
[GRAPH] PMGD metadata provided — storing object_id + verb_id per descriptor
Indexing 47,776 CLIP vectors  dim=768  set=CLIP_Set_45  (batch_properties=500, with metadata)...
  CLIP failures: 0/47776  (OK)
[OK] 'CLIP_Set_45' indexed  (13.2s)
[Iter 45] Index built in 13.3s
[Iter 45] Running 600 queries...
[TextDINO q0] HOI=motorcycle|race  CLIP=296 candidates  k=300  alpha=0.90  constraint=object
[Iter 45] Timing breakdown:
  Index build:      13.3s  (one-time)
  Query (Stage-1):  29.72ms/query  (VDMS ANN)
  Rerank (Stage-2): 0.29ms/query  (DINOv2 numpy)
  Total latency:    30.10ms/query
  QPS:              33.2

[Results iter 45]
  Score (QPS [constrained]): 33.2276
  mAP (plain):       0.2731
  QPS:               33.23
  P@10:              0.4848
  nDCG@10:           0.5725

================================================================================
ITERATION 46/50 (OPTUNA)
================================================================================
[VDMS] Restarting for clean DB (iteration 46)...
[VDMS] Ready on port 55635
[VDMS] Restart complete.
  engine:       FaissHNSWFlat
  params:       {'M': 16, 'efConstruction': 200, 'efSearch': 32}
  k_neighbors:  50
  alpha:        0.60
[OK] PMGD metadata loaded: 47776 images  (80 objects, 117 verbs)

[Iter 46] backbone=CLIP ViT-L/14  engine=FaissHNSWFlat params={'M': 16, 'efConstruction': 200, 'efSearch': 32} k=50 alpha=0.60 n_refs=10 ref_strategy=first constraint=object
[Iter 46] Building CLIP_Set_46  (graph=yes)...
[OK] DescriptorSet 'CLIP_Set_46' created  dim=768  metric=L2
[GRAPH] PMGD metadata provided — storing object_id + verb_id per descriptor
Indexing 47,776 CLIP vectors  dim=768  set=CLIP_Set_46  (batch_properties=500, with metadata)...
  CLIP failures: 0/47776  (OK)
[OK] 'CLIP_Set_46' indexed  (13.3s)
[Iter 46] Index built in 13.4s
[Iter 46] Running 600 queries...
[TextDINO q0] HOI=motorcycle|race  CLIP=50 candidates  k=50  alpha=0.60  constraint=object
[Iter 46] Timing breakdown:
  Index build:      13.4s  (one-time)
  Query (Stage-1):  3.36ms/query  (VDMS ANN)
  Rerank (Stage-2): 0.11ms/query  (DINOv2 numpy)
  Total latency:    3.49ms/query
  QPS:              286.4

[Results iter 46]
  Score (QPS [constrained]): 286.4207
  mAP (plain):       0.1609
  QPS:               286.42
  P@10:              0.4483
  nDCG@10:           0.4963

================================================================================
ITERATION 47/50 (OPTUNA)
================================================================================
[VDMS] Restarting for clean DB (iteration 47)...
[VDMS] Ready on port 55635
[VDMS] Restart complete.
  engine:       FaissHNSWFlat
  params:       {'M': 8, 'efConstruction': 200, 'efSearch': 150}
  k_neighbors:  500
  alpha:        0.05
[OK] PMGD metadata loaded: 47776 images  (80 objects, 117 verbs)

[Iter 47] backbone=CLIP ViT-L/14  engine=FaissHNSWFlat params={'M': 8, 'efConstruction': 200, 'efSearch': 150} k=500 alpha=0.05 n_refs=3 ref_strategy=diverse constraint=object
[Iter 47] Building CLIP_Set_47  (graph=yes)...
[OK] DescriptorSet 'CLIP_Set_47' created  dim=768  metric=L2
[GRAPH] PMGD metadata provided — storing object_id + verb_id per descriptor
Indexing 47,776 CLIP vectors  dim=768  set=CLIP_Set_47  (batch_properties=500, with metadata)...
  CLIP failures: 0/47776  (OK)
[OK] 'CLIP_Set_47' indexed  (13.3s)
[Iter 47] Index built in 13.3s
[Iter 47] Running 600 queries...
[TextDINO q0] HOI=motorcycle|race  CLIP=477 candidates  k=500  alpha=0.05  constraint=object
[Iter 47] Timing breakdown:
  Index build:      13.3s  (one-time)
  Query (Stage-1):  63.54ms/query  (VDMS ANN)
  Rerank (Stage-2): 0.35ms/query  (DINOv2 numpy)
  Total latency:    64.05ms/query
  QPS:              15.6

[Results iter 47]
  Score (QPS [constrained]): 15.6120
  mAP (plain):       0.2228
  QPS:               15.61
  P@10:              0.3797
  nDCG@10:           0.4110

================================================================================
ITERATION 48/50 (OPTUNA)
================================================================================
[VDMS] Restarting for clean DB (iteration 48)...
[VDMS] Ready on port 55635
[VDMS] Restart complete.
  engine:       FaissHNSWFlat
  params:       {'M': 32, 'efConstruction': 200, 'efSearch': 200}
  k_neighbors:  100
  alpha:        0.15
[OK] PMGD metadata loaded: 47776 images  (80 objects, 117 verbs)

[Iter 48] backbone=CLIP ViT-L/14  engine=FaissHNSWFlat params={'M': 32, 'efConstruction': 200, 'efSearch': 200} k=100 alpha=0.15 n_refs=1 ref_strategy=centroid constraint=object_and_verb
[Iter 48] Building CLIP_Set_48  (graph=yes)...
[OK] DescriptorSet 'CLIP_Set_48' created  dim=768  metric=L2
[GRAPH] PMGD metadata provided — storing object_id + verb_id per descriptor
Indexing 47,776 CLIP vectors  dim=768  set=CLIP_Set_48  (batch_properties=500, with metadata)...
  CLIP failures: 0/47776  (OK)
[OK] 'CLIP_Set_48' indexed  (13.3s)
[Iter 48] Index built in 13.3s
[Iter 48] Running 600 queries...
[TextDINO q0] HOI=motorcycle|race  CLIP=30 candidates  k=100  alpha=0.15  constraint=object_and_verb
[Iter 48] Timing breakdown:
  Index build:      13.3s  (one-time)
  Query (Stage-1):  5.42ms/query  (VDMS ANN)
  Rerank (Stage-2): 0.05ms/query  (DINOv2 numpy)
  Total latency:    5.48ms/query
  QPS:              182.3

[Results iter 48]
  Score (QPS [constrained]): 182.3477
  mAP (plain):       0.1783
  QPS:               182.35
  P@10:              0.5083
  nDCG@10:           0.5858

================================================================================
ITERATION 49/50 (OPTUNA)
================================================================================
[VDMS] Restarting for clean DB (iteration 49)...
[VDMS] Ready on port 55635
[VDMS] Restart complete.
  engine:       FaissHNSWFlat
  params:       {'M': 16, 'efConstruction': 200, 'efSearch': 100}
  k_neighbors:  1000
  alpha:        0.00
[OK] PMGD metadata loaded: 47776 images  (80 objects, 117 verbs)

[Iter 49] backbone=CLIP ViT-L/14  engine=FaissHNSWFlat params={'M': 16, 'efConstruction': 200, 'efSearch': 100} k=1000 alpha=0.00 n_refs=5 ref_strategy=centroid constraint=verb
[Iter 49] Building CLIP_Set_49  (graph=yes)...
[OK] DescriptorSet 'CLIP_Set_49' created  dim=768  metric=L2
[GRAPH] PMGD metadata provided — storing object_id + verb_id per descriptor
Indexing 47,776 CLIP vectors  dim=768  set=CLIP_Set_49  (batch_properties=500, with metadata)...
  CLIP failures: 0/47776  (OK)
[OK] 'CLIP_Set_49' indexed  (13.3s)
[Iter 49] Index built in 13.3s
[Iter 49] Running 600 queries...
[TextDINO q0] HOI=motorcycle|race  CLIP=107 candidates  k=1000  alpha=0.00  constraint=verb
[Iter 49] Timing breakdown:
  Index build:      13.3s  (one-time)
  Query (Stage-1):  137.29ms/query  (VDMS ANN)
  Rerank (Stage-2): 0.00ms/query  (DINOv2 numpy)
  Total latency:    137.34ms/query
  QPS:              7.3

[Results iter 49]
  Score (QPS [constrained]): 7.2810
  mAP (plain):       0.2645
  QPS:               7.28
  P@10:              0.5728
  nDCG@10:           0.6337

================================================================================
ITERATION 50/50 (OPTUNA)
================================================================================
[VDMS] Restarting for clean DB (iteration 50)...
[VDMS] Ready on port 55635
[VDMS] Restart complete.
  engine:       FaissIVFFlat
  params:       {'nlist': 256, 'nprobe': 16}
  k_neighbors:  150
  alpha:        0.65

[Iter 50] backbone=CLIP ViT-L/14  engine=FaissIVFFlat params={'nlist': 256, 'nprobe': 16} k=150 alpha=0.65 n_refs=3 ref_strategy=centroid constraint=none
[Iter 50] Building CLIP_Set_50  (graph=no)...
[OK] DescriptorSet 'CLIP_Set_50' created  dim=768  metric=L2
Indexing 47,776 CLIP vectors  dim=768  set=CLIP_Set_50  (batch_properties=500)...
  CLIP failures: 0/47776  (OK)
[OK] 'CLIP_Set_50' indexed  (16.4s)
[Iter 50] Index built in 16.5s
[Iter 50] Running 600 queries...
[TextDINO q0] HOI=motorcycle|race  CLIP=5 candidates  k=150  alpha=0.65  constraint=none
[Iter 50] Timing breakdown:
  Index build:      16.5s  (one-time)
  Query (Stage-1):  0.40ms/query  (VDMS ANN)
  Rerank (Stage-2): 0.03ms/query  (DINOv2 numpy)
  Total latency:    0.44ms/query
  QPS:              2263.9

[Results iter 50]
  Score (QPS [constrained]): 0.0000
  mAP (plain):       0.0000
  QPS:               2263.89
  P@10:              0.0010
  nDCG@10:           0.0018

================================================================================
OPTIMIZATION COMPLETE
================================================================================
Best Score:  300.7363
Best mAP:    0.1511
Best QPS:    300.74
Best Config: {'engine': 'FaissHNSWFlat', 'params': {'M': 16, 'efConstruction': 200, 'efSearch': 32}, 'k_neighbors': 50, 'alpha': 0.55, 'n_refs': 3, 'ref_strategy': 'centroid', 'constraint_strategy': 'object', '_iter': 32}

[OK] Results saved to /work/hdd/bdjd/vdms_workflow/semantic_vdms/FINAL_RESULTS/hico_det/results/optuna_seed99.json
Finished: Thu Apr 23 11:30:16 CDT 2026  Exit: 0  Output: /work/hdd/bdjd/vdms_workflow/semantic_vdms/FINAL_RESULTS/hico_det/results/optuna_seed99.json
