===== Optuna TPE rerun seed=42 =====
Job: 17820270  Node: gpub034.delta.ncsa.illinois.edu  Started: Thu Apr 23 15:44:07 CDT 2026
Usage:
  apptainer [global options...] instance stop [stop options...] [instance]

Run 'apptainer --help' for more detailed usage information.
[VDMS] Ready on port 55634
[Score] Constrained objective: Score = QPS  if mAP ≥ 0.150 else 0
Starting optuna optimization. Iterations: 50, Seed: 42

================================================================================
ITERATION 1/50 (OPTUNA)
================================================================================
  engine:       FaissIVFFlat
  params:       {'nlist': 64, 'nprobe': 8}
  k_neighbors:  50
  alpha:        0.75
[GEOM] SPM-VLAD-SIFT (1×1+2×2+1×3=8 cells, bbox-crop, PCA-512)  shape=(47776, 512)
[OK] HICO-DET loaded: 47776 images
     Geom  (47776, 512)  (SPM-VLAD-SIFT (1×1+2×2+1×3=8 cells, bbox-crop, PCA-512))
     Deep  (47776, 1024)  (DINOv2 ViT-L/14-reg4 HOI-crop  1024-d)
     Deep norms: 1.000000 ± 0.000000
     HOI categories: 600
     Images/HOI: min=6  max=1844  mean=151.1
[OK] HOI queries built: 600 queries  (skipped 0 HOIs with < 6 images)
     Relevant/query: min=5  max=1843  mean=150.1
[Cache] HICO-DET loaded (CLIP ViT-L/14): clip_db=(47776, 768)  dinov2_db=(47776, 1024)  text_q=(600, 768)  queries=600

[Iter 1] backbone=CLIP ViT-L/14  engine=FaissIVFFlat params={'nlist': 64, 'nprobe': 8} k=50 alpha=0.75 n_refs=1 ref_strategy=centroid constraint=none
[Iter 1] Building CLIP_Set_1  (graph=no)...
[OK] DescriptorSet 'CLIP_Set_1' created  dim=768  metric=L2
Indexing 47,776 CLIP vectors  dim=768  set=CLIP_Set_1  (batch_properties=500)...
  CLIP failures: 0/47776  (OK)
[OK] 'CLIP_Set_1' indexed  (16.3s)
[Iter 1] Index built in 16.3s
[Iter 1] Running 600 queries...
[TextDINO q0] HOI=motorcycle|race  CLIP=5 candidates  k=50  alpha=0.75  constraint=none
[Iter 1] Timing breakdown:
  Index build:      16.3s  (one-time)
  Query (Stage-1):  0.41ms/query  (VDMS ANN)
  Rerank (Stage-2): 0.28ms/query  (DINOv2 numpy)
  Total latency:    0.70ms/query
  QPS:              1436.9

[Results iter 1]
  Score (QPS [constrained]): 0.0000
  mAP (plain):       0.0000
  QPS:               1436.88
  P@10:              0.0010
  nDCG@10:           0.0015

================================================================================
ITERATION 2/50 (OPTUNA)
================================================================================
[VDMS] Restarting for clean DB (iteration 2)...
[VDMS] Ready on port 55634
[VDMS] Restart complete.
  engine:       FaissIVFFlat
  params:       {'nlist': 128, 'nprobe': 4}
  k_neighbors:  150
  alpha:        0.05

[Iter 2] backbone=CLIP ViT-L/14  engine=FaissIVFFlat params={'nlist': 128, 'nprobe': 4} k=150 alpha=0.05 n_refs=3 ref_strategy=centroid constraint=none
[Iter 2] Building CLIP_Set_2  (graph=no)...
[OK] DescriptorSet 'CLIP_Set_2' created  dim=768  metric=L2
Indexing 47,776 CLIP vectors  dim=768  set=CLIP_Set_2  (batch_properties=500)...
  CLIP failures: 0/47776  (OK)
[OK] 'CLIP_Set_2' indexed  (16.0s)
[Iter 2] Index built in 16.0s
[Iter 2] Running 600 queries...
[TextDINO q0] HOI=motorcycle|race  CLIP=5 candidates  k=150  alpha=0.05  constraint=none
[Iter 2] Timing breakdown:
  Index build:      16.0s  (one-time)
  Query (Stage-1):  0.40ms/query  (VDMS ANN)
  Rerank (Stage-2): 0.03ms/query  (DINOv2 numpy)
  Total latency:    0.44ms/query
  QPS:              2258.4

[Results iter 2]
  Score (QPS [constrained]): 0.0000
  mAP (plain):       0.0000
  QPS:               2258.39
  P@10:              0.0010
  nDCG@10:           0.0020

================================================================================
ITERATION 3/50 (OPTUNA)
================================================================================
[VDMS] Restarting for clean DB (iteration 3)...
[VDMS] Ready on port 55634
[VDMS] Restart complete.
  engine:       FaissIVFFlat
  params:       {'nlist': 128, 'nprobe': 4}
  k_neighbors:  200
  alpha:        0.85
[OK] PMGD metadata loaded: 47776 images  (80 objects, 117 verbs)

[Iter 3] backbone=CLIP ViT-L/14  engine=FaissIVFFlat params={'nlist': 128, 'nprobe': 4} k=200 alpha=0.85 n_refs=10 ref_strategy=first constraint=object_and_verb
[Iter 3] Building CLIP_Set_3  (graph=yes)...
[OK] DescriptorSet 'CLIP_Set_3' created  dim=768  metric=L2
[GRAPH] PMGD metadata provided — storing object_id + verb_id per descriptor
Indexing 47,776 CLIP vectors  dim=768  set=CLIP_Set_3  (batch_properties=500, with metadata)...
  CLIP failures: 0/47776  (OK)
[OK] 'CLIP_Set_3' indexed  (16.3s)
[Iter 3] Index built in 16.4s
[Iter 3] Running 600 queries...
[TextDINO q0] HOI=motorcycle|race  CLIP=0 candidates  k=200  alpha=0.85  constraint=object_and_verb
[Iter 3] Timing breakdown:
  Index build:      16.4s  (one-time)
  Query (Stage-1):  0.32ms/query  (VDMS ANN)
  Rerank (Stage-2): 0.00ms/query  (DINOv2 numpy)
  Total latency:    0.33ms/query
  QPS:              3060.2

[Results iter 3]
  Score (QPS [constrained]): 0.0000
  mAP (plain):       0.0000
  QPS:               3060.18
  P@10:              0.0008
  nDCG@10:           0.0017

================================================================================
ITERATION 4/50 (OPTUNA)
================================================================================
[VDMS] Restarting for clean DB (iteration 4)...
[VDMS] Ready on port 55634
[VDMS] Restart complete.
  engine:       FaissHNSWFlat
  params:       {'M': 16, 'efConstruction': 200, 'efSearch': 32}
  k_neighbors:  300
  alpha:        0.45
[OK] PMGD metadata loaded: 47776 images  (80 objects, 117 verbs)

[Iter 4] backbone=CLIP ViT-L/14  engine=FaissHNSWFlat params={'M': 16, 'efConstruction': 200, 'efSearch': 32} k=300 alpha=0.45 n_refs=10 ref_strategy=first constraint=verb
[Iter 4] Building CLIP_Set_4  (graph=yes)...
[OK] DescriptorSet 'CLIP_Set_4' created  dim=768  metric=L2
[GRAPH] PMGD metadata provided — storing object_id + verb_id per descriptor
Indexing 47,776 CLIP vectors  dim=768  set=CLIP_Set_4  (batch_properties=500, with metadata)...
  CLIP failures: 0/47776  (OK)
[OK] 'CLIP_Set_4' indexed  (13.4s)
[Iter 4] Index built in 13.5s
[Iter 4] Running 600 queries...
[TextDINO q0] HOI=motorcycle|race  CLIP=74 candidates  k=300  alpha=0.45  constraint=verb
[Iter 4] Timing breakdown:
  Index build:      13.5s  (one-time)
  Query (Stage-1):  26.33ms/query  (VDMS ANN)
  Rerank (Stage-2): 0.09ms/query  (DINOv2 numpy)
  Total latency:    26.44ms/query
  QPS:              37.8

[Results iter 4]
  Score (QPS [constrained]): 37.8153
  mAP (plain):       0.2591
  QPS:               37.82
  P@10:              0.5810
  nDCG@10:           0.6487

================================================================================
ITERATION 5/50 (OPTUNA)
================================================================================
[VDMS] Restarting for clean DB (iteration 5)...
[VDMS] Ready on port 55634
[VDMS] Restart complete.
  engine:       FaissHNSWFlat
  params:       {'M': 32, 'efConstruction': 200, 'efSearch': 300}
  k_neighbors:  750
  alpha:        0.25

[Iter 5] backbone=CLIP ViT-L/14  engine=FaissHNSWFlat params={'M': 32, 'efConstruction': 200, 'efSearch': 300} k=750 alpha=0.25 n_refs=3 ref_strategy=centroid constraint=none
[Iter 5] Building CLIP_Set_5  (graph=no)...
[OK] DescriptorSet 'CLIP_Set_5' created  dim=768  metric=L2
Indexing 47,776 CLIP vectors  dim=768  set=CLIP_Set_5  (batch_properties=500)...
  CLIP failures: 0/47776  (OK)
[OK] 'CLIP_Set_5' indexed  (12.8s)
[Iter 5] Index built in 12.9s
[Iter 5] Running 600 queries...
[TextDINO q0] HOI=motorcycle|race  CLIP=700 candidates  k=750  alpha=0.25  constraint=none
[Iter 5] Timing breakdown:
  Index build:      12.9s  (one-time)
  Query (Stage-1):  121.90ms/query  (VDMS ANN)
  Rerank (Stage-2): 1.94ms/query  (DINOv2 numpy)
  Total latency:    124.15ms/query
  QPS:              8.1

[Results iter 5]
  Score (QPS [constrained]): 8.0547
  mAP (plain):       0.2379
  QPS:               8.05
  P@10:              0.4142
  nDCG@10:           0.4591

================================================================================
ITERATION 6/50 (OPTUNA)
================================================================================
[VDMS] Restarting for clean DB (iteration 6)...
[VDMS] Ready on port 55634
[VDMS] Restart complete.
  engine:       FaissIVFFlat
  params:       {'nlist': 512, 'nprobe': 64}
  k_neighbors:  150
  alpha:        0.15

[Iter 6] backbone=CLIP ViT-L/14  engine=FaissIVFFlat params={'nlist': 512, 'nprobe': 64} k=150 alpha=0.15 n_refs=10 ref_strategy=diverse constraint=none
[Iter 6] Building CLIP_Set_6  (graph=no)...
[OK] DescriptorSet 'CLIP_Set_6' created  dim=768  metric=L2
Indexing 47,776 CLIP vectors  dim=768  set=CLIP_Set_6  (batch_properties=500)...
  CLIP failures: 0/47776  (OK)
[OK] 'CLIP_Set_6' indexed  (16.4s)
[Iter 6] Index built in 16.4s
[Iter 6] Running 600 queries...
[TextDINO q0] HOI=motorcycle|race  CLIP=5 candidates  k=150  alpha=0.15  constraint=none
[Iter 6] Timing breakdown:
  Index build:      16.4s  (one-time)
  Query (Stage-1):  0.40ms/query  (VDMS ANN)
  Rerank (Stage-2): 0.04ms/query  (DINOv2 numpy)
  Total latency:    0.45ms/query
  QPS:              2244.8

[Results iter 6]
  Score (QPS [constrained]): 0.0000
  mAP (plain):       0.0000
  QPS:               2244.80
  P@10:              0.0010
  nDCG@10:           0.0020

================================================================================
ITERATION 7/50 (OPTUNA)
================================================================================
[VDMS] Restarting for clean DB (iteration 7)...
[VDMS] Ready on port 55634
[VDMS] Restart complete.
  engine:       FaissIVFFlat
  params:       {'nlist': 512, 'nprobe': 16}
  k_neighbors:  150
  alpha:        0.25
[OK] PMGD metadata loaded: 47776 images  (80 objects, 117 verbs)

[Iter 7] backbone=CLIP ViT-L/14  engine=FaissIVFFlat params={'nlist': 512, 'nprobe': 16} k=150 alpha=0.25 n_refs=5 ref_strategy=centroid constraint=object
[Iter 7] Building CLIP_Set_7  (graph=yes)...
[OK] DescriptorSet 'CLIP_Set_7' created  dim=768  metric=L2
[GRAPH] PMGD metadata provided — storing object_id + verb_id per descriptor
Indexing 47,776 CLIP vectors  dim=768  set=CLIP_Set_7  (batch_properties=500, with metadata)...
  CLIP failures: 0/47776  (OK)
[OK] 'CLIP_Set_7' indexed  (16.3s)
[Iter 7] Index built in 16.3s
[Iter 7] Running 600 queries...
[TextDINO q0] HOI=motorcycle|race  CLIP=0 candidates  k=150  alpha=0.25  constraint=object
[Iter 7] Timing breakdown:
  Index build:      16.3s  (one-time)
  Query (Stage-1):  0.29ms/query  (VDMS ANN)
  Rerank (Stage-2): 0.00ms/query  (DINOv2 numpy)
  Total latency:    0.31ms/query
  QPS:              3201.8

[Results iter 7]
  Score (QPS [constrained]): 0.0000
  mAP (plain):       0.0000
  QPS:               3201.80
  P@10:              0.0010
  nDCG@10:           0.0021

================================================================================
ITERATION 8/50 (OPTUNA)
================================================================================
[VDMS] Restarting for clean DB (iteration 8)...
[VDMS] Ready on port 55634
[VDMS] Restart complete.
  engine:       FaissHNSWFlat
  params:       {'M': 8, 'efConstruction': 200, 'efSearch': 100}
  k_neighbors:  200
  alpha:        0.60
[OK] PMGD metadata loaded: 47776 images  (80 objects, 117 verbs)

[Iter 8] backbone=CLIP ViT-L/14  engine=FaissHNSWFlat params={'M': 8, 'efConstruction': 200, 'efSearch': 100} k=200 alpha=0.60 n_refs=1 ref_strategy=centroid constraint=verb
[Iter 8] Building CLIP_Set_8  (graph=yes)...
[OK] DescriptorSet 'CLIP_Set_8' created  dim=768  metric=L2
[GRAPH] PMGD metadata provided — storing object_id + verb_id per descriptor
Indexing 47,776 CLIP vectors  dim=768  set=CLIP_Set_8  (batch_properties=500, with metadata)...
  CLIP failures: 0/47776  (OK)
[OK] 'CLIP_Set_8' indexed  (13.4s)
[Iter 8] Index built in 13.5s
[Iter 8] Running 600 queries...
[TextDINO q0] HOI=motorcycle|race  CLIP=54 candidates  k=200  alpha=0.60  constraint=verb
[Iter 8] Timing breakdown:
  Index build:      13.5s  (one-time)
  Query (Stage-1):  13.92ms/query  (VDMS ANN)
  Rerank (Stage-2): 0.07ms/query  (DINOv2 numpy)
  Total latency:    14.01ms/query
  QPS:              71.4

[Results iter 8]
  Score (QPS [constrained]): 71.3712
  mAP (plain):       0.2254
  QPS:               71.37
  P@10:              0.5447
  nDCG@10:           0.6115

================================================================================
ITERATION 9/50 (OPTUNA)
================================================================================
[VDMS] Restarting for clean DB (iteration 9)...
[VDMS] Ready on port 55634
[VDMS] Restart complete.
  engine:       FaissHNSWFlat
  params:       {'M': 32, 'efConstruction': 200, 'efSearch': 200}
  k_neighbors:  500
  alpha:        0.90
[OK] PMGD metadata loaded: 47776 images  (80 objects, 117 verbs)

[Iter 9] backbone=CLIP ViT-L/14  engine=FaissHNSWFlat params={'M': 32, 'efConstruction': 200, 'efSearch': 200} k=500 alpha=0.90 n_refs=10 ref_strategy=first constraint=object
[Iter 9] Building CLIP_Set_9  (graph=yes)...
[OK] DescriptorSet 'CLIP_Set_9' created  dim=768  metric=L2
[GRAPH] PMGD metadata provided — storing object_id + verb_id per descriptor
Indexing 47,776 CLIP vectors  dim=768  set=CLIP_Set_9  (batch_properties=500, with metadata)...
  CLIP failures: 0/47776  (OK)
[OK] 'CLIP_Set_9' indexed  (13.3s)
[Iter 9] Index built in 13.4s
[Iter 9] Running 600 queries...
[TextDINO q0] HOI=motorcycle|race  CLIP=477 candidates  k=500  alpha=0.90  constraint=object
[Iter 9] Timing breakdown:
  Index build:      13.4s  (one-time)
  Query (Stage-1):  63.97ms/query  (VDMS ANN)
  Rerank (Stage-2): 0.44ms/query  (DINOv2 numpy)
  Total latency:    64.53ms/query
  QPS:              15.5

[Results iter 9]
  Score (QPS [constrained]): 15.4977
  mAP (plain):       0.3125
  QPS:               15.50
  P@10:              0.5330
  nDCG@10:           0.6040

================================================================================
ITERATION 10/50 (OPTUNA)
================================================================================
[VDMS] Restarting for clean DB (iteration 10)...
[VDMS] Ready on port 55634
[VDMS] Restart complete.
  engine:       FaissHNSWFlat
  params:       {'M': 8, 'efConstruction': 200, 'efSearch': 200}
  k_neighbors:  300
  alpha:        0.00
[OK] PMGD metadata loaded: 47776 images  (80 objects, 117 verbs)

[Iter 10] backbone=CLIP ViT-L/14  engine=FaissHNSWFlat params={'M': 8, 'efConstruction': 200, 'efSearch': 200} k=300 alpha=0.00 n_refs=5 ref_strategy=centroid constraint=verb
[Iter 10] Building CLIP_Set_10  (graph=yes)...
[OK] DescriptorSet 'CLIP_Set_10' created  dim=768  metric=L2
[GRAPH] PMGD metadata provided — storing object_id + verb_id per descriptor
Indexing 47,776 CLIP vectors  dim=768  set=CLIP_Set_10  (batch_properties=500, with metadata)...
  CLIP failures: 0/47776  (OK)
[OK] 'CLIP_Set_10' indexed  (13.3s)
[Iter 10] Index built in 13.4s
[Iter 10] Running 600 queries...
[TextDINO q0] HOI=motorcycle|race  CLIP=74 candidates  k=300  alpha=0.00  constraint=verb
[Iter 10] Timing breakdown:
  Index build:      13.4s  (one-time)
  Query (Stage-1):  25.49ms/query  (VDMS ANN)
  Rerank (Stage-2): 0.00ms/query  (DINOv2 numpy)
  Total latency:    25.53ms/query
  QPS:              39.2

[Results iter 10]
  Score (QPS [constrained]): 39.1684
  mAP (plain):       0.2435
  QPS:               39.17
  P@10:              0.5555
  nDCG@10:           0.6167

================================================================================
ITERATION 11/50 (OPTUNA)
================================================================================
[VDMS] Restarting for clean DB (iteration 11)...
[VDMS] Ready on port 55634
[VDMS] Restart complete.
  engine:       FaissHNSWFlat
  params:       {'M': 8, 'efConstruction': 200, 'efSearch': 100}
  k_neighbors:  200
  alpha:        0.60
[OK] PMGD metadata loaded: 47776 images  (80 objects, 117 verbs)

[Iter 11] backbone=CLIP ViT-L/14  engine=FaissHNSWFlat params={'M': 8, 'efConstruction': 200, 'efSearch': 100} k=200 alpha=0.60 n_refs=1 ref_strategy=diverse constraint=verb
[Iter 11] Building CLIP_Set_11  (graph=yes)...
[OK] DescriptorSet 'CLIP_Set_11' created  dim=768  metric=L2
[GRAPH] PMGD metadata provided — storing object_id + verb_id per descriptor
Indexing 47,776 CLIP vectors  dim=768  set=CLIP_Set_11  (batch_properties=500, with metadata)...
  CLIP failures: 0/47776  (OK)
[OK] 'CLIP_Set_11' indexed  (13.3s)
[Iter 11] Index built in 13.3s
[Iter 11] Running 600 queries...
[TextDINO q0] HOI=motorcycle|race  CLIP=54 candidates  k=200  alpha=0.60  constraint=verb
[Iter 11] Timing breakdown:
  Index build:      13.3s  (one-time)
  Query (Stage-1):  13.99ms/query  (VDMS ANN)
  Rerank (Stage-2): 0.07ms/query  (DINOv2 numpy)
  Total latency:    14.08ms/query
  QPS:              71.0

[Results iter 11]
  Score (QPS [constrained]): 71.0157
  mAP (plain):       0.2255
  QPS:               71.02
  P@10:              0.5447
  nDCG@10:           0.6117

================================================================================
ITERATION 12/50 (OPTUNA)
================================================================================
[VDMS] Restarting for clean DB (iteration 12)...
[VDMS] Ready on port 55634
[VDMS] Restart complete.
[Optuna Dedup] Attempt 1: duplicate, told score=71.0, retrying...
[Optuna Dedup] Attempt 2: duplicate, told score=71.0, retrying...
  engine:       FaissHNSWFlat
  params:       {'M': 64, 'efConstruction': 200, 'efSearch': 150}
  k_neighbors:  100
  alpha:        0.80
[OK] PMGD metadata loaded: 47776 images  (80 objects, 117 verbs)

[Iter 12] backbone=CLIP ViT-L/14  engine=FaissHNSWFlat params={'M': 64, 'efConstruction': 200, 'efSearch': 150} k=100 alpha=0.80 n_refs=1 ref_strategy=diverse constraint=verb
[Iter 12] Building CLIP_Set_12  (graph=yes)...
[OK] DescriptorSet 'CLIP_Set_12' created  dim=768  metric=L2
[GRAPH] PMGD metadata provided — storing object_id + verb_id per descriptor
Indexing 47,776 CLIP vectors  dim=768  set=CLIP_Set_12  (batch_properties=500, with metadata)...
  CLIP failures: 0/47776  (OK)
[OK] 'CLIP_Set_12' indexed  (13.3s)
[Iter 12] Index built in 13.3s
[Iter 12] Running 600 queries...
[TextDINO q0] HOI=motorcycle|race  CLIP=30 candidates  k=100  alpha=0.80  constraint=verb
[Iter 12] Timing breakdown:
  Index build:      13.3s  (one-time)
  Query (Stage-1):  5.34ms/query  (VDMS ANN)
  Rerank (Stage-2): 0.05ms/query  (DINOv2 numpy)
  Total latency:    5.42ms/query
  QPS:              184.5

[Results iter 12]
  Score (QPS [constrained]): 184.5381
  mAP (plain):       0.1697
  QPS:               184.54
  P@10:              0.4838
  nDCG@10:           0.5527

================================================================================
ITERATION 13/50 (OPTUNA)
================================================================================
[VDMS] Restarting for clean DB (iteration 13)...
[VDMS] Ready on port 55634
[VDMS] Restart complete.
  engine:       FaissHNSWFlat
  params:       {'M': 64, 'efConstruction': 200, 'efSearch': 150}
  k_neighbors:  100
  alpha:        0.80
[OK] PMGD metadata loaded: 47776 images  (80 objects, 117 verbs)

[Iter 13] backbone=CLIP ViT-L/14  engine=FaissHNSWFlat params={'M': 64, 'efConstruction': 200, 'efSearch': 150} k=100 alpha=0.80 n_refs=1 ref_strategy=diverse constraint=object_and_verb
[Iter 13] Building CLIP_Set_13  (graph=yes)...
[OK] DescriptorSet 'CLIP_Set_13' created  dim=768  metric=L2
[GRAPH] PMGD metadata provided — storing object_id + verb_id per descriptor
Indexing 47,776 CLIP vectors  dim=768  set=CLIP_Set_13  (batch_properties=500, with metadata)...
  CLIP failures: 0/47776  (OK)
[OK] 'CLIP_Set_13' indexed  (13.3s)
[Iter 13] Index built in 13.4s
[Iter 13] Running 600 queries...
[TextDINO q0] HOI=motorcycle|race  CLIP=30 candidates  k=100  alpha=0.80  constraint=object_and_verb
[Iter 13] Timing breakdown:
  Index build:      13.4s  (one-time)
  Query (Stage-1):  5.42ms/query  (VDMS ANN)
  Rerank (Stage-2): 0.04ms/query  (DINOv2 numpy)
  Total latency:    5.48ms/query
  QPS:              182.6

[Results iter 13]
  Score (QPS [constrained]): 182.6039
  mAP (plain):       0.1783
  QPS:               182.60
  P@10:              0.5083
  nDCG@10:           0.5857

================================================================================
ITERATION 14/50 (OPTUNA)
================================================================================
[VDMS] Restarting for clean DB (iteration 14)...
[VDMS] Ready on port 55634
[VDMS] Restart complete.
[Optuna Dedup] Attempt 1: duplicate, told score=182.6, retrying...
[Optuna Dedup] Attempt 2: duplicate, told score=182.6, retrying...
  engine:       FaissHNSWFlat
  params:       {'M': 64, 'efConstruction': 200, 'efSearch': 64}
  k_neighbors:  1000
  alpha:        0.55
[OK] PMGD metadata loaded: 47776 images  (80 objects, 117 verbs)

[Iter 14] backbone=CLIP ViT-L/14  engine=FaissHNSWFlat params={'M': 64, 'efConstruction': 200, 'efSearch': 64} k=1000 alpha=0.55 n_refs=1 ref_strategy=diverse constraint=object_and_verb
[Iter 14] Building CLIP_Set_14  (graph=yes)...
[OK] DescriptorSet 'CLIP_Set_14' created  dim=768  metric=L2
[GRAPH] PMGD metadata provided — storing object_id + verb_id per descriptor
Indexing 47,776 CLIP vectors  dim=768  set=CLIP_Set_14  (batch_properties=500, with metadata)...
  CLIP failures: 0/47776  (OK)
[OK] 'CLIP_Set_14' indexed  (13.2s)
[Iter 14] Index built in 13.3s
[Iter 14] Running 600 queries...
[TextDINO q0] HOI=motorcycle|race  CLIP=106 candidates  k=1000  alpha=0.55  constraint=object_and_verb
[Iter 14] Timing breakdown:
  Index build:      13.3s  (one-time)
  Query (Stage-1):  137.50ms/query  (VDMS ANN)
  Rerank (Stage-2): 0.07ms/query  (DINOv2 numpy)
  Total latency:    137.60ms/query
  QPS:              7.3

[Results iter 14]
  Score (QPS [constrained]): 7.2673
  mAP (plain):       0.3013
  QPS:               7.27
  P@10:              0.6475
  nDCG@10:           0.7158

================================================================================
ITERATION 15/50 (OPTUNA)
================================================================================
[VDMS] Restarting for clean DB (iteration 15)...
[VDMS] Ready on port 55634
[VDMS] Restart complete.
  engine:       FaissHNSWFlat
  params:       {'M': 48, 'efConstruction': 200, 'efSearch': 500}
  k_neighbors:  100
  alpha:        0.20
[OK] PMGD metadata loaded: 47776 images  (80 objects, 117 verbs)

[Iter 15] backbone=CLIP ViT-L/14  engine=FaissHNSWFlat params={'M': 48, 'efConstruction': 200, 'efSearch': 500} k=100 alpha=0.20 n_refs=5 ref_strategy=diverse constraint=object_and_verb
[Iter 15] Building CLIP_Set_15  (graph=yes)...
[OK] DescriptorSet 'CLIP_Set_15' created  dim=768  metric=L2
[GRAPH] PMGD metadata provided — storing object_id + verb_id per descriptor
Indexing 47,776 CLIP vectors  dim=768  set=CLIP_Set_15  (batch_properties=500, with metadata)...
  CLIP failures: 0/47776  (OK)
[OK] 'CLIP_Set_15' indexed  (13.3s)
[Iter 15] Index built in 13.3s
[Iter 15] Running 600 queries...
[TextDINO q0] HOI=motorcycle|race  CLIP=30 candidates  k=100  alpha=0.20  constraint=object_and_verb
[Iter 15] Timing breakdown:
  Index build:      13.3s  (one-time)
  Query (Stage-1):  5.41ms/query  (VDMS ANN)
  Rerank (Stage-2): 0.04ms/query  (DINOv2 numpy)
  Total latency:    5.47ms/query
  QPS:              182.8

[Results iter 15]
  Score (QPS [constrained]): 182.7733
  mAP (plain):       0.1783
  QPS:               182.77
  P@10:              0.5083
  nDCG@10:           0.5859

================================================================================
ITERATION 16/50 (OPTUNA)
================================================================================
[VDMS] Restarting for clean DB (iteration 16)...
[VDMS] Ready on port 55634
[VDMS] Restart complete.
  engine:       FaissHNSWFlat
  params:       {'M': 48, 'efConstruction': 200, 'efSearch': 500}
  k_neighbors:  100
  alpha:        0.20
[OK] PMGD metadata loaded: 47776 images  (80 objects, 117 verbs)

[Iter 16] backbone=CLIP ViT-L/14  engine=FaissHNSWFlat params={'M': 48, 'efConstruction': 200, 'efSearch': 500} k=100 alpha=0.20 n_refs=5 ref_strategy=diverse constraint=object
[Iter 16] Building CLIP_Set_16  (graph=yes)...
[OK] DescriptorSet 'CLIP_Set_16' created  dim=768  metric=L2
[GRAPH] PMGD metadata provided — storing object_id + verb_id per descriptor
Indexing 47,776 CLIP vectors  dim=768  set=CLIP_Set_16  (batch_properties=500, with metadata)...
  CLIP failures: 0/47776  (OK)
[OK] 'CLIP_Set_16' indexed  (13.2s)
[Iter 16] Index built in 13.2s
[Iter 16] Running 600 queries...
[TextDINO q0] HOI=motorcycle|race  CLIP=100 candidates  k=100  alpha=0.20  constraint=object
[Iter 16] Timing breakdown:
  Index build:      13.2s  (one-time)
  Query (Stage-1):  6.98ms/query  (VDMS ANN)
  Rerank (Stage-2): 0.13ms/query  (DINOv2 numpy)
  Total latency:    7.17ms/query
  QPS:              139.4

[Results iter 16]
  Score (QPS [constrained]): 139.4148
  mAP (plain):       0.1697
  QPS:               139.41
  P@10:              0.3918
  nDCG@10:           0.4269

================================================================================
ITERATION 17/50 (OPTUNA)
================================================================================
[VDMS] Restarting for clean DB (iteration 17)...
[VDMS] Ready on port 55634
[VDMS] Restart complete.
  engine:       FaissHNSWFlat
  params:       {'M': 48, 'efConstruction': 200, 'efSearch': 500}
  k_neighbors:  100
  alpha:        0.65
[OK] PMGD metadata loaded: 47776 images  (80 objects, 117 verbs)

[Iter 17] backbone=CLIP ViT-L/14  engine=FaissHNSWFlat params={'M': 48, 'efConstruction': 200, 'efSearch': 500} k=100 alpha=0.65 n_refs=5 ref_strategy=diverse constraint=object_and_verb
[Iter 17] Building CLIP_Set_17  (graph=yes)...
[OK] DescriptorSet 'CLIP_Set_17' created  dim=768  metric=L2
[GRAPH] PMGD metadata provided — storing object_id + verb_id per descriptor
Indexing 47,776 CLIP vectors  dim=768  set=CLIP_Set_17  (batch_properties=500, with metadata)...
  CLIP failures: 0/47776  (OK)
[OK] 'CLIP_Set_17' indexed  (14.0s)
[Iter 17] Index built in 14.1s
[Iter 17] Running 600 queries...
[TextDINO q0] HOI=motorcycle|race  CLIP=30 candidates  k=100  alpha=0.65  constraint=object_and_verb
[Iter 17] Timing breakdown:
  Index build:      14.1s  (one-time)
  Query (Stage-1):  5.51ms/query  (VDMS ANN)
  Rerank (Stage-2): 0.04ms/query  (DINOv2 numpy)
  Total latency:    5.57ms/query
  QPS:              179.5

[Results iter 17]
  Score (QPS [constrained]): 179.5464
  mAP (plain):       0.1783
  QPS:               179.55
  P@10:              0.5083
  nDCG@10:           0.5861

================================================================================
ITERATION 18/50 (OPTUNA)
================================================================================
[VDMS] Restarting for clean DB (iteration 18)...
[VDMS] Ready on port 55634
[VDMS] Restart complete.
  engine:       FaissHNSWFlat
  params:       {'M': 64, 'efConstruction': 200, 'efSearch': 150}
  k_neighbors:  100
  alpha:        0.80
[OK] PMGD metadata loaded: 47776 images  (80 objects, 117 verbs)

[Iter 18] backbone=CLIP ViT-L/14  engine=FaissHNSWFlat params={'M': 64, 'efConstruction': 200, 'efSearch': 150} k=100 alpha=0.80 n_refs=5 ref_strategy=diverse constraint=object_and_verb
[Iter 18] Building CLIP_Set_18  (graph=yes)...
[OK] DescriptorSet 'CLIP_Set_18' created  dim=768  metric=L2
[GRAPH] PMGD metadata provided — storing object_id + verb_id per descriptor
Indexing 47,776 CLIP vectors  dim=768  set=CLIP_Set_18  (batch_properties=500, with metadata)...
  CLIP failures: 0/47776  (OK)
[OK] 'CLIP_Set_18' indexed  (21.1s)
[Iter 18] Index built in 21.6s
[Iter 18] Running 600 queries...
[TextDINO q0] HOI=motorcycle|race  CLIP=30 candidates  k=100  alpha=0.80  constraint=object_and_verb
[Iter 18] Timing breakdown:
  Index build:      21.6s  (one-time)
  Query (Stage-1):  5.45ms/query  (VDMS ANN)
  Rerank (Stage-2): 0.04ms/query  (DINOv2 numpy)
  Total latency:    5.52ms/query
  QPS:              181.0

[Results iter 18]
  Score (QPS [constrained]): 181.0330
  mAP (plain):       0.1783
  QPS:               181.03
  P@10:              0.5083
  nDCG@10:           0.5861

================================================================================
ITERATION 19/50 (OPTUNA)
================================================================================
[VDMS] Restarting for clean DB (iteration 19)...
[VDMS] Ready on port 55634
[VDMS] Restart complete.
  engine:       FaissHNSWFlat
  params:       {'M': 48, 'efConstruction': 200, 'efSearch': 150}
  k_neighbors:  100
  alpha:        0.20
[OK] PMGD metadata loaded: 47776 images  (80 objects, 117 verbs)

[Iter 19] backbone=CLIP ViT-L/14  engine=FaissHNSWFlat params={'M': 48, 'efConstruction': 200, 'efSearch': 150} k=100 alpha=0.20 n_refs=3 ref_strategy=diverse constraint=object_and_verb
[Iter 19] Building CLIP_Set_19  (graph=yes)...
[OK] DescriptorSet 'CLIP_Set_19' created  dim=768  metric=L2
[GRAPH] PMGD metadata provided — storing object_id + verb_id per descriptor
Indexing 47,776 CLIP vectors  dim=768  set=CLIP_Set_19  (batch_properties=500, with metadata)...
  CLIP failures: 0/47776  (OK)
[OK] 'CLIP_Set_19' indexed  (13.3s)
[Iter 19] Index built in 13.4s
[Iter 19] Running 600 queries...
[TextDINO q0] HOI=motorcycle|race  CLIP=30 candidates  k=100  alpha=0.20  constraint=object_and_verb
[Iter 19] Timing breakdown:
  Index build:      13.4s  (one-time)
  Query (Stage-1):  5.46ms/query  (VDMS ANN)
  Rerank (Stage-2): 0.04ms/query  (DINOv2 numpy)
  Total latency:    5.53ms/query
  QPS:              180.8

[Results iter 19]
  Score (QPS [constrained]): 180.7931
  mAP (plain):       0.1783
  QPS:               180.79
  P@10:              0.5083
  nDCG@10:           0.5859

================================================================================
ITERATION 20/50 (OPTUNA)
================================================================================
[VDMS] Restarting for clean DB (iteration 20)...
[VDMS] Ready on port 55634
[VDMS] Restart complete.
  engine:       FaissHNSWFlat
  params:       {'M': 64, 'efConstruction': 200, 'efSearch': 500}
  k_neighbors:  100
  alpha:        0.30
[OK] PMGD metadata loaded: 47776 images  (80 objects, 117 verbs)

[Iter 20] backbone=CLIP ViT-L/14  engine=FaissHNSWFlat params={'M': 64, 'efConstruction': 200, 'efSearch': 500} k=100 alpha=0.30 n_refs=5 ref_strategy=diverse constraint=object_and_verb
[Iter 20] Building CLIP_Set_20  (graph=yes)...
[OK] DescriptorSet 'CLIP_Set_20' created  dim=768  metric=L2
[GRAPH] PMGD metadata provided — storing object_id + verb_id per descriptor
Indexing 47,776 CLIP vectors  dim=768  set=CLIP_Set_20  (batch_properties=500, with metadata)...
  CLIP failures: 0/47776  (OK)
[OK] 'CLIP_Set_20' indexed  (14.5s)
[Iter 20] Index built in 14.5s
[Iter 20] Running 600 queries...
[TextDINO q0] HOI=motorcycle|race  CLIP=30 candidates  k=100  alpha=0.30  constraint=object_and_verb
[Iter 20] Timing breakdown:
  Index build:      14.5s  (one-time)
  Query (Stage-1):  5.49ms/query  (VDMS ANN)
  Rerank (Stage-2): 0.04ms/query  (DINOv2 numpy)
  Total latency:    5.55ms/query
  QPS:              180.2

[Results iter 20]
  Score (QPS [constrained]): 180.1528
  mAP (plain):       0.1783
  QPS:               180.15
  P@10:              0.5083
  nDCG@10:           0.5859

================================================================================
ITERATION 21/50 (OPTUNA)
================================================================================
[VDMS] Restarting for clean DB (iteration 21)...
[VDMS] Ready on port 55634
[VDMS] Restart complete.
  engine:       FaissHNSWFlat
  params:       {'M': 16, 'efConstruction': 200, 'efSearch': 150}
  k_neighbors:  500
  alpha:        0.50
[OK] PMGD metadata loaded: 47776 images  (80 objects, 117 verbs)

[Iter 21] backbone=CLIP ViT-L/14  engine=FaissHNSWFlat params={'M': 16, 'efConstruction': 200, 'efSearch': 150} k=500 alpha=0.50 n_refs=1 ref_strategy=diverse constraint=object_and_verb
[Iter 21] Building CLIP_Set_21  (graph=yes)...
[OK] DescriptorSet 'CLIP_Set_21' created  dim=768  metric=L2
[GRAPH] PMGD metadata provided — storing object_id + verb_id per descriptor
Indexing 47,776 CLIP vectors  dim=768  set=CLIP_Set_21  (batch_properties=500, with metadata)...
  CLIP failures: 0/47776  (OK)
[OK] 'CLIP_Set_21' indexed  (13.2s)
[Iter 21] Index built in 13.3s
[Iter 21] Running 600 queries...
[TextDINO q0] HOI=motorcycle|race  CLIP=102 candidates  k=500  alpha=0.50  constraint=object_and_verb
[Iter 21] Timing breakdown:
  Index build:      13.3s  (one-time)
  Query (Stage-1):  59.50ms/query  (VDMS ANN)
  Rerank (Stage-2): 0.07ms/query  (DINOv2 numpy)
  Total latency:    59.62ms/query
  QPS:              16.8

[Results iter 21]
  Score (QPS [constrained]): 16.7742
  mAP (plain):       0.2939
  QPS:               16.77
  P@10:              0.6398
  nDCG@10:           0.7086

================================================================================
ITERATION 22/50 (OPTUNA)
================================================================================
[VDMS] Restarting for clean DB (iteration 22)...
[VDMS] Ready on port 55634
[VDMS] Restart complete.
  engine:       FaissHNSWFlat
  params:       {'M': 48, 'efConstruction': 200, 'efSearch': 300}
  k_neighbors:  750
  alpha:        0.70
[OK] PMGD metadata loaded: 47776 images  (80 objects, 117 verbs)

[Iter 22] backbone=CLIP ViT-L/14  engine=FaissHNSWFlat params={'M': 48, 'efConstruction': 200, 'efSearch': 300} k=750 alpha=0.70 n_refs=1 ref_strategy=first constraint=object_and_verb
[Iter 22] Building CLIP_Set_22  (graph=yes)...
[OK] DescriptorSet 'CLIP_Set_22' created  dim=768  metric=L2
[GRAPH] PMGD metadata provided — storing object_id + verb_id per descriptor
Indexing 47,776 CLIP vectors  dim=768  set=CLIP_Set_22  (batch_properties=500, with metadata)...
  CLIP failures: 0/47776  (OK)
[OK] 'CLIP_Set_22' indexed  (13.2s)
[Iter 22] Index built in 13.3s
[Iter 22] Running 600 queries...
[TextDINO q0] HOI=motorcycle|race  CLIP=106 candidates  k=750  alpha=0.70  constraint=object_and_verb
[Iter 22] Timing breakdown:
  Index build:      13.3s  (one-time)
  Query (Stage-1):  110.45ms/query  (VDMS ANN)
  Rerank (Stage-2): 0.08ms/query  (DINOv2 numpy)
  Total latency:    110.65ms/query
  QPS:              9.0

[Results iter 22]
  Score (QPS [constrained]): 9.0378
  mAP (plain):       0.3005
  QPS:               9.04
  P@10:              0.6468
  nDCG@10:           0.7150

================================================================================
ITERATION 23/50 (OPTUNA)
================================================================================
[VDMS] Restarting for clean DB (iteration 23)...
[VDMS] Ready on port 55634
[VDMS] Restart complete.
  engine:       FaissIVFFlat
  params:       {'nlist': 256, 'nprobe': 32}
  k_neighbors:  1000
  alpha:        0.80
[OK] PMGD metadata loaded: 47776 images  (80 objects, 117 verbs)

[Iter 23] backbone=CLIP ViT-L/14  engine=FaissIVFFlat params={'nlist': 256, 'nprobe': 32} k=1000 alpha=0.80 n_refs=5 ref_strategy=diverse constraint=verb
[Iter 23] Building CLIP_Set_23  (graph=yes)...
[OK] DescriptorSet 'CLIP_Set_23' created  dim=768  metric=L2
[GRAPH] PMGD metadata provided — storing object_id + verb_id per descriptor
Indexing 47,776 CLIP vectors  dim=768  set=CLIP_Set_23  (batch_properties=500, with metadata)...
  CLIP failures: 0/47776  (OK)
[OK] 'CLIP_Set_23' indexed  (16.3s)
[Iter 23] Index built in 16.3s
[Iter 23] Running 600 queries...
[TextDINO q0] HOI=motorcycle|race  CLIP=0 candidates  k=1000  alpha=0.80  constraint=verb
[Iter 23] Timing breakdown:
  Index build:      16.3s  (one-time)
  Query (Stage-1):  0.32ms/query  (VDMS ANN)
  Rerank (Stage-2): 0.01ms/query  (DINOv2 numpy)
  Total latency:    0.34ms/query
  QPS:              2970.7

[Results iter 23]
  Score (QPS [constrained]): 0.0000
  mAP (plain):       0.0000
  QPS:               2970.68
  P@10:              0.0008
  nDCG@10:           0.0017

================================================================================
ITERATION 24/50 (OPTUNA)
================================================================================
[VDMS] Restarting for clean DB (iteration 24)...
[VDMS] Ready on port 55634
[VDMS] Restart complete.
  engine:       FaissHNSWFlat
  params:       {'M': 64, 'efConstruction': 200, 'efSearch': 32}
  k_neighbors:  100
  alpha:        0.20
[OK] PMGD metadata loaded: 47776 images  (80 objects, 117 verbs)

[Iter 24] backbone=CLIP ViT-L/14  engine=FaissHNSWFlat params={'M': 64, 'efConstruction': 200, 'efSearch': 32} k=100 alpha=0.20 n_refs=3 ref_strategy=diverse constraint=object
[Iter 24] Building CLIP_Set_24  (graph=yes)...
[OK] DescriptorSet 'CLIP_Set_24' created  dim=768  metric=L2
[GRAPH] PMGD metadata provided — storing object_id + verb_id per descriptor
Indexing 47,776 CLIP vectors  dim=768  set=CLIP_Set_24  (batch_properties=500, with metadata)...
  CLIP failures: 0/47776  (OK)
[OK] 'CLIP_Set_24' indexed  (13.3s)
[Iter 24] Index built in 13.4s
[Iter 24] Running 600 queries...
[TextDINO q0] HOI=motorcycle|race  CLIP=100 candidates  k=100  alpha=0.20  constraint=object
[Iter 24] Timing breakdown:
  Index build:      13.4s  (one-time)
  Query (Stage-1):  6.91ms/query  (VDMS ANN)
  Rerank (Stage-2): 0.14ms/query  (DINOv2 numpy)
  Total latency:    7.09ms/query
  QPS:              141.0

[Results iter 24]
  Score (QPS [constrained]): 141.0036
  mAP (plain):       0.1692
  QPS:               141.00
  P@10:              0.3923
  nDCG@10:           0.4273

================================================================================
ITERATION 25/50 (OPTUNA)
================================================================================
[VDMS] Restarting for clean DB (iteration 25)...
[VDMS] Ready on port 55634
[VDMS] Restart complete.
  engine:       FaissHNSWFlat
  params:       {'M': 64, 'efConstruction': 200, 'efSearch': 64}
  k_neighbors:  50
  alpha:        0.35
[OK] PMGD metadata loaded: 47776 images  (80 objects, 117 verbs)

[Iter 25] backbone=CLIP ViT-L/14  engine=FaissHNSWFlat params={'M': 64, 'efConstruction': 200, 'efSearch': 64} k=50 alpha=0.35 n_refs=1 ref_strategy=diverse constraint=object_and_verb
[Iter 25] Building CLIP_Set_25  (graph=yes)...
[OK] DescriptorSet 'CLIP_Set_25' created  dim=768  metric=L2
[GRAPH] PMGD metadata provided — storing object_id + verb_id per descriptor
Indexing 47,776 CLIP vectors  dim=768  set=CLIP_Set_25  (batch_properties=500, with metadata)...
  CLIP failures: 0/47776  (OK)
[OK] 'CLIP_Set_25' indexed  (13.3s)
[Iter 25] Index built in 13.3s
[Iter 25] Running 600 queries...
[TextDINO q0] HOI=motorcycle|race  CLIP=17 candidates  k=50  alpha=0.35  constraint=object_and_verb
[Iter 25] Timing breakdown:
  Index build:      13.3s  (one-time)
  Query (Stage-1):  2.55ms/query  (VDMS ANN)
  Rerank (Stage-2): 0.03ms/query  (DINOv2 numpy)
  Total latency:    2.61ms/query
  QPS:              382.9

[Results iter 25]
  Score (QPS [constrained]): 0.0000
  mAP (plain):       0.1310
  QPS:               382.94
  P@10:              0.4332
  nDCG@10:           0.5103

================================================================================
ITERATION 26/50 (OPTUNA)
================================================================================
[VDMS] Restarting for clean DB (iteration 26)...
[VDMS] Ready on port 55634
[VDMS] Restart complete.
  engine:       FaissIVFFlat
  params:       {'nlist': 64, 'nprobe': 64}
  k_neighbors:  50
  alpha:        0.10

[Iter 26] backbone=CLIP ViT-L/14  engine=FaissIVFFlat params={'nlist': 64, 'nprobe': 64} k=50 alpha=0.10 n_refs=1 ref_strategy=first constraint=none
[Iter 26] Building CLIP_Set_26  (graph=no)...
[OK] DescriptorSet 'CLIP_Set_26' created  dim=768  metric=L2
Indexing 47,776 CLIP vectors  dim=768  set=CLIP_Set_26  (batch_properties=500)...
  CLIP failures: 0/47776  (OK)
[OK] 'CLIP_Set_26' indexed  (15.7s)
[Iter 26] Index built in 15.7s
[Iter 26] Running 600 queries...
[TextDINO q0] HOI=motorcycle|race  CLIP=5 candidates  k=50  alpha=0.10  constraint=none
[Iter 26] Timing breakdown:
  Index build:      15.7s  (one-time)
  Query (Stage-1):  0.40ms/query  (VDMS ANN)
  Rerank (Stage-2): 0.04ms/query  (DINOv2 numpy)
  Total latency:    0.45ms/query
  QPS:              2243.9

[Results iter 26]
  Score (QPS [constrained]): 0.0000
  mAP (plain):       0.0000
  QPS:               2243.88
  P@10:              0.0010
  nDCG@10:           0.0020

================================================================================
ITERATION 27/50 (OPTUNA)
================================================================================
[VDMS] Restarting for clean DB (iteration 27)...
[VDMS] Ready on port 55634
[VDMS] Restart complete.
  engine:       FaissHNSWFlat
  params:       {'M': 48, 'efConstruction': 200, 'efSearch': 500}
  k_neighbors:  100
  alpha:        0.75
[OK] PMGD metadata loaded: 47776 images  (80 objects, 117 verbs)

[Iter 27] backbone=CLIP ViT-L/14  engine=FaissHNSWFlat params={'M': 48, 'efConstruction': 200, 'efSearch': 500} k=100 alpha=0.75 n_refs=5 ref_strategy=diverse constraint=verb
[Iter 27] Building CLIP_Set_27  (graph=yes)...
[OK] DescriptorSet 'CLIP_Set_27' created  dim=768  metric=L2
[GRAPH] PMGD metadata provided — storing object_id + verb_id per descriptor
Indexing 47,776 CLIP vectors  dim=768  set=CLIP_Set_27  (batch_properties=500, with metadata)...
  CLIP failures: 0/47776  (OK)
[OK] 'CLIP_Set_27' indexed  (13.3s)
[Iter 27] Index built in 13.4s
[Iter 27] Running 600 queries...
[TextDINO q0] HOI=motorcycle|race  CLIP=30 candidates  k=100  alpha=0.75  constraint=verb
[Iter 27] Timing breakdown:
  Index build:      13.4s  (one-time)
  Query (Stage-1):  5.29ms/query  (VDMS ANN)
  Rerank (Stage-2): 0.05ms/query  (DINOv2 numpy)
  Total latency:    5.37ms/query
  QPS:              186.2

[Results iter 27]
  Score (QPS [constrained]): 186.1706
  mAP (plain):       0.1754
  QPS:               186.17
  P@10:              0.4937
  nDCG@10:           0.5666

================================================================================
ITERATION 28/50 (OPTUNA)
================================================================================
[VDMS] Restarting for clean DB (iteration 28)...
[VDMS] Ready on port 55634
[VDMS] Restart complete.
[Optuna Dedup] Attempt 1: duplicate, told score=186.2, retrying...
[Optuna Dedup] Attempt 2: duplicate, told score=186.2, retrying...
[Optuna Dedup] Attempt 3: duplicate, told score=186.2, retrying...
  engine:       FaissIVFFlat
  params:       {'nlist': 256, 'nprobe': 32}
  k_neighbors:  100
  alpha:        0.75
[OK] PMGD metadata loaded: 47776 images  (80 objects, 117 verbs)

[Iter 28] backbone=CLIP ViT-L/14  engine=FaissIVFFlat params={'nlist': 256, 'nprobe': 32} k=100 alpha=0.75 n_refs=5 ref_strategy=diverse constraint=verb
[Iter 28] Building CLIP_Set_28  (graph=yes)...
[OK] DescriptorSet 'CLIP_Set_28' created  dim=768  metric=L2
[GRAPH] PMGD metadata provided — storing object_id + verb_id per descriptor
Indexing 47,776 CLIP vectors  dim=768  set=CLIP_Set_28  (batch_properties=500, with metadata)...
  CLIP failures: 0/47776  (OK)
[OK] 'CLIP_Set_28' indexed  (16.4s)
[Iter 28] Index built in 16.5s
[Iter 28] Running 600 queries...
[TextDINO q0] HOI=motorcycle|race  CLIP=0 candidates  k=100  alpha=0.75  constraint=verb
[Iter 28] Timing breakdown:
  Index build:      16.5s  (one-time)
  Query (Stage-1):  0.30ms/query  (VDMS ANN)
  Rerank (Stage-2): 0.01ms/query  (DINOv2 numpy)
  Total latency:    0.31ms/query
  QPS:              3236.0

[Results iter 28]
  Score (QPS [constrained]): 0.0000
  mAP (plain):       0.0000
  QPS:               3236.04
  P@10:              0.0008
  nDCG@10:           0.0017

================================================================================
ITERATION 29/50 (OPTUNA)
================================================================================
[VDMS] Restarting for clean DB (iteration 29)...
[VDMS] Ready on port 55634
[VDMS] Restart complete.
  engine:       FaissHNSWFlat
  params:       {'M': 48, 'efConstruction': 200, 'efSearch': 500}
  k_neighbors:  300
  alpha:        0.75
[OK] PMGD metadata loaded: 47776 images  (80 objects, 117 verbs)

[Iter 29] backbone=CLIP ViT-L/14  engine=FaissHNSWFlat params={'M': 48, 'efConstruction': 200, 'efSearch': 500} k=300 alpha=0.75 n_refs=5 ref_strategy=first constraint=verb
[Iter 29] Building CLIP_Set_29  (graph=yes)...
[OK] DescriptorSet 'CLIP_Set_29' created  dim=768  metric=L2
[GRAPH] PMGD metadata provided — storing object_id + verb_id per descriptor
Indexing 47,776 CLIP vectors  dim=768  set=CLIP_Set_29  (batch_properties=500, with metadata)...
  CLIP failures: 0/47776  (OK)
[OK] 'CLIP_Set_29' indexed  (13.3s)
[Iter 29] Index built in 13.4s
[Iter 29] Running 600 queries...
[TextDINO q0] HOI=motorcycle|race  CLIP=74 candidates  k=300  alpha=0.75  constraint=verb
[Iter 29] Timing breakdown:
  Index build:      13.4s  (one-time)
  Query (Stage-1):  25.87ms/query  (VDMS ANN)
  Rerank (Stage-2): 0.09ms/query  (DINOv2 numpy)
  Total latency:    26.00ms/query
  QPS:              38.5

[Results iter 29]
  Score (QPS [constrained]): 38.4598
  mAP (plain):       0.2595
  QPS:               38.46
  P@10:              0.5815
  nDCG@10:           0.6524

================================================================================
ITERATION 30/50 (OPTUNA)
================================================================================
[VDMS] Restarting for clean DB (iteration 30)...
[VDMS] Ready on port 55634
[VDMS] Restart complete.
  engine:       FaissHNSWFlat
  params:       {'M': 48, 'efConstruction': 200, 'efSearch': 500}
  k_neighbors:  750
  alpha:        0.75
[OK] PMGD metadata loaded: 47776 images  (80 objects, 117 verbs)

[Iter 30] backbone=CLIP ViT-L/14  engine=FaissHNSWFlat params={'M': 48, 'efConstruction': 200, 'efSearch': 500} k=750 alpha=0.75 n_refs=5 ref_strategy=centroid constraint=verb
[Iter 30] Building CLIP_Set_30  (graph=yes)...
[OK] DescriptorSet 'CLIP_Set_30' created  dim=768  metric=L2
[GRAPH] PMGD metadata provided — storing object_id + verb_id per descriptor
Indexing 47,776 CLIP vectors  dim=768  set=CLIP_Set_30  (batch_properties=500, with metadata)...
  CLIP failures: 0/47776  (OK)
[OK] 'CLIP_Set_30' indexed  (13.2s)
[Iter 30] Index built in 13.3s
[Iter 30] Running 600 queries...
[TextDINO q0] HOI=motorcycle|race  CLIP=106 candidates  k=750  alpha=0.75  constraint=verb
[Iter 30] Timing breakdown:
  Index build:      13.3s  (one-time)
  Query (Stage-1):  114.06ms/query  (VDMS ANN)
  Rerank (Stage-2): 0.16ms/query  (DINOv2 numpy)
  Total latency:    114.26ms/query
  QPS:              8.8

[Results iter 30]
  Score (QPS [constrained]): 8.7518
  mAP (plain):       0.2817
  QPS:               8.75
  P@10:              0.6087
  nDCG@10:           0.6772

================================================================================
ITERATION 31/50 (OPTUNA)
================================================================================
[VDMS] Restarting for clean DB (iteration 31)...
[VDMS] Ready on port 55634
[VDMS] Restart complete.
  engine:       FaissIVFFlat
  params:       {'nlist': 256, 'nprobe': 8}
  k_neighbors:  150
  alpha:        0.75
[OK] PMGD metadata loaded: 47776 images  (80 objects, 117 verbs)

[Iter 31] backbone=CLIP ViT-L/14  engine=FaissIVFFlat params={'nlist': 256, 'nprobe': 8} k=150 alpha=0.75 n_refs=5 ref_strategy=diverse constraint=verb
[Iter 31] Building CLIP_Set_31  (graph=yes)...
[OK] DescriptorSet 'CLIP_Set_31' created  dim=768  metric=L2
[GRAPH] PMGD metadata provided — storing object_id + verb_id per descriptor
Indexing 47,776 CLIP vectors  dim=768  set=CLIP_Set_31  (batch_properties=500, with metadata)...
  CLIP failures: 0/47776  (OK)
[OK] 'CLIP_Set_31' indexed  (16.4s)
[Iter 31] Index built in 16.4s
[Iter 31] Running 600 queries...
[TextDINO q0] HOI=motorcycle|race  CLIP=0 candidates  k=150  alpha=0.75  constraint=verb
[Iter 31] Timing breakdown:
  Index build:      16.4s  (one-time)
  Query (Stage-1):  0.31ms/query  (VDMS ANN)
  Rerank (Stage-2): 0.01ms/query  (DINOv2 numpy)
  Total latency:    0.32ms/query
  QPS:              3084.5

[Results iter 31]
  Score (QPS [constrained]): 0.0000
  mAP (plain):       0.0000
  QPS:               3084.54
  P@10:              0.0008
  nDCG@10:           0.0017

================================================================================
ITERATION 32/50 (OPTUNA)
================================================================================
[VDMS] Restarting for clean DB (iteration 32)...
[VDMS] Ready on port 55634
[VDMS] Restart complete.
  engine:       FaissHNSWFlat
  params:       {'M': 48, 'efConstruction': 200, 'efSearch': 500}
  k_neighbors:  100
  alpha:        0.40
[OK] PMGD metadata loaded: 47776 images  (80 objects, 117 verbs)

[Iter 32] backbone=CLIP ViT-L/14  engine=FaissHNSWFlat params={'M': 48, 'efConstruction': 200, 'efSearch': 500} k=100 alpha=0.40 n_refs=5 ref_strategy=diverse constraint=verb
[Iter 32] Building CLIP_Set_32  (graph=yes)...
[OK] DescriptorSet 'CLIP_Set_32' created  dim=768  metric=L2
[GRAPH] PMGD metadata provided — storing object_id + verb_id per descriptor
Indexing 47,776 CLIP vectors  dim=768  set=CLIP_Set_32  (batch_properties=500, with metadata)...
  CLIP failures: 0/47776  (OK)
[OK] 'CLIP_Set_32' indexed  (13.3s)
[Iter 32] Index built in 13.3s
[Iter 32] Running 600 queries...
[TextDINO q0] HOI=motorcycle|race  CLIP=30 candidates  k=100  alpha=0.40  constraint=verb
[Iter 32] Timing breakdown:
  Index build:      13.3s  (one-time)
  Query (Stage-1):  5.36ms/query  (VDMS ANN)
  Rerank (Stage-2): 0.05ms/query  (DINOv2 numpy)
  Total latency:    5.43ms/query
  QPS:              184.1

[Results iter 32]
  Score (QPS [constrained]): 184.1234
  mAP (plain):       0.1729
  QPS:               184.12
  P@10:              0.4917
  nDCG@10:           0.5613

================================================================================
ITERATION 33/50 (OPTUNA)
================================================================================
[VDMS] Restarting for clean DB (iteration 33)...
[VDMS] Ready on port 55634
[VDMS] Restart complete.
  engine:       FaissIVFFlat
  params:       {'nlist': 64, 'nprobe': 16}
  k_neighbors:  500
  alpha:        0.75
[OK] PMGD metadata loaded: 47776 images  (80 objects, 117 verbs)

[Iter 33] backbone=CLIP ViT-L/14  engine=FaissIVFFlat params={'nlist': 64, 'nprobe': 16} k=500 alpha=0.75 n_refs=10 ref_strategy=centroid constraint=verb
[Iter 33] Building CLIP_Set_33  (graph=yes)...
[OK] DescriptorSet 'CLIP_Set_33' created  dim=768  metric=L2
[GRAPH] PMGD metadata provided — storing object_id + verb_id per descriptor
Indexing 47,776 CLIP vectors  dim=768  set=CLIP_Set_33  (batch_properties=500, with metadata)...
  CLIP failures: 0/47776  (OK)
[OK] 'CLIP_Set_33' indexed  (16.8s)
[Iter 33] Index built in 16.9s
[Iter 33] Running 600 queries...
[TextDINO q0] HOI=motorcycle|race  CLIP=0 candidates  k=500  alpha=0.75  constraint=verb
[Iter 33] Timing breakdown:
  Index build:      16.9s  (one-time)
  Query (Stage-1):  0.31ms/query  (VDMS ANN)
  Rerank (Stage-2): 0.01ms/query  (DINOv2 numpy)
  Total latency:    0.34ms/query
  QPS:              2959.7

[Results iter 33]
  Score (QPS [constrained]): 0.0000
  mAP (plain):       0.0000
  QPS:               2959.69
  P@10:              0.0008
  nDCG@10:           0.0017

================================================================================
ITERATION 34/50 (OPTUNA)
================================================================================
[VDMS] Restarting for clean DB (iteration 34)...
[VDMS] Ready on port 55634
[VDMS] Restart complete.
  engine:       FaissHNSWFlat
  params:       {'M': 48, 'efConstruction': 200, 'efSearch': 500}
  k_neighbors:  1000
  alpha:        0.05

[Iter 34] backbone=CLIP ViT-L/14  engine=FaissHNSWFlat params={'M': 48, 'efConstruction': 200, 'efSearch': 500} k=1000 alpha=0.05 n_refs=5 ref_strategy=first constraint=none
[Iter 34] Building CLIP_Set_34  (graph=no)...
[OK] DescriptorSet 'CLIP_Set_34' created  dim=768  metric=L2
Indexing 47,776 CLIP vectors  dim=768  set=CLIP_Set_34  (batch_properties=500)...
  CLIP failures: 0/47776  (OK)
[OK] 'CLIP_Set_34' indexed  (12.8s)
[Iter 34] Index built in 12.9s
[Iter 34] Running 600 queries...
[TextDINO q0] HOI=motorcycle|race  CLIP=699 candidates  k=1000  alpha=0.05  constraint=none
[Iter 34] Timing breakdown:
  Index build:      12.9s  (one-time)
  Query (Stage-1):  148.02ms/query  (VDMS ANN)
  Rerank (Stage-2): 1.07ms/query  (DINOv2 numpy)
  Total latency:    149.47ms/query
  QPS:              6.7

[Results iter 34]
  Score (QPS [constrained]): 6.6903
  mAP (plain):       0.2003
  QPS:               6.69
  P@10:              0.3538
  nDCG@10:           0.3864

================================================================================
ITERATION 35/50 (OPTUNA)
================================================================================
[VDMS] Restarting for clean DB (iteration 35)...
[VDMS] Ready on port 55634
[VDMS] Restart complete.
  engine:       FaissHNSWFlat
  params:       {'M': 16, 'efConstruction': 200, 'efSearch': 500}
  k_neighbors:  100
  alpha:        0.85
[OK] PMGD metadata loaded: 47776 images  (80 objects, 117 verbs)

[Iter 35] backbone=CLIP ViT-L/14  engine=FaissHNSWFlat params={'M': 16, 'efConstruction': 200, 'efSearch': 500} k=100 alpha=0.85 n_refs=5 ref_strategy=diverse constraint=verb
[Iter 35] Building CLIP_Set_35  (graph=yes)...
[OK] DescriptorSet 'CLIP_Set_35' created  dim=768  metric=L2
[GRAPH] PMGD metadata provided — storing object_id + verb_id per descriptor
Indexing 47,776 CLIP vectors  dim=768  set=CLIP_Set_35  (batch_properties=500, with metadata)...
  CLIP failures: 0/47776  (OK)
[OK] 'CLIP_Set_35' indexed  (13.3s)
[Iter 35] Index built in 13.4s
[Iter 35] Running 600 queries...
[TextDINO q0] HOI=motorcycle|race  CLIP=30 candidates  k=100  alpha=0.85  constraint=verb
[Iter 35] Timing breakdown:
  Index build:      13.4s  (one-time)
  Query (Stage-1):  5.33ms/query  (VDMS ANN)
  Rerank (Stage-2): 0.05ms/query  (DINOv2 numpy)
  Total latency:    5.40ms/query
  QPS:              185.3

[Results iter 35]
  Score (QPS [constrained]): 185.3419
  mAP (plain):       0.1751
  QPS:               185.34
  P@10:              0.4913
  nDCG@10:           0.5648

================================================================================
ITERATION 36/50 (OPTUNA)
================================================================================
[VDMS] Restarting for clean DB (iteration 36)...
[VDMS] Ready on port 55634
[VDMS] Restart complete.
[Optuna Dedup] Attempt 1: duplicate, told score=185.3, retrying...
[Optuna Dedup] Attempt 2: duplicate, told score=185.3, retrying...
  engine:       FaissHNSWFlat
  params:       {'M': 16, 'efConstruction': 200, 'efSearch': 500}
  k_neighbors:  300
  alpha:        0.75
[OK] PMGD metadata loaded: 47776 images  (80 objects, 117 verbs)

[Iter 36] backbone=CLIP ViT-L/14  engine=FaissHNSWFlat params={'M': 16, 'efConstruction': 200, 'efSearch': 500} k=300 alpha=0.75 n_refs=5 ref_strategy=diverse constraint=verb
[Iter 36] Building CLIP_Set_36  (graph=yes)...
[OK] DescriptorSet 'CLIP_Set_36' created  dim=768  metric=L2
[GRAPH] PMGD metadata provided — storing object_id + verb_id per descriptor
Indexing 47,776 CLIP vectors  dim=768  set=CLIP_Set_36  (batch_properties=500, with metadata)...
  CLIP failures: 0/47776  (OK)
[OK] 'CLIP_Set_36' indexed  (13.4s)
[Iter 36] Index built in 13.4s
[Iter 36] Running 600 queries...
[TextDINO q0] HOI=motorcycle|race  CLIP=74 candidates  k=300  alpha=0.75  constraint=verb
[Iter 36] Timing breakdown:
  Index build:      13.4s  (one-time)
  Query (Stage-1):  26.30ms/query  (VDMS ANN)
  Rerank (Stage-2): 0.09ms/query  (DINOv2 numpy)
  Total latency:    26.48ms/query
  QPS:              37.8

[Results iter 36]
  Score (QPS [constrained]): 37.7617
  mAP (plain):       0.2608
  QPS:               37.76
  P@10:              0.5815
  nDCG@10:           0.6512

================================================================================
ITERATION 37/50 (OPTUNA)
================================================================================
[VDMS] Restarting for clean DB (iteration 37)...
[VDMS] Ready on port 55634
[VDMS] Restart complete.
  engine:       FaissHNSWFlat
  params:       {'M': 32, 'efConstruction': 200, 'efSearch': 32}
  k_neighbors:  100
  alpha:        0.45
[OK] PMGD metadata loaded: 47776 images  (80 objects, 117 verbs)

[Iter 37] backbone=CLIP ViT-L/14  engine=FaissHNSWFlat params={'M': 32, 'efConstruction': 200, 'efSearch': 32} k=100 alpha=0.45 n_refs=10 ref_strategy=centroid constraint=verb
[Iter 37] Building CLIP_Set_37  (graph=yes)...
[OK] DescriptorSet 'CLIP_Set_37' created  dim=768  metric=L2
[GRAPH] PMGD metadata provided — storing object_id + verb_id per descriptor
Indexing 47,776 CLIP vectors  dim=768  set=CLIP_Set_37  (batch_properties=500, with metadata)...
  CLIP failures: 0/47776  (OK)
[OK] 'CLIP_Set_37' indexed  (13.3s)
[Iter 37] Index built in 13.4s
[Iter 37] Running 600 queries...
[TextDINO q0] HOI=motorcycle|race  CLIP=30 candidates  k=100  alpha=0.45  constraint=verb
[Iter 37] Timing breakdown:
  Index build:      13.4s  (one-time)
  Query (Stage-1):  5.29ms/query  (VDMS ANN)
  Rerank (Stage-2): 0.05ms/query  (DINOv2 numpy)
  Total latency:    5.35ms/query
  QPS:              186.8

[Results iter 37]
  Score (QPS [constrained]): 186.7702
  mAP (plain):       0.1736
  QPS:               186.77
  P@10:              0.4940
  nDCG@10:           0.5646

================================================================================
ITERATION 38/50 (OPTUNA)
================================================================================
[VDMS] Restarting for clean DB (iteration 38)...
[VDMS] Ready on port 55634
[VDMS] Restart complete.
  engine:       FaissHNSWFlat
  params:       {'M': 32, 'efConstruction': 200, 'efSearch': 32}
  k_neighbors:  150
  alpha:        0.45
[OK] PMGD metadata loaded: 47776 images  (80 objects, 117 verbs)

[Iter 38] backbone=CLIP ViT-L/14  engine=FaissHNSWFlat params={'M': 32, 'efConstruction': 200, 'efSearch': 32} k=150 alpha=0.45 n_refs=10 ref_strategy=centroid constraint=verb
[Iter 38] Building CLIP_Set_38  (graph=yes)...
[OK] DescriptorSet 'CLIP_Set_38' created  dim=768  metric=L2
[GRAPH] PMGD metadata provided — storing object_id + verb_id per descriptor
Indexing 47,776 CLIP vectors  dim=768  set=CLIP_Set_38  (batch_properties=500, with metadata)...
  CLIP failures: 0/47776  (OK)
[OK] 'CLIP_Set_38' indexed  (13.4s)
[Iter 38] Index built in 13.5s
[Iter 38] Running 600 queries...
[TextDINO q0] HOI=motorcycle|race  CLIP=45 candidates  k=150  alpha=0.45  constraint=verb
[Iter 38] Timing breakdown:
  Index build:      13.5s  (one-time)
  Query (Stage-1):  9.21ms/query  (VDMS ANN)
  Rerank (Stage-2): 0.06ms/query  (DINOv2 numpy)
  Total latency:    9.31ms/query
  QPS:              107.4

[Results iter 38]
  Score (QPS [constrained]): 107.4388
  mAP (plain):       0.2077
  QPS:               107.44
  P@10:              0.5327
  nDCG@10:           0.6036

================================================================================
ITERATION 39/50 (OPTUNA)
================================================================================
[VDMS] Restarting for clean DB (iteration 39)...
[VDMS] Ready on port 55634
[VDMS] Restart complete.
  engine:       FaissHNSWFlat
  params:       {'M': 32, 'efConstruction': 200, 'efSearch': 32}
  k_neighbors:  50
  alpha:        0.45
[OK] PMGD metadata loaded: 47776 images  (80 objects, 117 verbs)

[Iter 39] backbone=CLIP ViT-L/14  engine=FaissHNSWFlat params={'M': 32, 'efConstruction': 200, 'efSearch': 32} k=50 alpha=0.45 n_refs=10 ref_strategy=centroid constraint=verb
[Iter 39] Building CLIP_Set_39  (graph=yes)...
[OK] DescriptorSet 'CLIP_Set_39' created  dim=768  metric=L2
[GRAPH] PMGD metadata provided — storing object_id + verb_id per descriptor
Indexing 47,776 CLIP vectors  dim=768  set=CLIP_Set_39  (batch_properties=500, with metadata)...
  CLIP failures: 0/47776  (OK)
[OK] 'CLIP_Set_39' indexed  (13.3s)
[Iter 39] Index built in 13.3s
[Iter 39] Running 600 queries...
[TextDINO q0] HOI=motorcycle|race  CLIP=17 candidates  k=50  alpha=0.45  constraint=verb
[Iter 39] Timing breakdown:
  Index build:      13.3s  (one-time)
  Query (Stage-1):  2.47ms/query  (VDMS ANN)
  Rerank (Stage-2): 0.04ms/query  (DINOv2 numpy)
  Total latency:    2.52ms/query
  QPS:              397.2

[Results iter 39]
  Score (QPS [constrained]): 0.0000
  mAP (plain):       0.1280
  QPS:               397.16
  P@10:              0.4260
  nDCG@10:           0.4968

================================================================================
ITERATION 40/50 (OPTUNA)
================================================================================
[VDMS] Restarting for clean DB (iteration 40)...
[VDMS] Ready on port 55634
[VDMS] Restart complete.
  engine:       FaissHNSWFlat
  params:       {'M': 32, 'efConstruction': 200, 'efSearch': 200}
  k_neighbors:  100
  alpha:        0.15
[OK] PMGD metadata loaded: 47776 images  (80 objects, 117 verbs)

[Iter 40] backbone=CLIP ViT-L/14  engine=FaissHNSWFlat params={'M': 32, 'efConstruction': 200, 'efSearch': 200} k=100 alpha=0.15 n_refs=10 ref_strategy=centroid constraint=verb
[Iter 40] Building CLIP_Set_40  (graph=yes)...
[OK] DescriptorSet 'CLIP_Set_40' created  dim=768  metric=L2
[GRAPH] PMGD metadata provided — storing object_id + verb_id per descriptor
Indexing 47,776 CLIP vectors  dim=768  set=CLIP_Set_40  (batch_properties=500, with metadata)...
  CLIP failures: 0/47776  (OK)
[OK] 'CLIP_Set_40' indexed  (13.3s)
[Iter 40] Index built in 13.4s
[Iter 40] Running 600 queries...
[TextDINO q0] HOI=motorcycle|race  CLIP=30 candidates  k=100  alpha=0.15  constraint=verb
[Iter 40] Timing breakdown:
  Index build:      13.4s  (one-time)
  Query (Stage-1):  5.25ms/query  (VDMS ANN)
  Rerank (Stage-2): 0.05ms/query  (DINOv2 numpy)
  Total latency:    5.32ms/query
  QPS:              188.1

[Results iter 40]
  Score (QPS [constrained]): 188.0729
  mAP (plain):       0.1692
  QPS:               188.07
  P@10:              0.4860
  nDCG@10:           0.5532

================================================================================
ITERATION 41/50 (OPTUNA)
================================================================================
[VDMS] Restarting for clean DB (iteration 41)...
[VDMS] Ready on port 55634
[VDMS] Restart complete.
  engine:       FaissHNSWFlat
  params:       {'M': 32, 'efConstruction': 200, 'efSearch': 200}
  k_neighbors:  100
  alpha:        0.15

[Iter 41] backbone=CLIP ViT-L/14  engine=FaissHNSWFlat params={'M': 32, 'efConstruction': 200, 'efSearch': 200} k=100 alpha=0.15 n_refs=10 ref_strategy=centroid constraint=none
[Iter 41] Building CLIP_Set_41  (graph=no)...
[OK] DescriptorSet 'CLIP_Set_41' created  dim=768  metric=L2
Indexing 47,776 CLIP vectors  dim=768  set=CLIP_Set_41  (batch_properties=500)...
  CLIP failures: 0/47776  (OK)
[OK] 'CLIP_Set_41' indexed  (12.8s)
[Iter 41] Index built in 12.8s
[Iter 41] Running 600 queries...
[TextDINO q0] HOI=motorcycle|race  CLIP=100 candidates  k=100  alpha=0.15  constraint=none
[Iter 41] Timing breakdown:
  Index build:      12.8s  (one-time)
  Query (Stage-1):  7.17ms/query  (VDMS ANN)
  Rerank (Stage-2): 0.17ms/query  (DINOv2 numpy)
  Total latency:    7.40ms/query
  QPS:              135.2

[Results iter 41]
  Score (QPS [constrained]): 135.1638
  mAP (plain):       0.1523
  QPS:               135.16
  P@10:              0.3542
  nDCG@10:           0.3882

================================================================================
ITERATION 42/50 (OPTUNA)
================================================================================
[VDMS] Restarting for clean DB (iteration 42)...
[VDMS] Ready on port 55634
[VDMS] Restart complete.
  engine:       FaissHNSWFlat
  params:       {'M': 32, 'efConstruction': 200, 'efSearch': 200}
  k_neighbors:  750
  alpha:        0.15
[OK] PMGD metadata loaded: 47776 images  (80 objects, 117 verbs)

[Iter 42] backbone=CLIP ViT-L/14  engine=FaissHNSWFlat params={'M': 32, 'efConstruction': 200, 'efSearch': 200} k=750 alpha=0.15 n_refs=10 ref_strategy=centroid constraint=verb
[Iter 42] Building CLIP_Set_42  (graph=yes)...
[OK] DescriptorSet 'CLIP_Set_42' created  dim=768  metric=L2
[GRAPH] PMGD metadata provided — storing object_id + verb_id per descriptor
Indexing 47,776 CLIP vectors  dim=768  set=CLIP_Set_42  (batch_properties=500, with metadata)...
  CLIP failures: 0/47776  (OK)
[OK] 'CLIP_Set_42' indexed  (13.3s)
[Iter 42] Index built in 13.4s
[Iter 42] Running 600 queries...
[TextDINO q0] HOI=motorcycle|race  CLIP=106 candidates  k=750  alpha=0.15  constraint=verb
[Iter 42] Timing breakdown:
  Index build:      13.4s  (one-time)
  Query (Stage-1):  109.30ms/query  (VDMS ANN)
  Rerank (Stage-2): 0.13ms/query  (DINOv2 numpy)
  Total latency:    109.48ms/query
  QPS:              9.1

[Results iter 42]
  Score (QPS [constrained]): 9.1341
  mAP (plain):       0.2734
  QPS:               9.13
  P@10:              0.5875
  nDCG@10:           0.6516

================================================================================
ITERATION 43/50 (OPTUNA)
================================================================================
[VDMS] Restarting for clean DB (iteration 43)...
[VDMS] Ready on port 55634
[VDMS] Restart complete.
  engine:       FaissHNSWFlat
  params:       {'M': 32, 'efConstruction': 200, 'efSearch': 200}
  k_neighbors:  100
  alpha:        0.00
[OK] PMGD metadata loaded: 47776 images  (80 objects, 117 verbs)

[Iter 43] backbone=CLIP ViT-L/14  engine=FaissHNSWFlat params={'M': 32, 'efConstruction': 200, 'efSearch': 200} k=100 alpha=0.00 n_refs=10 ref_strategy=centroid constraint=verb
[Iter 43] Building CLIP_Set_43  (graph=yes)...
[OK] DescriptorSet 'CLIP_Set_43' created  dim=768  metric=L2
[GRAPH] PMGD metadata provided — storing object_id + verb_id per descriptor
Indexing 47,776 CLIP vectors  dim=768  set=CLIP_Set_43  (batch_properties=500, with metadata)...
  CLIP failures: 0/47776  (OK)
[OK] 'CLIP_Set_43' indexed  (13.3s)
[Iter 43] Index built in 13.3s
[Iter 43] Running 600 queries...
[TextDINO q0] HOI=motorcycle|race  CLIP=30 candidates  k=100  alpha=0.00  constraint=verb
[Iter 43] Timing breakdown:
  Index build:      13.3s  (one-time)
  Query (Stage-1):  5.32ms/query  (VDMS ANN)
  Rerank (Stage-2): 0.00ms/query  (DINOv2 numpy)
  Total latency:    5.34ms/query
  QPS:              187.3

[Results iter 43]
  Score (QPS [constrained]): 187.3079
  mAP (plain):       0.1669
  QPS:               187.31
  P@10:              0.4812
  nDCG@10:           0.5479

================================================================================
ITERATION 44/50 (OPTUNA)
================================================================================
[VDMS] Restarting for clean DB (iteration 44)...
[VDMS] Ready on port 55634
[VDMS] Restart complete.
[Optuna Dedup] Attempt 1: duplicate, told score=187.3, retrying...
[Optuna Dedup] Attempt 2: duplicate, told score=187.3, retrying...
  engine:       FaissHNSWFlat
  params:       {'M': 32, 'efConstruction': 200, 'efSearch': 200}
  k_neighbors:  100
  alpha:        0.00
[OK] PMGD metadata loaded: 47776 images  (80 objects, 117 verbs)

[Iter 44] backbone=CLIP ViT-L/14  engine=FaissHNSWFlat params={'M': 32, 'efConstruction': 200, 'efSearch': 200} k=100 alpha=0.00 n_refs=10 ref_strategy=centroid constraint=object
[Iter 44] Building CLIP_Set_44  (graph=yes)...
[OK] DescriptorSet 'CLIP_Set_44' created  dim=768  metric=L2
[GRAPH] PMGD metadata provided — storing object_id + verb_id per descriptor
Indexing 47,776 CLIP vectors  dim=768  set=CLIP_Set_44  (batch_properties=500, with metadata)...
  CLIP failures: 0/47776  (OK)
[OK] 'CLIP_Set_44' indexed  (13.3s)
[Iter 44] Index built in 13.3s
[Iter 44] Running 600 queries...
[TextDINO q0] HOI=motorcycle|race  CLIP=100 candidates  k=100  alpha=0.00  constraint=object
[Iter 44] Timing breakdown:
  Index build:      13.3s  (one-time)
  Query (Stage-1):  6.93ms/query  (VDMS ANN)
  Rerank (Stage-2): 0.00ms/query  (DINOv2 numpy)
  Total latency:    6.98ms/query
  QPS:              143.2

[Results iter 44]
  Score (QPS [constrained]): 143.2079
  mAP (plain):       0.1556
  QPS:               143.21
  P@10:              0.3698
  nDCG@10:           0.4003

================================================================================
ITERATION 45/50 (OPTUNA)
================================================================================
[VDMS] Restarting for clean DB (iteration 45)...
[VDMS] Ready on port 55634
[VDMS] Restart complete.
  engine:       FaissHNSWFlat
  params:       {'M': 32, 'efConstruction': 200, 'efSearch': 200}
  k_neighbors:  200
  alpha:        0.00
[OK] PMGD metadata loaded: 47776 images  (80 objects, 117 verbs)

[Iter 45] backbone=CLIP ViT-L/14  engine=FaissHNSWFlat params={'M': 32, 'efConstruction': 200, 'efSearch': 200} k=200 alpha=0.00 n_refs=10 ref_strategy=centroid constraint=verb
[Iter 45] Building CLIP_Set_45  (graph=yes)...
[OK] DescriptorSet 'CLIP_Set_45' created  dim=768  metric=L2
[GRAPH] PMGD metadata provided — storing object_id + verb_id per descriptor
Indexing 47,776 CLIP vectors  dim=768  set=CLIP_Set_45  (batch_properties=500, with metadata)...
  CLIP failures: 0/47776  (OK)
[OK] 'CLIP_Set_45' indexed  (13.3s)
[Iter 45] Index built in 13.4s
[Iter 45] Running 600 queries...
[TextDINO q0] HOI=motorcycle|race  CLIP=54 candidates  k=200  alpha=0.00  constraint=verb
[Iter 45] Timing breakdown:
  Index build:      13.4s  (one-time)
  Query (Stage-1):  13.81ms/query  (VDMS ANN)
  Rerank (Stage-2): 0.00ms/query  (DINOv2 numpy)
  Total latency:    13.83ms/query
  QPS:              72.3

[Results iter 45]
  Score (QPS [constrained]): 72.3162
  mAP (plain):       0.2198
  QPS:               72.32
  P@10:              0.5380
  nDCG@10:           0.6012

================================================================================
ITERATION 46/50 (OPTUNA)
================================================================================
[VDMS] Restarting for clean DB (iteration 46)...
[VDMS] Ready on port 55634
[VDMS] Restart complete.
[Optuna Dedup] Attempt 1: duplicate, told score=187.3, retrying...
  engine:       FaissHNSWFlat
  params:       {'M': 32, 'efConstruction': 200, 'efSearch': 200}
  k_neighbors:  500
  alpha:        0.00
[OK] PMGD metadata loaded: 47776 images  (80 objects, 117 verbs)

[Iter 46] backbone=CLIP ViT-L/14  engine=FaissHNSWFlat params={'M': 32, 'efConstruction': 200, 'efSearch': 200} k=500 alpha=0.00 n_refs=10 ref_strategy=centroid constraint=verb
[Iter 46] Building CLIP_Set_46  (graph=yes)...
[OK] DescriptorSet 'CLIP_Set_46' created  dim=768  metric=L2
[GRAPH] PMGD metadata provided — storing object_id + verb_id per descriptor
Indexing 47,776 CLIP vectors  dim=768  set=CLIP_Set_46  (batch_properties=500, with metadata)...
  CLIP failures: 0/47776  (OK)
[OK] 'CLIP_Set_46' indexed  (13.3s)
[Iter 46] Index built in 13.4s
[Iter 46] Running 600 queries...
[TextDINO q0] HOI=motorcycle|race  CLIP=102 candidates  k=500  alpha=0.00  constraint=verb
[Iter 46] Timing breakdown:
  Index build:      13.4s  (one-time)
  Query (Stage-1):  61.13ms/query  (VDMS ANN)
  Rerank (Stage-2): 0.00ms/query  (DINOv2 numpy)
  Total latency:    61.18ms/query
  QPS:              16.3

[Results iter 46]
  Score (QPS [constrained]): 16.3455
  mAP (plain):       0.2609
  QPS:               16.35
  P@10:              0.5690
  nDCG@10:           0.6304

================================================================================
ITERATION 47/50 (OPTUNA)
================================================================================
[VDMS] Restarting for clean DB (iteration 47)...
[VDMS] Ready on port 55634
[VDMS] Restart complete.
  engine:       FaissIVFFlat
  params:       {'nlist': 512, 'nprobe': 64}
  k_neighbors:  100
  alpha:        0.00
[OK] PMGD metadata loaded: 47776 images  (80 objects, 117 verbs)

[Iter 47] backbone=CLIP ViT-L/14  engine=FaissIVFFlat params={'nlist': 512, 'nprobe': 64} k=100 alpha=0.00 n_refs=10 ref_strategy=centroid constraint=verb
[Iter 47] Building CLIP_Set_47  (graph=yes)...
[OK] DescriptorSet 'CLIP_Set_47' created  dim=768  metric=L2
[GRAPH] PMGD metadata provided — storing object_id + verb_id per descriptor
Indexing 47,776 CLIP vectors  dim=768  set=CLIP_Set_47  (batch_properties=500, with metadata)...
  CLIP failures: 0/47776  (OK)
[OK] 'CLIP_Set_47' indexed  (16.5s)
[Iter 47] Index built in 16.6s
[Iter 47] Running 600 queries...
[TextDINO q0] HOI=motorcycle|race  CLIP=0 candidates  k=100  alpha=0.00  constraint=verb
[Iter 47] Timing breakdown:
  Index build:      16.6s  (one-time)
  Query (Stage-1):  0.30ms/query  (VDMS ANN)
  Rerank (Stage-2): 0.00ms/query  (DINOv2 numpy)
  Total latency:    0.30ms/query
  QPS:              3329.9

[Results iter 47]
  Score (QPS [constrained]): 0.0000
  mAP (plain):       0.0000
  QPS:               3329.86
  P@10:              0.0008
  nDCG@10:           0.0017

================================================================================
ITERATION 48/50 (OPTUNA)
================================================================================
[VDMS] Restarting for clean DB (iteration 48)...
[VDMS] Ready on port 55634
[VDMS] Restart complete.
[Optuna Dedup] Attempt 1: duplicate, told score=187.3, retrying...
  engine:       FaissHNSWFlat
  params:       {'M': 32, 'efConstruction': 200, 'efSearch': 200}
  k_neighbors:  300
  alpha:        0.00
[OK] PMGD metadata loaded: 47776 images  (80 objects, 117 verbs)

[Iter 48] backbone=CLIP ViT-L/14  engine=FaissHNSWFlat params={'M': 32, 'efConstruction': 200, 'efSearch': 200} k=300 alpha=0.00 n_refs=10 ref_strategy=centroid constraint=object
[Iter 48] Building CLIP_Set_48  (graph=yes)...
[OK] DescriptorSet 'CLIP_Set_48' created  dim=768  metric=L2
[GRAPH] PMGD metadata provided — storing object_id + verb_id per descriptor
Indexing 47,776 CLIP vectors  dim=768  set=CLIP_Set_48  (batch_properties=500, with metadata)...
  CLIP failures: 0/47776  (OK)
[OK] 'CLIP_Set_48' indexed  (13.3s)
[Iter 48] Index built in 13.4s
[Iter 48] Running 600 queries...
[TextDINO q0] HOI=motorcycle|race  CLIP=296 candidates  k=300  alpha=0.00  constraint=object
[Iter 48] Timing breakdown:
  Index build:      13.4s  (one-time)
  Query (Stage-1):  29.38ms/query  (VDMS ANN)
  Rerank (Stage-2): 0.00ms/query  (DINOv2 numpy)
  Total latency:    29.46ms/query
  QPS:              33.9

[Results iter 48]
  Score (QPS [constrained]): 33.9438
  mAP (plain):       0.2052
  QPS:               33.94
  P@10:              0.3707
  nDCG@10:           0.4010

================================================================================
ITERATION 49/50 (OPTUNA)
================================================================================
[VDMS] Restarting for clean DB (iteration 49)...
[VDMS] Ready on port 55634
[VDMS] Restart complete.
[Optuna Dedup] Attempt 1: duplicate, told score=187.3, retrying...
[Optuna Dedup] Attempt 2: duplicate, told score=187.3, retrying...
[Optuna Dedup] Attempt 3: duplicate, told score=187.3, retrying...
  engine:       FaissHNSWFlat
  params:       {'M': 32, 'efConstruction': 200, 'efSearch': 200}
  k_neighbors:  100
  alpha:        0.90
[OK] PMGD metadata loaded: 47776 images  (80 objects, 117 verbs)

[Iter 49] backbone=CLIP ViT-L/14  engine=FaissHNSWFlat params={'M': 32, 'efConstruction': 200, 'efSearch': 200} k=100 alpha=0.90 n_refs=10 ref_strategy=centroid constraint=verb
[Iter 49] Building CLIP_Set_49  (graph=yes)...
[OK] DescriptorSet 'CLIP_Set_49' created  dim=768  metric=L2
[GRAPH] PMGD metadata provided — storing object_id + verb_id per descriptor
Indexing 47,776 CLIP vectors  dim=768  set=CLIP_Set_49  (batch_properties=500, with metadata)...
  CLIP failures: 0/47776  (OK)
[OK] 'CLIP_Set_49' indexed  (13.3s)
[Iter 49] Index built in 13.4s
[Iter 49] Running 600 queries...
[TextDINO q0] HOI=motorcycle|race  CLIP=30 candidates  k=100  alpha=0.90  constraint=verb
[Iter 49] Timing breakdown:
  Index build:      13.4s  (one-time)
  Query (Stage-1):  5.35ms/query  (VDMS ANN)
  Rerank (Stage-2): 0.05ms/query  (DINOv2 numpy)
  Total latency:    5.42ms/query
  QPS:              184.7

[Results iter 49]
  Score (QPS [constrained]): 184.6716
  mAP (plain):       0.1748
  QPS:               184.67
  P@10:              0.4938
  nDCG@10:           0.5682

================================================================================
ITERATION 50/50 (OPTUNA)
================================================================================
[VDMS] Restarting for clean DB (iteration 50)...
[VDMS] Ready on port 55634
[VDMS] Restart complete.
  engine:       FaissHNSWFlat
  params:       {'M': 32, 'efConstruction': 200, 'efSearch': 200}
  k_neighbors:  1000
  alpha:        0.00
[OK] PMGD metadata loaded: 47776 images  (80 objects, 117 verbs)

[Iter 50] backbone=CLIP ViT-L/14  engine=FaissHNSWFlat params={'M': 32, 'efConstruction': 200, 'efSearch': 200} k=1000 alpha=0.00 n_refs=10 ref_strategy=centroid constraint=verb
[Iter 50] Building CLIP_Set_50  (graph=yes)...
[OK] DescriptorSet 'CLIP_Set_50' created  dim=768  metric=L2
[GRAPH] PMGD metadata provided — storing object_id + verb_id per descriptor
Indexing 47,776 CLIP vectors  dim=768  set=CLIP_Set_50  (batch_properties=500, with metadata)...
  CLIP failures: 0/47776  (OK)
[OK] 'CLIP_Set_50' indexed  (13.3s)
[Iter 50] Index built in 13.4s
[Iter 50] Running 600 queries...
[TextDINO q0] HOI=motorcycle|race  CLIP=106 candidates  k=1000  alpha=0.00  constraint=verb
[Iter 50] Timing breakdown:
  Index build:      13.4s  (one-time)
  Query (Stage-1):  131.37ms/query  (VDMS ANN)
  Rerank (Stage-2): 0.00ms/query  (DINOv2 numpy)
  Total latency:    131.41ms/query
  QPS:              7.6

[Results iter 50]
  Score (QPS [constrained]): 7.6098
  mAP (plain):       0.2645
  QPS:               7.61
  P@10:              0.5728
  nDCG@10:           0.6338

================================================================================
OPTIMIZATION COMPLETE
================================================================================
Best Score:  188.0729
Best mAP:    0.1692
Best QPS:    188.07
Best Config: {'engine': 'FaissHNSWFlat', 'params': {'M': 32, 'efConstruction': 200, 'efSearch': 200}, 'k_neighbors': 100, 'alpha': 0.15, 'n_refs': 10, 'ref_strategy': 'centroid', 'constraint_strategy': 'verb', '_iter': 40}

[OK] Results saved to /work/hdd/bdjd/vdms_workflow/semantic_vdms/FINAL_RESULTS/hico_det/results/optuna_seed42.json
Finished: Thu Apr 23 16:14:48 CDT 2026  Exit: 0  Output: /work/hdd/bdjd/vdms_workflow/semantic_vdms/FINAL_RESULTS/hico_det/results/optuna_seed42.json
