===== Random search rerun seed=99 =====
Job: 17803360  Node: gpub002.delta.ncsa.illinois.edu  Started: Wed Apr 22 11:01:02 CDT 2026
Usage:
  apptainer [global options...] instance stop [stop options...] [instance]

Run 'apptainer --help' for more detailed usage information.
[VDMS] Ready on port 55638
[Score] Constrained objective: Score = QPS  if mAP ≥ 0.150 else 0
Starting random optimization. Iterations: 50, Seed: 99

================================================================================
ITERATION 1/50 (RANDOM)
================================================================================
  engine:       FaissHNSWFlat
  params:       {'M': 48, 'efConstruction': 200, 'efSearch': 64}
  k_neighbors:  500
  alpha:        0.20
[GEOM] SPM-VLAD-SIFT (1×1+2×2+1×3=8 cells, bbox-crop, PCA-512)  shape=(47776, 512)
[OK] HICO-DET loaded: 47776 images
     Geom  (47776, 512)  (SPM-VLAD-SIFT (1×1+2×2+1×3=8 cells, bbox-crop, PCA-512))
     Deep  (47776, 1024)  (DINOv2 ViT-L/14-reg4 HOI-crop  1024-d)
     Deep norms: 1.000000 ± 0.000000
     HOI categories: 600
     Images/HOI: min=6  max=1844  mean=151.1
[OK] HOI queries built: 600 queries  (skipped 0 HOIs with < 6 images)
     Relevant/query: min=5  max=1843  mean=150.1
[Cache] HICO-DET loaded (CLIP ViT-L/14): clip_db=(47776, 768)  dinov2_db=(47776, 1024)  text_q=(600, 768)  queries=600
[OK] PMGD metadata loaded: 47776 images  (80 objects, 117 verbs)

[Iter 1] backbone=CLIP ViT-L/14  engine=FaissHNSWFlat params={'M': 48, 'efConstruction': 200, 'efSearch': 64} k=500 alpha=0.20 n_refs=3 ref_strategy=first constraint=verb
[Iter 1] Building CLIP_Set_1  (graph=yes)...
[OK] DescriptorSet 'CLIP_Set_1' created  dim=768  metric=L2
[GRAPH] PMGD metadata provided — storing object_id + verb_id per descriptor
Indexing 47,776 CLIP vectors  dim=768  set=CLIP_Set_1  (batch_properties=500, with metadata)...
  CLIP failures: 0/47776  (OK)
[OK] 'CLIP_Set_1' indexed  (11.6s)
[Iter 1] Index built in 11.7s
[Iter 1] Running 600 queries...
[TextDINO q0] HOI=motorcycle|race  CLIP=102 candidates  k=500  alpha=0.20  constraint=verb
[Iter 1] Timing breakdown:
  Index build:      11.7s  (one-time)
  Query (Stage-1):  61.26ms/query  (VDMS ANN)
  Rerank (Stage-2): 0.11ms/query  (DINOv2 numpy)
  Total latency:    61.47ms/query
  QPS:              16.3

[Results iter 1]
  Score (QPS [constrained]): 16.2670
  mAP (plain):       0.2693
  QPS:               16.27
  P@10:              0.5813
  nDCG@10:           0.6456

================================================================================
ITERATION 2/50 (RANDOM)
================================================================================
[VDMS] Restarting for clean DB (iteration 2)...
[VDMS] Ready on port 55638
[VDMS] Restart complete.
  engine:       FaissFlat
  params:       {}
  k_neighbors:  100
  alpha:        0.85
[OK] PMGD metadata loaded: 47776 images  (80 objects, 117 verbs)

[Iter 2] backbone=CLIP ViT-L/14  engine=FaissFlat params={} k=100 alpha=0.85 n_refs=10 ref_strategy=diverse constraint=object_and_verb
[Iter 2] Building CLIP_Set_2  (graph=yes)...
[OK] DescriptorSet 'CLIP_Set_2' created  dim=768  metric=L2
[GRAPH] PMGD metadata provided — storing object_id + verb_id per descriptor
Indexing 47,776 CLIP vectors  dim=768  set=CLIP_Set_2  (batch_properties=500, with metadata)...
  CLIP failures: 0/47776  (OK)
[OK] 'CLIP_Set_2' indexed  (8.4s)
[Iter 2] Index built in 8.4s
[Iter 2] Running 600 queries...
[TextDINO q0] HOI=motorcycle|race  CLIP=29 candidates  k=100  alpha=0.85  constraint=object_and_verb
[Iter 2] Timing breakdown:
  Index build:      8.4s  (one-time)
  Query (Stage-1):  13.82ms/query  (VDMS ANN)
  Rerank (Stage-2): 0.05ms/query  (DINOv2 numpy)
  Total latency:    13.89ms/query
  QPS:              72.0

[Results iter 2]
  Score (QPS [constrained]): 71.9839
  mAP (plain):       0.1930
  QPS:               71.98
  P@10:              0.5302
  nDCG@10:           0.6112

================================================================================
ITERATION 3/50 (RANDOM)
================================================================================
[VDMS] Restarting for clean DB (iteration 3)...
[VDMS] Ready on port 55638
[VDMS] Restart complete.
  engine:       FaissFlat
  params:       {}
  k_neighbors:  50
  alpha:        0.10
[OK] PMGD metadata loaded: 47776 images  (80 objects, 117 verbs)

[Iter 3] backbone=CLIP ViT-L/14  engine=FaissFlat params={} k=50 alpha=0.10 n_refs=10 ref_strategy=diverse constraint=object_and_verb
[Iter 3] Building CLIP_Set_3  (graph=yes)...
[OK] DescriptorSet 'CLIP_Set_3' created  dim=768  metric=L2
[GRAPH] PMGD metadata provided — storing object_id + verb_id per descriptor
Indexing 47,776 CLIP vectors  dim=768  set=CLIP_Set_3  (batch_properties=500, with metadata)...
  CLIP failures: 0/47776  (OK)
[OK] 'CLIP_Set_3' indexed  (8.4s)
[Iter 3] Index built in 8.4s
[Iter 3] Running 600 queries...
[TextDINO q0] HOI=motorcycle|race  CLIP=15 candidates  k=50  alpha=0.10  constraint=object_and_verb
[Iter 3] Timing breakdown:
  Index build:      8.4s  (one-time)
  Query (Stage-1):  10.95ms/query  (VDMS ANN)
  Rerank (Stage-2): 0.03ms/query  (DINOv2 numpy)
  Total latency:    11.00ms/query
  QPS:              90.9

[Results iter 3]
  Score (QPS [constrained]): 0.0000
  mAP (plain):       0.1392
  QPS:               90.95
  P@10:              0.4523
  nDCG@10:           0.5323

================================================================================
ITERATION 4/50 (RANDOM)
================================================================================
[VDMS] Restarting for clean DB (iteration 4)...
[VDMS] Ready on port 55638
[VDMS] Restart complete.
  engine:       FaissFlat
  params:       {}
  k_neighbors:  1000
  alpha:        0.35
[OK] PMGD metadata loaded: 47776 images  (80 objects, 117 verbs)

[Iter 4] backbone=CLIP ViT-L/14  engine=FaissFlat params={} k=1000 alpha=0.35 n_refs=1 ref_strategy=first constraint=object
[Iter 4] Building CLIP_Set_4  (graph=yes)...
[OK] DescriptorSet 'CLIP_Set_4' created  dim=768  metric=L2
[GRAPH] PMGD metadata provided — storing object_id + verb_id per descriptor
Indexing 47,776 CLIP vectors  dim=768  set=CLIP_Set_4  (batch_properties=500, with metadata)...
  CLIP failures: 0/47776  (OK)
[OK] 'CLIP_Set_4' indexed  (8.4s)
[Iter 4] Index built in 8.4s
[Iter 4] Running 600 queries...
[TextDINO q0] HOI=motorcycle|race  CLIP=919 candidates  k=1000  alpha=0.35  constraint=object
[Iter 4] Timing breakdown:
  Index build:      8.4s  (one-time)
  Query (Stage-1):  226.15ms/query  (VDMS ANN)
  Rerank (Stage-2): 0.59ms/query  (DINOv2 numpy)
  Total latency:    226.97ms/query
  QPS:              4.4

[Results iter 4]
  Score (QPS [constrained]): 4.4058
  mAP (plain):       0.3008
  QPS:               4.41
  P@10:              0.4073
  nDCG@10:           0.4360

================================================================================
ITERATION 5/50 (RANDOM)
================================================================================
[VDMS] Restarting for clean DB (iteration 5)...
[VDMS] Ready on port 55638
[VDMS] Restart complete.
  engine:       FaissIVFFlat
  params:       {'nlist': 512, 'nprobe': 32}
  k_neighbors:  100
  alpha:        0.60

[Iter 5] backbone=CLIP ViT-L/14  engine=FaissIVFFlat params={'nlist': 512, 'nprobe': 32} k=100 alpha=0.60 n_refs=3 ref_strategy=diverse constraint=none
[Iter 5] Building CLIP_Set_5  (graph=no)...
[OK] DescriptorSet 'CLIP_Set_5' created  dim=768  metric=L2
Indexing 47,776 CLIP vectors  dim=768  set=CLIP_Set_5  (batch_properties=500)...
  CLIP failures: 0/47776  (OK)
[OK] 'CLIP_Set_5' indexed  (16.1s)
[Iter 5] Index built in 16.2s
[Iter 5] Running 600 queries...
[TextDINO q0] HOI=motorcycle|race  CLIP=5 candidates  k=100  alpha=0.60  constraint=none
[Iter 5] Timing breakdown:
  Index build:      16.2s  (one-time)
  Query (Stage-1):  0.40ms/query  (VDMS ANN)
  Rerank (Stage-2): 0.03ms/query  (DINOv2 numpy)
  Total latency:    0.44ms/query
  QPS:              2248.5

[Results iter 5]
  Score (QPS [constrained]): 0.0000
  mAP (plain):       0.0000
  QPS:               2248.53
  P@10:              0.0010
  nDCG@10:           0.0019

================================================================================
ITERATION 6/50 (RANDOM)
================================================================================
[VDMS] Restarting for clean DB (iteration 6)...
[VDMS] Ready on port 55638
[VDMS] Restart complete.
  engine:       FaissIVFFlat
  params:       {'nlist': 128, 'nprobe': 8}
  k_neighbors:  200
  alpha:        0.90
[OK] PMGD metadata loaded: 47776 images  (80 objects, 117 verbs)

[Iter 6] backbone=CLIP ViT-L/14  engine=FaissIVFFlat params={'nlist': 128, 'nprobe': 8} k=200 alpha=0.90 n_refs=3 ref_strategy=centroid constraint=object_and_verb
[Iter 6] Building CLIP_Set_6  (graph=yes)...
[OK] DescriptorSet 'CLIP_Set_6' created  dim=768  metric=L2
[GRAPH] PMGD metadata provided — storing object_id + verb_id per descriptor
Indexing 47,776 CLIP vectors  dim=768  set=CLIP_Set_6  (batch_properties=500, with metadata)...
  CLIP failures: 0/47776  (OK)
[OK] 'CLIP_Set_6' indexed  (15.1s)
[Iter 6] Index built in 15.2s
[Iter 6] Running 600 queries...
[TextDINO q0] HOI=motorcycle|race  CLIP=0 candidates  k=200  alpha=0.90  constraint=object_and_verb
[Iter 6] Timing breakdown:
  Index build:      15.2s  (one-time)
  Query (Stage-1):  0.31ms/query  (VDMS ANN)
  Rerank (Stage-2): 0.00ms/query  (DINOv2 numpy)
  Total latency:    0.36ms/query
  QPS:              2741.2

[Results iter 6]
  Score (QPS [constrained]): 0.0000
  mAP (plain):       0.0000
  QPS:               2741.22
  P@10:              0.0008
  nDCG@10:           0.0017

================================================================================
ITERATION 7/50 (RANDOM)
================================================================================
[VDMS] Restarting for clean DB (iteration 7)...
[VDMS] Ready on port 55638
[VDMS] Restart complete.
  engine:       FaissHNSWFlat
  params:       {'M': 64, 'efConstruction': 200, 'efSearch': 32}
  k_neighbors:  150
  alpha:        0.55

[Iter 7] backbone=CLIP ViT-L/14  engine=FaissHNSWFlat params={'M': 64, 'efConstruction': 200, 'efSearch': 32} k=150 alpha=0.55 n_refs=3 ref_strategy=centroid constraint=none
[Iter 7] Building CLIP_Set_7  (graph=no)...
[OK] DescriptorSet 'CLIP_Set_7' created  dim=768  metric=L2
Indexing 47,776 CLIP vectors  dim=768  set=CLIP_Set_7  (batch_properties=500)...
  CLIP failures: 0/47776  (OK)
[OK] 'CLIP_Set_7' indexed  (11.1s)
[Iter 7] Index built in 11.2s
[Iter 7] Running 600 queries...
[TextDINO q0] HOI=motorcycle|race  CLIP=150 candidates  k=150  alpha=0.55  constraint=none
[Iter 7] Timing breakdown:
  Index build:      11.2s  (one-time)
  Query (Stage-1):  11.99ms/query  (VDMS ANN)
  Rerank (Stage-2): 0.23ms/query  (DINOv2 numpy)
  Total latency:    12.30ms/query
  QPS:              81.3

[Results iter 7]
  Score (QPS [constrained]): 81.3031
  mAP (plain):       0.2115
  QPS:               81.30
  P@10:              0.4308
  nDCG@10:           0.4895

================================================================================
ITERATION 8/50 (RANDOM)
================================================================================
[VDMS] Restarting for clean DB (iteration 8)...
[VDMS] Ready on port 55638
[VDMS] Restart complete.
  engine:       FaissHNSWFlat
  params:       {'M': 16, 'efConstruction': 200, 'efSearch': 64}
  k_neighbors:  200
  alpha:        0.60
[OK] PMGD metadata loaded: 47776 images  (80 objects, 117 verbs)

[Iter 8] backbone=CLIP ViT-L/14  engine=FaissHNSWFlat params={'M': 16, 'efConstruction': 200, 'efSearch': 64} k=200 alpha=0.60 n_refs=3 ref_strategy=first constraint=object
[Iter 8] Building CLIP_Set_8  (graph=yes)...
[OK] DescriptorSet 'CLIP_Set_8' created  dim=768  metric=L2
[GRAPH] PMGD metadata provided — storing object_id + verb_id per descriptor
Indexing 47,776 CLIP vectors  dim=768  set=CLIP_Set_8  (batch_properties=500, with metadata)...
  CLIP failures: 0/47776  (OK)
[OK] 'CLIP_Set_8' indexed  (11.6s)
[Iter 8] Index built in 11.6s
[Iter 8] Running 600 queries...
[TextDINO q0] HOI=motorcycle|race  CLIP=199 candidates  k=200  alpha=0.60  constraint=object
[Iter 8] Timing breakdown:
  Index build:      11.6s  (one-time)
  Query (Stage-1):  16.78ms/query  (VDMS ANN)
  Rerank (Stage-2): 0.22ms/query  (DINOv2 numpy)
  Total latency:    17.08ms/query
  QPS:              58.6

[Results iter 8]
  Score (QPS [constrained]): 58.5597
  mAP (plain):       0.2439
  QPS:               58.56
  P@10:              0.4682
  nDCG@10:           0.5273

================================================================================
ITERATION 9/50 (RANDOM)
================================================================================
[VDMS] Restarting for clean DB (iteration 9)...
[VDMS] Ready on port 55638
[VDMS] Restart complete.
  engine:       FaissFlat
  params:       {}
  k_neighbors:  200
  alpha:        0.40
[OK] PMGD metadata loaded: 47776 images  (80 objects, 117 verbs)

[Iter 9] backbone=CLIP ViT-L/14  engine=FaissFlat params={} k=200 alpha=0.40 n_refs=3 ref_strategy=diverse constraint=object
[Iter 9] Building CLIP_Set_9  (graph=yes)...
[OK] DescriptorSet 'CLIP_Set_9' created  dim=768  metric=L2
[GRAPH] PMGD metadata provided — storing object_id + verb_id per descriptor
Indexing 47,776 CLIP vectors  dim=768  set=CLIP_Set_9  (batch_properties=500, with metadata)...
  CLIP failures: 0/47776  (OK)
[OK] 'CLIP_Set_9' indexed  (8.4s)
[Iter 9] Index built in 8.5s
[Iter 9] Running 600 queries...
[TextDINO q0] HOI=motorcycle|race  CLIP=200 candidates  k=200  alpha=0.40  constraint=object
[Iter 9] Timing breakdown:
  Index build:      8.5s  (one-time)
  Query (Stage-1):  25.18ms/query  (VDMS ANN)
  Rerank (Stage-2): 0.21ms/query  (DINOv2 numpy)
  Total latency:    25.47ms/query
  QPS:              39.3

[Results iter 9]
  Score (QPS [constrained]): 39.2690
  mAP (plain):       0.2427
  QPS:               39.27
  P@10:              0.4418
  nDCG@10:           0.4844

================================================================================
ITERATION 10/50 (RANDOM)
================================================================================
[VDMS] Restarting for clean DB (iteration 10)...
[VDMS] Ready on port 55638
[VDMS] Restart complete.
  engine:       FaissFlat
  params:       {}
  k_neighbors:  500
  alpha:        0.30

[Iter 10] backbone=CLIP ViT-L/14  engine=FaissFlat params={} k=500 alpha=0.30 n_refs=3 ref_strategy=diverse constraint=none
[Iter 10] Building CLIP_Set_10  (graph=no)...
[OK] DescriptorSet 'CLIP_Set_10' created  dim=768  metric=L2
Indexing 47,776 CLIP vectors  dim=768  set=CLIP_Set_10  (batch_properties=500)...
  CLIP failures: 0/47776  (OK)
[OK] 'CLIP_Set_10' indexed  (7.9s)
[Iter 10] Index built in 7.9s
[Iter 10] Running 600 queries...
[TextDINO q0] HOI=motorcycle|race  CLIP=500 candidates  k=500  alpha=0.30  constraint=none
[Iter 10] Timing breakdown:
  Index build:      7.9s  (one-time)
  Query (Stage-1):  78.72ms/query  (VDMS ANN)
  Rerank (Stage-2): 0.69ms/query  (DINOv2 numpy)
  Total latency:    79.63ms/query
  QPS:              12.6

[Results iter 10]
  Score (QPS [constrained]): 12.5573
  mAP (plain):       0.2588
  QPS:               12.56
  P@10:              0.4000
  nDCG@10:           0.4382

================================================================================
ITERATION 11/50 (RANDOM)
================================================================================
[VDMS] Restarting for clean DB (iteration 11)...
[VDMS] Ready on port 55638
[VDMS] Restart complete.
  engine:       FaissFlat
  params:       {}
  k_neighbors:  300
  alpha:        0.90
[OK] PMGD metadata loaded: 47776 images  (80 objects, 117 verbs)

[Iter 11] backbone=CLIP ViT-L/14  engine=FaissFlat params={} k=300 alpha=0.90 n_refs=10 ref_strategy=diverse constraint=object_and_verb
[Iter 11] Building CLIP_Set_11  (graph=yes)...
[OK] DescriptorSet 'CLIP_Set_11' created  dim=768  metric=L2
[GRAPH] PMGD metadata provided — storing object_id + verb_id per descriptor
Indexing 47,776 CLIP vectors  dim=768  set=CLIP_Set_11  (batch_properties=500, with metadata)...
  CLIP failures: 0/47776  (OK)
[OK] 'CLIP_Set_11' indexed  (8.4s)
[Iter 11] Index built in 8.4s
[Iter 11] Running 600 queries...
[TextDINO q0] HOI=motorcycle|race  CLIP=68 candidates  k=300  alpha=0.90  constraint=object_and_verb
[Iter 11] Timing breakdown:
  Index build:      8.4s  (one-time)
  Query (Stage-1):  34.31ms/query  (VDMS ANN)
  Rerank (Stage-2): 0.07ms/query  (DINOv2 numpy)
  Total latency:    34.41ms/query
  QPS:              29.1

[Results iter 11]
  Score (QPS [constrained]): 29.0596
  mAP (plain):       0.3083
  QPS:               29.06
  P@10:              0.6432
  nDCG@10:           0.7196

================================================================================
ITERATION 12/50 (RANDOM)
================================================================================
[VDMS] Restarting for clean DB (iteration 12)...
[VDMS] Ready on port 55638
[VDMS] Restart complete.
  engine:       FaissFlat
  params:       {}
  k_neighbors:  300
  alpha:        0.45
[OK] PMGD metadata loaded: 47776 images  (80 objects, 117 verbs)

[Iter 12] backbone=CLIP ViT-L/14  engine=FaissFlat params={} k=300 alpha=0.45 n_refs=5 ref_strategy=centroid constraint=object
[Iter 12] Building CLIP_Set_12  (graph=yes)...
[OK] DescriptorSet 'CLIP_Set_12' created  dim=768  metric=L2
[GRAPH] PMGD metadata provided — storing object_id + verb_id per descriptor
Indexing 47,776 CLIP vectors  dim=768  set=CLIP_Set_12  (batch_properties=500, with metadata)...
  CLIP failures: 0/47776  (OK)
[OK] 'CLIP_Set_12' indexed  (8.4s)
[Iter 12] Index built in 8.4s
[Iter 12] Running 600 queries...
[TextDINO q0] HOI=motorcycle|race  CLIP=296 candidates  k=300  alpha=0.45  constraint=object
[Iter 12] Timing breakdown:
  Index build:      8.4s  (one-time)
  Query (Stage-1):  39.09ms/query  (VDMS ANN)
  Rerank (Stage-2): 0.30ms/query  (DINOv2 numpy)
  Total latency:    39.48ms/query
  QPS:              25.3

[Results iter 12]
  Score (QPS [constrained]): 25.3282
  mAP (plain):       0.2814
  QPS:               25.33
  P@10:              0.4685
  nDCG@10:           0.5213

================================================================================
ITERATION 13/50 (RANDOM)
================================================================================
[VDMS] Restarting for clean DB (iteration 13)...
[VDMS] Ready on port 55638
[VDMS] Restart complete.
  engine:       FaissFlat
  params:       {}
  k_neighbors:  750
  alpha:        0.55
[OK] PMGD metadata loaded: 47776 images  (80 objects, 117 verbs)

[Iter 13] backbone=CLIP ViT-L/14  engine=FaissFlat params={} k=750 alpha=0.55 n_refs=3 ref_strategy=centroid constraint=object_and_verb
[Iter 13] Building CLIP_Set_13  (graph=yes)...
[OK] DescriptorSet 'CLIP_Set_13' created  dim=768  metric=L2
[GRAPH] PMGD metadata provided — storing object_id + verb_id per descriptor
Indexing 47,776 CLIP vectors  dim=768  set=CLIP_Set_13  (batch_properties=500, with metadata)...
  CLIP failures: 0/47776  (OK)
[OK] 'CLIP_Set_13' indexed  (8.4s)
[Iter 13] Index built in 8.4s
[Iter 13] Running 600 queries...
[TextDINO q0] HOI=motorcycle|race  CLIP=124 candidates  k=750  alpha=0.55  constraint=object_and_verb
[Iter 13] Timing breakdown:
  Index build:      8.4s  (one-time)
  Query (Stage-1):  133.71ms/query  (VDMS ANN)
  Rerank (Stage-2): 0.09ms/query  (DINOv2 numpy)
  Total latency:    133.86ms/query
  QPS:              7.5

[Results iter 13]
  Score (QPS [constrained]): 7.4705
  mAP (plain):       0.4079
  QPS:               7.47
  P@10:              0.7068
  nDCG@10:           0.7787

================================================================================
ITERATION 14/50 (RANDOM)
================================================================================
[VDMS] Restarting for clean DB (iteration 14)...
[VDMS] Ready on port 55638
[VDMS] Restart complete.
  engine:       FaissFlat
  params:       {}
  k_neighbors:  1000
  alpha:        0.25
[OK] PMGD metadata loaded: 47776 images  (80 objects, 117 verbs)

[Iter 14] backbone=CLIP ViT-L/14  engine=FaissFlat params={} k=1000 alpha=0.25 n_refs=3 ref_strategy=diverse constraint=verb
[Iter 14] Building CLIP_Set_14  (graph=yes)...
[OK] DescriptorSet 'CLIP_Set_14' created  dim=768  metric=L2
[GRAPH] PMGD metadata provided — storing object_id + verb_id per descriptor
Indexing 47,776 CLIP vectors  dim=768  set=CLIP_Set_14  (batch_properties=500, with metadata)...
  CLIP failures: 0/47776  (OK)
[OK] 'CLIP_Set_14' indexed  (8.4s)
[Iter 14] Index built in 8.4s
[Iter 14] Running 600 queries...
[TextDINO q0] HOI=motorcycle|race  CLIP=142 candidates  k=1000  alpha=0.25  constraint=verb
[Iter 14] Timing breakdown:
  Index build:      8.4s  (one-time)
  Query (Stage-1):  222.59ms/query  (VDMS ANN)
  Rerank (Stage-2): 0.19ms/query  (DINOv2 numpy)
  Total latency:    222.90ms/query
  QPS:              4.5

[Results iter 14]
  Score (QPS [constrained]): 4.4864
  mAP (plain):       0.3789
  QPS:               4.49
  P@10:              0.6427
  nDCG@10:           0.7072

================================================================================
ITERATION 15/50 (RANDOM)
================================================================================
[VDMS] Restarting for clean DB (iteration 15)...
[VDMS] Ready on port 55638
[VDMS] Restart complete.
  engine:       FaissIVFFlat
  params:       {'nlist': 512, 'nprobe': 4}
  k_neighbors:  500
  alpha:        0.45
[OK] PMGD metadata loaded: 47776 images  (80 objects, 117 verbs)

[Iter 15] backbone=CLIP ViT-L/14  engine=FaissIVFFlat params={'nlist': 512, 'nprobe': 4} k=500 alpha=0.45 n_refs=10 ref_strategy=first constraint=object
[Iter 15] Building CLIP_Set_15  (graph=yes)...
[OK] DescriptorSet 'CLIP_Set_15' created  dim=768  metric=L2
[GRAPH] PMGD metadata provided — storing object_id + verb_id per descriptor
Indexing 47,776 CLIP vectors  dim=768  set=CLIP_Set_15  (batch_properties=500, with metadata)...
  CLIP failures: 0/47776  (OK)
[OK] 'CLIP_Set_15' indexed  (14.8s)
[Iter 15] Index built in 14.8s
[Iter 15] Running 600 queries...
[TextDINO q0] HOI=motorcycle|race  CLIP=0 candidates  k=500  alpha=0.45  constraint=object
[Iter 15] Timing breakdown:
  Index build:      14.8s  (one-time)
  Query (Stage-1):  0.31ms/query  (VDMS ANN)
  Rerank (Stage-2): 0.00ms/query  (DINOv2 numpy)
  Total latency:    0.33ms/query
  QPS:              3068.3

[Results iter 15]
  Score (QPS [constrained]): 0.0000
  mAP (plain):       0.0000
  QPS:               3068.30
  P@10:              0.0010
  nDCG@10:           0.0021

================================================================================
ITERATION 16/50 (RANDOM)
================================================================================
[VDMS] Restarting for clean DB (iteration 16)...
[VDMS] Ready on port 55638
[VDMS] Restart complete.
  engine:       FaissHNSWFlat
  params:       {'M': 8, 'efConstruction': 200, 'efSearch': 32}
  k_neighbors:  50
  alpha:        0.00
[OK] PMGD metadata loaded: 47776 images  (80 objects, 117 verbs)

[Iter 16] backbone=CLIP ViT-L/14  engine=FaissHNSWFlat params={'M': 8, 'efConstruction': 200, 'efSearch': 32} k=50 alpha=0.00 n_refs=5 ref_strategy=diverse constraint=object_and_verb
[Iter 16] Building CLIP_Set_16  (graph=yes)...
[OK] DescriptorSet 'CLIP_Set_16' created  dim=768  metric=L2
[GRAPH] PMGD metadata provided — storing object_id + verb_id per descriptor
Indexing 47,776 CLIP vectors  dim=768  set=CLIP_Set_16  (batch_properties=500, with metadata)...
  CLIP failures: 0/47776  (OK)
[OK] 'CLIP_Set_16' indexed  (11.6s)
[Iter 16] Index built in 11.7s
[Iter 16] Running 600 queries...
[TextDINO q0] HOI=motorcycle|race  CLIP=17 candidates  k=50  alpha=0.00  constraint=object_and_verb
[Iter 16] Timing breakdown:
  Index build:      11.7s  (one-time)
  Query (Stage-1):  2.56ms/query  (VDMS ANN)
  Rerank (Stage-2): 0.00ms/query  (DINOv2 numpy)
  Total latency:    2.57ms/query
  QPS:              388.4

[Results iter 16]
  Score (QPS [constrained]): 0.0000
  mAP (plain):       0.1307
  QPS:               388.42
  P@10:              0.4330
  nDCG@10:           0.5100

================================================================================
ITERATION 17/50 (RANDOM)
================================================================================
[VDMS] Restarting for clean DB (iteration 17)...
[VDMS] Ready on port 55638
[VDMS] Restart complete.
  engine:       FaissFlat
  params:       {}
  k_neighbors:  200
  alpha:        0.20

[Iter 17] backbone=CLIP ViT-L/14  engine=FaissFlat params={} k=200 alpha=0.20 n_refs=3 ref_strategy=diverse constraint=none
[Iter 17] Building CLIP_Set_17  (graph=no)...
[OK] DescriptorSet 'CLIP_Set_17' created  dim=768  metric=L2
Indexing 47,776 CLIP vectors  dim=768  set=CLIP_Set_17  (batch_properties=500)...
  CLIP failures: 0/47776  (OK)
[OK] 'CLIP_Set_17' indexed  (7.9s)
[Iter 17] Index built in 8.0s
[Iter 17] Running 600 queries...
[TextDINO q0] HOI=motorcycle|race  CLIP=200 candidates  k=200  alpha=0.20  constraint=none
[Iter 17] Timing breakdown:
  Index build:      8.0s  (one-time)
  Query (Stage-1):  26.28ms/query  (VDMS ANN)
  Rerank (Stage-2): 0.30ms/query  (DINOv2 numpy)
  Total latency:    26.68ms/query
  QPS:              37.5

[Results iter 17]
  Score (QPS [constrained]): 37.4830
  mAP (plain):       0.1957
  QPS:               37.48
  P@10:              0.3693
  nDCG@10:           0.4047

================================================================================
ITERATION 18/50 (RANDOM)
================================================================================
[VDMS] Restarting for clean DB (iteration 18)...
[VDMS] Ready on port 55638
[VDMS] Restart complete.
  engine:       FaissHNSWFlat
  params:       {'M': 8, 'efConstruction': 200, 'efSearch': 64}
  k_neighbors:  300
  alpha:        0.50
[OK] PMGD metadata loaded: 47776 images  (80 objects, 117 verbs)

[Iter 18] backbone=CLIP ViT-L/14  engine=FaissHNSWFlat params={'M': 8, 'efConstruction': 200, 'efSearch': 64} k=300 alpha=0.50 n_refs=5 ref_strategy=diverse constraint=object_and_verb
[Iter 18] Building CLIP_Set_18  (graph=yes)...
[OK] DescriptorSet 'CLIP_Set_18' created  dim=768  metric=L2
[GRAPH] PMGD metadata provided — storing object_id + verb_id per descriptor
Indexing 47,776 CLIP vectors  dim=768  set=CLIP_Set_18  (batch_properties=500, with metadata)...
  CLIP failures: 0/47776  (OK)
[OK] 'CLIP_Set_18' indexed  (11.7s)
[Iter 18] Index built in 11.7s
[Iter 18] Running 600 queries...
[TextDINO q0] HOI=motorcycle|race  CLIP=74 candidates  k=300  alpha=0.50  constraint=object_and_verb
[Iter 18] Timing breakdown:
  Index build:      11.7s  (one-time)
  Query (Stage-1):  26.63ms/query  (VDMS ANN)
  Rerank (Stage-2): 0.06ms/query  (DINOv2 numpy)
  Total latency:    26.71ms/query
  QPS:              37.4

[Results iter 18]
  Score (QPS [constrained]): 37.4356
  mAP (plain):       0.2715
  QPS:               37.44
  P@10:              0.6187
  nDCG@10:           0.6890

================================================================================
ITERATION 19/50 (RANDOM)
================================================================================
[VDMS] Restarting for clean DB (iteration 19)...
[VDMS] Ready on port 55638
[VDMS] Restart complete.
  engine:       FaissHNSWFlat
  params:       {'M': 64, 'efConstruction': 200, 'efSearch': 100}
  k_neighbors:  1000
  alpha:        0.10
[OK] PMGD metadata loaded: 47776 images  (80 objects, 117 verbs)

[Iter 19] backbone=CLIP ViT-L/14  engine=FaissHNSWFlat params={'M': 64, 'efConstruction': 200, 'efSearch': 100} k=1000 alpha=0.10 n_refs=1 ref_strategy=diverse constraint=object
[Iter 19] Building CLIP_Set_19  (graph=yes)...
[OK] DescriptorSet 'CLIP_Set_19' created  dim=768  metric=L2
[GRAPH] PMGD metadata provided — storing object_id + verb_id per descriptor
Indexing 47,776 CLIP vectors  dim=768  set=CLIP_Set_19  (batch_properties=500, with metadata)...
  CLIP failures: 0/47776  (OK)
[OK] 'CLIP_Set_19' indexed  (11.6s)
[Iter 19] Index built in 11.7s
[Iter 19] Running 600 queries...
[TextDINO q0] HOI=motorcycle|race  CLIP=525 candidates  k=1000  alpha=0.10  constraint=object
[Iter 19] Timing breakdown:
  Index build:      11.7s  (one-time)
  Query (Stage-1):  136.25ms/query  (VDMS ANN)
  Rerank (Stage-2): 0.39ms/query  (DINOv2 numpy)
  Total latency:    136.77ms/query
  QPS:              7.3

[Results iter 19]
  Score (QPS [constrained]): 7.3114
  mAP (plain):       0.2255
  QPS:               7.31
  P@10:              0.3818
  nDCG@10:           0.4126

================================================================================
ITERATION 20/50 (RANDOM)
================================================================================
[VDMS] Restarting for clean DB (iteration 20)...
[VDMS] Ready on port 55638
[VDMS] Restart complete.
  engine:       FaissIVFFlat
  params:       {'nlist': 512, 'nprobe': 16}
  k_neighbors:  750
  alpha:        0.55
[OK] PMGD metadata loaded: 47776 images  (80 objects, 117 verbs)

[Iter 20] backbone=CLIP ViT-L/14  engine=FaissIVFFlat params={'nlist': 512, 'nprobe': 16} k=750 alpha=0.55 n_refs=5 ref_strategy=diverse constraint=object
[Iter 20] Building CLIP_Set_20  (graph=yes)...
[OK] DescriptorSet 'CLIP_Set_20' created  dim=768  metric=L2
[GRAPH] PMGD metadata provided — storing object_id + verb_id per descriptor
Indexing 47,776 CLIP vectors  dim=768  set=CLIP_Set_20  (batch_properties=500, with metadata)...
  CLIP failures: 0/47776  (OK)
[OK] 'CLIP_Set_20' indexed  (15.3s)
[Iter 20] Index built in 15.3s
[Iter 20] Running 600 queries...
[TextDINO q0] HOI=motorcycle|race  CLIP=0 candidates  k=750  alpha=0.55  constraint=object
[Iter 20] Timing breakdown:
  Index build:      15.3s  (one-time)
  Query (Stage-1):  0.31ms/query  (VDMS ANN)
  Rerank (Stage-2): 0.00ms/query  (DINOv2 numpy)
  Total latency:    0.37ms/query
  QPS:              2671.3

[Results iter 20]
  Score (QPS [constrained]): 0.0000
  mAP (plain):       0.0000
  QPS:               2671.28
  P@10:              0.0010
  nDCG@10:           0.0021

================================================================================
ITERATION 21/50 (RANDOM)
================================================================================
[VDMS] Restarting for clean DB (iteration 21)...
[VDMS] Ready on port 55638
[VDMS] Restart complete.
  engine:       FaissIVFFlat
  params:       {'nlist': 256, 'nprobe': 32}
  k_neighbors:  300
  alpha:        0.35
[OK] PMGD metadata loaded: 47776 images  (80 objects, 117 verbs)

[Iter 21] backbone=CLIP ViT-L/14  engine=FaissIVFFlat params={'nlist': 256, 'nprobe': 32} k=300 alpha=0.35 n_refs=5 ref_strategy=first constraint=verb
[Iter 21] Building CLIP_Set_21  (graph=yes)...
[OK] DescriptorSet 'CLIP_Set_21' created  dim=768  metric=L2
[GRAPH] PMGD metadata provided — storing object_id + verb_id per descriptor
Indexing 47,776 CLIP vectors  dim=768  set=CLIP_Set_21  (batch_properties=500, with metadata)...
  CLIP failures: 0/47776  (OK)
[OK] 'CLIP_Set_21' indexed  (16.4s)
[Iter 21] Index built in 16.4s
[Iter 21] Running 600 queries...
[TextDINO q0] HOI=motorcycle|race  CLIP=0 candidates  k=300  alpha=0.35  constraint=verb
[Iter 21] Timing breakdown:
  Index build:      16.4s  (one-time)
  Query (Stage-1):  0.31ms/query  (VDMS ANN)
  Rerank (Stage-2): 0.01ms/query  (DINOv2 numpy)
  Total latency:    0.32ms/query
  QPS:              3117.9

[Results iter 21]
  Score (QPS [constrained]): 0.0000
  mAP (plain):       0.0000
  QPS:               3117.89
  P@10:              0.0008
  nDCG@10:           0.0017

================================================================================
ITERATION 22/50 (RANDOM)
================================================================================
[VDMS] Restarting for clean DB (iteration 22)...
[VDMS] Ready on port 55638
[VDMS] Restart complete.
  engine:       FaissFlat
  params:       {}
  k_neighbors:  750
  alpha:        0.25
[OK] PMGD metadata loaded: 47776 images  (80 objects, 117 verbs)

[Iter 22] backbone=CLIP ViT-L/14  engine=FaissFlat params={} k=750 alpha=0.25 n_refs=3 ref_strategy=diverse constraint=object_and_verb
[Iter 22] Building CLIP_Set_22  (graph=yes)...
[OK] DescriptorSet 'CLIP_Set_22' created  dim=768  metric=L2
[GRAPH] PMGD metadata provided — storing object_id + verb_id per descriptor
Indexing 47,776 CLIP vectors  dim=768  set=CLIP_Set_22  (batch_properties=500, with metadata)...
  CLIP failures: 0/47776  (OK)
[OK] 'CLIP_Set_22' indexed  (8.4s)
[Iter 22] Index built in 8.5s
[Iter 22] Running 600 queries...
[TextDINO q0] HOI=motorcycle|race  CLIP=124 candidates  k=750  alpha=0.25  constraint=object_and_verb
[Iter 22] Timing breakdown:
  Index build:      8.5s  (one-time)
  Query (Stage-1):  134.34ms/query  (VDMS ANN)
  Rerank (Stage-2): 0.09ms/query  (DINOv2 numpy)
  Total latency:    134.46ms/query
  QPS:              7.4

[Results iter 22]
  Score (QPS [constrained]): 7.4372
  mAP (plain):       0.4078
  QPS:               7.44
  P@10:              0.7068
  nDCG@10:           0.7783

================================================================================
ITERATION 23/50 (RANDOM)
================================================================================
[VDMS] Restarting for clean DB (iteration 23)...
[VDMS] Ready on port 55638
[VDMS] Restart complete.
  engine:       FaissHNSWFlat
  params:       {'M': 8, 'efConstruction': 200, 'efSearch': 100}
  k_neighbors:  50
  alpha:        0.90
[OK] PMGD metadata loaded: 47776 images  (80 objects, 117 verbs)

[Iter 23] backbone=CLIP ViT-L/14  engine=FaissHNSWFlat params={'M': 8, 'efConstruction': 200, 'efSearch': 100} k=50 alpha=0.90 n_refs=1 ref_strategy=first constraint=verb
[Iter 23] Building CLIP_Set_23  (graph=yes)...
[OK] DescriptorSet 'CLIP_Set_23' created  dim=768  metric=L2
[GRAPH] PMGD metadata provided — storing object_id + verb_id per descriptor
Indexing 47,776 CLIP vectors  dim=768  set=CLIP_Set_23  (batch_properties=500, with metadata)...
  CLIP failures: 0/47776  (OK)
[OK] 'CLIP_Set_23' indexed  (11.6s)
[Iter 23] Index built in 11.7s
[Iter 23] Running 600 queries...
[TextDINO q0] HOI=motorcycle|race  CLIP=16 candidates  k=50  alpha=0.90  constraint=verb
[Iter 23] Timing breakdown:
  Index build:      11.7s  (one-time)
  Query (Stage-1):  2.45ms/query  (VDMS ANN)
  Rerank (Stage-2): 0.04ms/query  (DINOv2 numpy)
  Total latency:    2.51ms/query
  QPS:              397.7

[Results iter 23]
  Score (QPS [constrained]): 0.0000
  mAP (plain):       0.1267
  QPS:               397.67
  P@10:              0.4217
  nDCG@10:           0.4916

================================================================================
ITERATION 24/50 (RANDOM)
================================================================================
[VDMS] Restarting for clean DB (iteration 24)...
[VDMS] Ready on port 55638
[VDMS] Restart complete.
  engine:       FaissIVFFlat
  params:       {'nlist': 512, 'nprobe': 64}
  k_neighbors:  100
  alpha:        0.00
[OK] PMGD metadata loaded: 47776 images  (80 objects, 117 verbs)

[Iter 24] backbone=CLIP ViT-L/14  engine=FaissIVFFlat params={'nlist': 512, 'nprobe': 64} k=100 alpha=0.00 n_refs=3 ref_strategy=centroid constraint=object_and_verb
[Iter 24] Building CLIP_Set_24  (graph=yes)...
[OK] DescriptorSet 'CLIP_Set_24' created  dim=768  metric=L2
[GRAPH] PMGD metadata provided — storing object_id + verb_id per descriptor
Indexing 47,776 CLIP vectors  dim=768  set=CLIP_Set_24  (batch_properties=500, with metadata)...
  CLIP failures: 0/47776  (OK)
[OK] 'CLIP_Set_24' indexed  (16.0s)
[Iter 24] Index built in 16.0s
[Iter 24] Running 600 queries...
[TextDINO q0] HOI=motorcycle|race  CLIP=0 candidates  k=100  alpha=0.00  constraint=object_and_verb
[Iter 24] Timing breakdown:
  Index build:      16.0s  (one-time)
  Query (Stage-1):  0.30ms/query  (VDMS ANN)
  Rerank (Stage-2): 0.00ms/query  (DINOv2 numpy)
  Total latency:    0.31ms/query
  QPS:              3240.3

[Results iter 24]
  Score (QPS [constrained]): 0.0000
  mAP (plain):       0.0000
  QPS:               3240.29
  P@10:              0.0008
  nDCG@10:           0.0017

================================================================================
ITERATION 25/50 (RANDOM)
================================================================================
[VDMS] Restarting for clean DB (iteration 25)...
[VDMS] Ready on port 55638
[VDMS] Restart complete.
  engine:       FaissFlat
  params:       {}
  k_neighbors:  150
  alpha:        0.05
[OK] PMGD metadata loaded: 47776 images  (80 objects, 117 verbs)

[Iter 25] backbone=CLIP ViT-L/14  engine=FaissFlat params={} k=150 alpha=0.05 n_refs=10 ref_strategy=centroid constraint=object
[Iter 25] Building CLIP_Set_25  (graph=yes)...
[OK] DescriptorSet 'CLIP_Set_25' created  dim=768  metric=L2
[GRAPH] PMGD metadata provided — storing object_id + verb_id per descriptor
Indexing 47,776 CLIP vectors  dim=768  set=CLIP_Set_25  (batch_properties=500, with metadata)...
  CLIP failures: 0/47776  (OK)
[OK] 'CLIP_Set_25' indexed  (8.3s)
[Iter 25] Index built in 8.4s
[Iter 25] Running 600 queries...
[TextDINO q0] HOI=motorcycle|race  CLIP=150 candidates  k=150  alpha=0.05  constraint=object
[Iter 25] Timing breakdown:
  Index build:      8.4s  (one-time)
  Query (Stage-1):  20.03ms/query  (VDMS ANN)
  Rerank (Stage-2): 0.18ms/query  (DINOv2 numpy)
  Total latency:    20.26ms/query
  QPS:              49.3

[Results iter 25]
  Score (QPS [constrained]): 49.3463
  mAP (plain):       0.1893
  QPS:               49.35
  P@10:              0.3837
  nDCG@10:           0.4164

================================================================================
ITERATION 26/50 (RANDOM)
================================================================================
[VDMS] Restarting for clean DB (iteration 26)...
[VDMS] Ready on port 55638
[VDMS] Restart complete.
  engine:       FaissIVFFlat
  params:       {'nlist': 128, 'nprobe': 16}
  k_neighbors:  1000
  alpha:        0.20
[OK] PMGD metadata loaded: 47776 images  (80 objects, 117 verbs)

[Iter 26] backbone=CLIP ViT-L/14  engine=FaissIVFFlat params={'nlist': 128, 'nprobe': 16} k=1000 alpha=0.20 n_refs=1 ref_strategy=first constraint=object_and_verb
[Iter 26] Building CLIP_Set_26  (graph=yes)...
[OK] DescriptorSet 'CLIP_Set_26' created  dim=768  metric=L2
[GRAPH] PMGD metadata provided — storing object_id + verb_id per descriptor
Indexing 47,776 CLIP vectors  dim=768  set=CLIP_Set_26  (batch_properties=500, with metadata)...
  CLIP failures: 0/47776  (OK)
[OK] 'CLIP_Set_26' indexed  (15.4s)
[Iter 26] Index built in 15.4s
[Iter 26] Running 600 queries...
[TextDINO q0] HOI=motorcycle|race  CLIP=0 candidates  k=1000  alpha=0.20  constraint=object_and_verb
[Iter 26] Timing breakdown:
  Index build:      15.4s  (one-time)
  Query (Stage-1):  0.33ms/query  (VDMS ANN)
  Rerank (Stage-2): 0.00ms/query  (DINOv2 numpy)
  Total latency:    0.35ms/query
  QPS:              2884.9

[Results iter 26]
  Score (QPS [constrained]): 0.0000
  mAP (plain):       0.0000
  QPS:               2884.89
  P@10:              0.0008
  nDCG@10:           0.0017

================================================================================
ITERATION 27/50 (RANDOM)
================================================================================
[VDMS] Restarting for clean DB (iteration 27)...
[VDMS] Ready on port 55638
[VDMS] Restart complete.
  engine:       FaissFlat
  params:       {}
  k_neighbors:  50
  alpha:        0.90

[Iter 27] backbone=CLIP ViT-L/14  engine=FaissFlat params={} k=50 alpha=0.90 n_refs=3 ref_strategy=diverse constraint=none
[Iter 27] Building CLIP_Set_27  (graph=no)...
[OK] DescriptorSet 'CLIP_Set_27' created  dim=768  metric=L2
Indexing 47,776 CLIP vectors  dim=768  set=CLIP_Set_27  (batch_properties=500)...
  CLIP failures: 0/47776  (OK)
[OK] 'CLIP_Set_27' indexed  (7.9s)
[Iter 27] Index built in 7.9s
[Iter 27] Running 600 queries...
[TextDINO q0] HOI=motorcycle|race  CLIP=50 candidates  k=50  alpha=0.90  constraint=none
[Iter 27] Timing breakdown:
  Index build:      7.9s  (one-time)
  Query (Stage-1):  11.78ms/query  (VDMS ANN)
  Rerank (Stage-2): 0.10ms/query  (DINOv2 numpy)
  Total latency:    11.91ms/query
  QPS:              84.0

[Results iter 27]
  Score (QPS [constrained]): 83.9795
  mAP (plain):       0.1640
  QPS:               83.98
  P@10:              0.4255
  nDCG@10:           0.4856

================================================================================
ITERATION 28/50 (RANDOM)
================================================================================
[VDMS] Restarting for clean DB (iteration 28)...
[VDMS] Ready on port 55638
[VDMS] Restart complete.
  engine:       FaissIVFFlat
  params:       {'nlist': 128, 'nprobe': 8}
  k_neighbors:  500
  alpha:        0.35
[OK] PMGD metadata loaded: 47776 images  (80 objects, 117 verbs)

[Iter 28] backbone=CLIP ViT-L/14  engine=FaissIVFFlat params={'nlist': 128, 'nprobe': 8} k=500 alpha=0.35 n_refs=1 ref_strategy=first constraint=object_and_verb
[Iter 28] Building CLIP_Set_28  (graph=yes)...
[OK] DescriptorSet 'CLIP_Set_28' created  dim=768  metric=L2
[GRAPH] PMGD metadata provided — storing object_id + verb_id per descriptor
Indexing 47,776 CLIP vectors  dim=768  set=CLIP_Set_28  (batch_properties=500, with metadata)...
  CLIP failures: 0/47776  (OK)
[OK] 'CLIP_Set_28' indexed  (16.0s)
[Iter 28] Index built in 16.1s
[Iter 28] Running 600 queries...
[TextDINO q0] HOI=motorcycle|race  CLIP=0 candidates  k=500  alpha=0.35  constraint=object_and_verb
[Iter 28] Timing breakdown:
  Index build:      16.1s  (one-time)
  Query (Stage-1):  0.32ms/query  (VDMS ANN)
  Rerank (Stage-2): 0.00ms/query  (DINOv2 numpy)
  Total latency:    0.33ms/query
  QPS:              2986.4

[Results iter 28]
  Score (QPS [constrained]): 0.0000
  mAP (plain):       0.0000
  QPS:               2986.44
  P@10:              0.0008
  nDCG@10:           0.0017

================================================================================
ITERATION 29/50 (RANDOM)
================================================================================
[VDMS] Restarting for clean DB (iteration 29)...
[VDMS] Ready on port 55638
[VDMS] Restart complete.
  engine:       FaissIVFFlat
  params:       {'nlist': 256, 'nprobe': 32}
  k_neighbors:  150
  alpha:        0.10
[OK] PMGD metadata loaded: 47776 images  (80 objects, 117 verbs)

[Iter 29] backbone=CLIP ViT-L/14  engine=FaissIVFFlat params={'nlist': 256, 'nprobe': 32} k=150 alpha=0.10 n_refs=1 ref_strategy=diverse constraint=object
[Iter 29] Building CLIP_Set_29  (graph=yes)...
[OK] DescriptorSet 'CLIP_Set_29' created  dim=768  metric=L2
[GRAPH] PMGD metadata provided — storing object_id + verb_id per descriptor
Indexing 47,776 CLIP vectors  dim=768  set=CLIP_Set_29  (batch_properties=500, with metadata)...
  CLIP failures: 0/47776  (OK)
[OK] 'CLIP_Set_29' indexed  (15.2s)
[Iter 29] Index built in 15.2s
[Iter 29] Running 600 queries...
[TextDINO q0] HOI=motorcycle|race  CLIP=0 candidates  k=150  alpha=0.10  constraint=object
[Iter 29] Timing breakdown:
  Index build:      15.2s  (one-time)
  Query (Stage-1):  0.29ms/query  (VDMS ANN)
  Rerank (Stage-2): 0.00ms/query  (DINOv2 numpy)
  Total latency:    0.30ms/query
  QPS:              3325.3

[Results iter 29]
  Score (QPS [constrained]): 0.0000
  mAP (plain):       0.0000
  QPS:               3325.27
  P@10:              0.0010
  nDCG@10:           0.0021

================================================================================
ITERATION 30/50 (RANDOM)
================================================================================
[VDMS] Restarting for clean DB (iteration 30)...
[VDMS] Ready on port 55638
[VDMS] Restart complete.
  engine:       FaissHNSWFlat
  params:       {'M': 16, 'efConstruction': 200, 'efSearch': 500}
  k_neighbors:  200
  alpha:        0.20
[OK] PMGD metadata loaded: 47776 images  (80 objects, 117 verbs)

[Iter 30] backbone=CLIP ViT-L/14  engine=FaissHNSWFlat params={'M': 16, 'efConstruction': 200, 'efSearch': 500} k=200 alpha=0.20 n_refs=1 ref_strategy=diverse constraint=object
[Iter 30] Building CLIP_Set_30  (graph=yes)...
[OK] DescriptorSet 'CLIP_Set_30' created  dim=768  metric=L2
[GRAPH] PMGD metadata provided — storing object_id + verb_id per descriptor
Indexing 47,776 CLIP vectors  dim=768  set=CLIP_Set_30  (batch_properties=500, with metadata)...
  CLIP failures: 0/47776  (OK)
[OK] 'CLIP_Set_30' indexed  (11.6s)
[Iter 30] Index built in 11.7s
[Iter 30] Running 600 queries...
[TextDINO q0] HOI=motorcycle|race  CLIP=199 candidates  k=200  alpha=0.20  constraint=object
[Iter 30] Timing breakdown:
  Index build:      11.7s  (one-time)
  Query (Stage-1):  16.74ms/query  (VDMS ANN)
  Rerank (Stage-2): 0.21ms/query  (DINOv2 numpy)
  Total latency:    17.04ms/query
  QPS:              58.7

[Results iter 30]
  Score (QPS [constrained]): 58.6789
  mAP (plain):       0.1953
  QPS:               58.68
  P@10:              0.3833
  nDCG@10:           0.4138

================================================================================
ITERATION 31/50 (RANDOM)
================================================================================
[VDMS] Restarting for clean DB (iteration 31)...
[VDMS] Ready on port 55638
[VDMS] Restart complete.
  engine:       FaissIVFFlat
  params:       {'nlist': 128, 'nprobe': 8}
  k_neighbors:  50
  alpha:        0.60
[OK] PMGD metadata loaded: 47776 images  (80 objects, 117 verbs)

[Iter 31] backbone=CLIP ViT-L/14  engine=FaissIVFFlat params={'nlist': 128, 'nprobe': 8} k=50 alpha=0.60 n_refs=5 ref_strategy=centroid constraint=object
[Iter 31] Building CLIP_Set_31  (graph=yes)...
[OK] DescriptorSet 'CLIP_Set_31' created  dim=768  metric=L2
[GRAPH] PMGD metadata provided — storing object_id + verb_id per descriptor
Indexing 47,776 CLIP vectors  dim=768  set=CLIP_Set_31  (batch_properties=500, with metadata)...
  CLIP failures: 0/47776  (OK)
[OK] 'CLIP_Set_31' indexed  (16.2s)
[Iter 31] Index built in 16.2s
[Iter 31] Running 600 queries...
[TextDINO q0] HOI=motorcycle|race  CLIP=0 candidates  k=50  alpha=0.60  constraint=object
[Iter 31] Timing breakdown:
  Index build:      16.2s  (one-time)
  Query (Stage-1):  0.29ms/query  (VDMS ANN)
  Rerank (Stage-2): 0.00ms/query  (DINOv2 numpy)
  Total latency:    0.30ms/query
  QPS:              3386.9

[Results iter 31]
  Score (QPS [constrained]): 0.0000
  mAP (plain):       0.0000
  QPS:               3386.89
  P@10:              0.0010
  nDCG@10:           0.0021

================================================================================
ITERATION 32/50 (RANDOM)
================================================================================
[VDMS] Restarting for clean DB (iteration 32)...
[VDMS] Ready on port 55638
[VDMS] Restart complete.
  engine:       FaissFlat
  params:       {}
  k_neighbors:  1000
  alpha:        0.65
[OK] PMGD metadata loaded: 47776 images  (80 objects, 117 verbs)

[Iter 32] backbone=CLIP ViT-L/14  engine=FaissFlat params={} k=1000 alpha=0.65 n_refs=1 ref_strategy=diverse constraint=object_and_verb
[Iter 32] Building CLIP_Set_32  (graph=yes)...
[OK] DescriptorSet 'CLIP_Set_32' created  dim=768  metric=L2
[GRAPH] PMGD metadata provided — storing object_id + verb_id per descriptor
Indexing 47,776 CLIP vectors  dim=768  set=CLIP_Set_32  (batch_properties=500, with metadata)...
  CLIP failures: 0/47776  (OK)
[OK] 'CLIP_Set_32' indexed  (8.4s)
[Iter 32] Index built in 8.4s
[Iter 32] Running 600 queries...
[TextDINO q0] HOI=motorcycle|race  CLIP=142 candidates  k=1000  alpha=0.65  constraint=object_and_verb
[Iter 32] Timing breakdown:
  Index build:      8.4s  (one-time)
  Query (Stage-1):  226.07ms/query  (VDMS ANN)
  Rerank (Stage-2): 0.10ms/query  (DINOv2 numpy)
  Total latency:    226.21ms/query
  QPS:              4.4

[Results iter 32]
  Score (QPS [constrained]): 4.4207
  mAP (plain):       0.4354
  QPS:               4.42
  P@10:              0.7225
  nDCG@10:           0.7924

================================================================================
ITERATION 33/50 (RANDOM)
================================================================================
[VDMS] Restarting for clean DB (iteration 33)...
[VDMS] Ready on port 55638
[VDMS] Restart complete.
  engine:       FaissHNSWFlat
  params:       {'M': 32, 'efConstruction': 200, 'efSearch': 150}
  k_neighbors:  50
  alpha:        0.05
[OK] PMGD metadata loaded: 47776 images  (80 objects, 117 verbs)

[Iter 33] backbone=CLIP ViT-L/14  engine=FaissHNSWFlat params={'M': 32, 'efConstruction': 200, 'efSearch': 150} k=50 alpha=0.05 n_refs=5 ref_strategy=centroid constraint=verb
[Iter 33] Building CLIP_Set_33  (graph=yes)...
[OK] DescriptorSet 'CLIP_Set_33' created  dim=768  metric=L2
[GRAPH] PMGD metadata provided — storing object_id + verb_id per descriptor
Indexing 47,776 CLIP vectors  dim=768  set=CLIP_Set_33  (batch_properties=500, with metadata)...
  CLIP failures: 0/47776  (OK)
[OK] 'CLIP_Set_33' indexed  (11.6s)
[Iter 33] Index built in 11.7s
[Iter 33] Running 600 queries...
[TextDINO q0] HOI=motorcycle|race  CLIP=16 candidates  k=50  alpha=0.05  constraint=verb
[Iter 33] Timing breakdown:
  Index build:      11.7s  (one-time)
  Query (Stage-1):  2.45ms/query  (VDMS ANN)
  Rerank (Stage-2): 0.04ms/query  (DINOv2 numpy)
  Total latency:    2.51ms/query
  QPS:              399.0

[Results iter 33]
  Score (QPS [constrained]): 0.0000
  mAP (plain):       0.1251
  QPS:               398.97
  P@10:              0.4207
  nDCG@10:           0.4887

================================================================================
ITERATION 34/50 (RANDOM)
================================================================================
[VDMS] Restarting for clean DB (iteration 34)...
[VDMS] Ready on port 55638
[VDMS] Restart complete.
  engine:       FaissFlat
  params:       {}
  k_neighbors:  50
  alpha:        0.05
[OK] PMGD metadata loaded: 47776 images  (80 objects, 117 verbs)

[Iter 34] backbone=CLIP ViT-L/14  engine=FaissFlat params={} k=50 alpha=0.05 n_refs=5 ref_strategy=diverse constraint=verb
[Iter 34] Building CLIP_Set_34  (graph=yes)...
[OK] DescriptorSet 'CLIP_Set_34' created  dim=768  metric=L2
[GRAPH] PMGD metadata provided — storing object_id + verb_id per descriptor
Indexing 47,776 CLIP vectors  dim=768  set=CLIP_Set_34  (batch_properties=500, with metadata)...
  CLIP failures: 0/47776  (OK)
[OK] 'CLIP_Set_34' indexed  (8.4s)
[Iter 34] Index built in 8.5s
[Iter 34] Running 600 queries...
[TextDINO q0] HOI=motorcycle|race  CLIP=15 candidates  k=50  alpha=0.05  constraint=verb
[Iter 34] Timing breakdown:
  Index build:      8.5s  (one-time)
  Query (Stage-1):  10.86ms/query  (VDMS ANN)
  Rerank (Stage-2): 0.04ms/query  (DINOv2 numpy)
  Total latency:    10.91ms/query
  QPS:              91.6

[Results iter 34]
  Score (QPS [constrained]): 0.0000
  mAP (plain):       0.1316
  QPS:               91.63
  P@10:              0.4348
  nDCG@10:           0.5054

================================================================================
ITERATION 35/50 (RANDOM)
================================================================================
[VDMS] Restarting for clean DB (iteration 35)...
[VDMS] Ready on port 55638
[VDMS] Restart complete.
  engine:       FaissIVFFlat
  params:       {'nlist': 64, 'nprobe': 32}
  k_neighbors:  150
  alpha:        0.05
[OK] PMGD metadata loaded: 47776 images  (80 objects, 117 verbs)

[Iter 35] backbone=CLIP ViT-L/14  engine=FaissIVFFlat params={'nlist': 64, 'nprobe': 32} k=150 alpha=0.05 n_refs=3 ref_strategy=centroid constraint=object
[Iter 35] Building CLIP_Set_35  (graph=yes)...
[OK] DescriptorSet 'CLIP_Set_35' created  dim=768  metric=L2
[GRAPH] PMGD metadata provided — storing object_id + verb_id per descriptor
Indexing 47,776 CLIP vectors  dim=768  set=CLIP_Set_35  (batch_properties=500, with metadata)...
  CLIP failures: 0/47776  (OK)
[OK] 'CLIP_Set_35' indexed  (15.9s)
[Iter 35] Index built in 16.0s
[Iter 35] Running 600 queries...
[TextDINO q0] HOI=motorcycle|race  CLIP=0 candidates  k=150  alpha=0.05  constraint=object
[Iter 35] Timing breakdown:
  Index build:      16.0s  (one-time)
  Query (Stage-1):  0.29ms/query  (VDMS ANN)
  Rerank (Stage-2): 0.00ms/query  (DINOv2 numpy)
  Total latency:    0.30ms/query
  QPS:              3334.1

[Results iter 35]
  Score (QPS [constrained]): 0.0000
  mAP (plain):       0.0000
  QPS:               3334.10
  P@10:              0.0010
  nDCG@10:           0.0021

================================================================================
ITERATION 36/50 (RANDOM)
================================================================================
[VDMS] Restarting for clean DB (iteration 36)...
[VDMS] Ready on port 55638
[VDMS] Restart complete.
  engine:       FaissHNSWFlat
  params:       {'M': 64, 'efConstruction': 200, 'efSearch': 32}
  k_neighbors:  150
  alpha:        0.65

[Iter 36] backbone=CLIP ViT-L/14  engine=FaissHNSWFlat params={'M': 64, 'efConstruction': 200, 'efSearch': 32} k=150 alpha=0.65 n_refs=3 ref_strategy=diverse constraint=none
[Iter 36] Building CLIP_Set_36  (graph=no)...
[OK] DescriptorSet 'CLIP_Set_36' created  dim=768  metric=L2
Indexing 47,776 CLIP vectors  dim=768  set=CLIP_Set_36  (batch_properties=500)...
  CLIP failures: 0/47776  (OK)
[OK] 'CLIP_Set_36' indexed  (11.1s)
[Iter 36] Index built in 11.2s
[Iter 36] Running 600 queries...
[TextDINO q0] HOI=motorcycle|race  CLIP=150 candidates  k=150  alpha=0.65  constraint=none
[Iter 36] Timing breakdown:
  Index build:      11.2s  (one-time)
  Query (Stage-1):  12.10ms/query  (VDMS ANN)
  Rerank (Stage-2): 0.24ms/query  (DINOv2 numpy)
  Total latency:    12.42ms/query
  QPS:              80.5

[Results iter 36]
  Score (QPS [constrained]): 80.5270
  mAP (plain):       0.2229
  QPS:               80.53
  P@10:              0.4362
  nDCG@10:           0.4955

================================================================================
ITERATION 37/50 (RANDOM)
================================================================================
[VDMS] Restarting for clean DB (iteration 37)...
[VDMS] Ready on port 55638
[VDMS] Restart complete.
  engine:       FaissIVFFlat
  params:       {'nlist': 256, 'nprobe': 64}
  k_neighbors:  750
  alpha:        0.85

[Iter 37] backbone=CLIP ViT-L/14  engine=FaissIVFFlat params={'nlist': 256, 'nprobe': 64} k=750 alpha=0.85 n_refs=5 ref_strategy=centroid constraint=none
[Iter 37] Building CLIP_Set_37  (graph=no)...
[OK] DescriptorSet 'CLIP_Set_37' created  dim=768  metric=L2
Indexing 47,776 CLIP vectors  dim=768  set=CLIP_Set_37  (batch_properties=500)...
  CLIP failures: 0/47776  (OK)
[OK] 'CLIP_Set_37' indexed  (15.1s)
[Iter 37] Index built in 15.1s
[Iter 37] Running 600 queries...
[TextDINO q0] HOI=motorcycle|race  CLIP=5 candidates  k=750  alpha=0.85  constraint=none
[Iter 37] Timing breakdown:
  Index build:      15.1s  (one-time)
  Query (Stage-1):  0.42ms/query  (VDMS ANN)
  Rerank (Stage-2): 0.03ms/query  (DINOv2 numpy)
  Total latency:    0.47ms/query
  QPS:              2148.5

[Results iter 37]
  Score (QPS [constrained]): 0.0000
  mAP (plain):       0.0000
  QPS:               2148.48
  P@10:              0.0010
  nDCG@10:           0.0018

================================================================================
ITERATION 38/50 (RANDOM)
================================================================================
[VDMS] Restarting for clean DB (iteration 38)...
[VDMS] Ready on port 55638
[VDMS] Restart complete.
  engine:       FaissFlat
  params:       {}
  k_neighbors:  150
  alpha:        0.55
[OK] PMGD metadata loaded: 47776 images  (80 objects, 117 verbs)

[Iter 38] backbone=CLIP ViT-L/14  engine=FaissFlat params={} k=150 alpha=0.55 n_refs=10 ref_strategy=first constraint=verb
[Iter 38] Building CLIP_Set_38  (graph=yes)...
[OK] DescriptorSet 'CLIP_Set_38' created  dim=768  metric=L2
[GRAPH] PMGD metadata provided — storing object_id + verb_id per descriptor
Indexing 47,776 CLIP vectors  dim=768  set=CLIP_Set_38  (batch_properties=500, with metadata)...
  CLIP failures: 0/47776  (OK)
[OK] 'CLIP_Set_38' indexed  (8.4s)
[Iter 38] Index built in 8.4s
[Iter 38] Running 600 queries...
[TextDINO q0] HOI=motorcycle|race  CLIP=40 candidates  k=150  alpha=0.55  constraint=verb
[Iter 38] Timing breakdown:
  Index build:      8.4s  (one-time)
  Query (Stage-1):  17.57ms/query  (VDMS ANN)
  Rerank (Stage-2): 0.06ms/query  (DINOv2 numpy)
  Total latency:    17.65ms/query
  QPS:              56.7

[Results iter 38]
  Score (QPS [constrained]): 56.6572
  mAP (plain):       0.2258
  QPS:               56.66
  P@10:              0.5532
  nDCG@10:           0.6311

================================================================================
ITERATION 39/50 (RANDOM)
================================================================================
[VDMS] Restarting for clean DB (iteration 39)...
[VDMS] Ready on port 55638
[VDMS] Restart complete.
  engine:       FaissIVFFlat
  params:       {'nlist': 64, 'nprobe': 64}
  k_neighbors:  750
  alpha:        0.25
[OK] PMGD metadata loaded: 47776 images  (80 objects, 117 verbs)

[Iter 39] backbone=CLIP ViT-L/14  engine=FaissIVFFlat params={'nlist': 64, 'nprobe': 64} k=750 alpha=0.25 n_refs=10 ref_strategy=centroid constraint=object
[Iter 39] Building CLIP_Set_39  (graph=yes)...
[OK] DescriptorSet 'CLIP_Set_39' created  dim=768  metric=L2
[GRAPH] PMGD metadata provided — storing object_id + verb_id per descriptor
Indexing 47,776 CLIP vectors  dim=768  set=CLIP_Set_39  (batch_properties=500, with metadata)...
  CLIP failures: 0/47776  (OK)
[OK] 'CLIP_Set_39' indexed  (16.5s)
[Iter 39] Index built in 16.7s
[Iter 39] Running 600 queries...
[TextDINO q0] HOI=motorcycle|race  CLIP=0 candidates  k=750  alpha=0.25  constraint=object
[Iter 39] Timing breakdown:
  Index build:      16.7s  (one-time)
  Query (Stage-1):  0.31ms/query  (VDMS ANN)
  Rerank (Stage-2): 0.00ms/query  (DINOv2 numpy)
  Total latency:    0.32ms/query
  QPS:              3139.6

[Results iter 39]
  Score (QPS [constrained]): 0.0000
  mAP (plain):       0.0000
  QPS:               3139.61
  P@10:              0.0010
  nDCG@10:           0.0021

================================================================================
ITERATION 40/50 (RANDOM)
================================================================================
[VDMS] Restarting for clean DB (iteration 40)...
[VDMS] Ready on port 55638
[VDMS] Restart complete.
  engine:       FaissIVFFlat
  params:       {'nlist': 512, 'nprobe': 32}
  k_neighbors:  1000
  alpha:        0.90
[OK] PMGD metadata loaded: 47776 images  (80 objects, 117 verbs)

[Iter 40] backbone=CLIP ViT-L/14  engine=FaissIVFFlat params={'nlist': 512, 'nprobe': 32} k=1000 alpha=0.90 n_refs=10 ref_strategy=centroid constraint=object_and_verb
[Iter 40] Building CLIP_Set_40  (graph=yes)...
[OK] DescriptorSet 'CLIP_Set_40' created  dim=768  metric=L2
[GRAPH] PMGD metadata provided — storing object_id + verb_id per descriptor
Indexing 47,776 CLIP vectors  dim=768  set=CLIP_Set_40  (batch_properties=500, with metadata)...
  CLIP failures: 0/47776  (OK)
[OK] 'CLIP_Set_40' indexed  (14.9s)
[Iter 40] Index built in 14.9s
[Iter 40] Running 600 queries...
[TextDINO q0] HOI=motorcycle|race  CLIP=0 candidates  k=1000  alpha=0.90  constraint=object_and_verb
[Iter 40] Timing breakdown:
  Index build:      14.9s  (one-time)
  Query (Stage-1):  0.33ms/query  (VDMS ANN)
  Rerank (Stage-2): 0.00ms/query  (DINOv2 numpy)
  Total latency:    0.35ms/query
  QPS:              2839.0

[Results iter 40]
  Score (QPS [constrained]): 0.0000
  mAP (plain):       0.0000
  QPS:               2839.03
  P@10:              0.0008
  nDCG@10:           0.0017

================================================================================
ITERATION 41/50 (RANDOM)
================================================================================
[VDMS] Restarting for clean DB (iteration 41)...
[VDMS] Ready on port 55638
[VDMS] Restart complete.
  engine:       FaissIVFFlat
  params:       {'nlist': 256, 'nprobe': 64}
  k_neighbors:  200
  alpha:        0.15
[OK] PMGD metadata loaded: 47776 images  (80 objects, 117 verbs)

[Iter 41] backbone=CLIP ViT-L/14  engine=FaissIVFFlat params={'nlist': 256, 'nprobe': 64} k=200 alpha=0.15 n_refs=1 ref_strategy=diverse constraint=object_and_verb
[Iter 41] Building CLIP_Set_41  (graph=yes)...
[OK] DescriptorSet 'CLIP_Set_41' created  dim=768  metric=L2
[GRAPH] PMGD metadata provided — storing object_id + verb_id per descriptor
Indexing 47,776 CLIP vectors  dim=768  set=CLIP_Set_41  (batch_properties=500, with metadata)...
  CLIP failures: 0/47776  (OK)
[OK] 'CLIP_Set_41' indexed  (15.3s)
[Iter 41] Index built in 15.3s
[Iter 41] Running 600 queries...
[TextDINO q0] HOI=motorcycle|race  CLIP=0 candidates  k=200  alpha=0.15  constraint=object_and_verb
[Iter 41] Timing breakdown:
  Index build:      15.3s  (one-time)
  Query (Stage-1):  0.31ms/query  (VDMS ANN)
  Rerank (Stage-2): 0.00ms/query  (DINOv2 numpy)
  Total latency:    0.31ms/query
  QPS:              3221.8

[Results iter 41]
  Score (QPS [constrained]): 0.0000
  mAP (plain):       0.0000
  QPS:               3221.82
  P@10:              0.0008
  nDCG@10:           0.0017

================================================================================
ITERATION 42/50 (RANDOM)
================================================================================
[VDMS] Restarting for clean DB (iteration 42)...
[VDMS] Ready on port 55638
[VDMS] Restart complete.
  engine:       FaissIVFFlat
  params:       {'nlist': 128, 'nprobe': 4}
  k_neighbors:  200
  alpha:        0.65

[Iter 42] backbone=CLIP ViT-L/14  engine=FaissIVFFlat params={'nlist': 128, 'nprobe': 4} k=200 alpha=0.65 n_refs=5 ref_strategy=first constraint=none
[Iter 42] Building CLIP_Set_42  (graph=no)...
[OK] DescriptorSet 'CLIP_Set_42' created  dim=768  metric=L2
Indexing 47,776 CLIP vectors  dim=768  set=CLIP_Set_42  (batch_properties=500)...
  CLIP failures: 0/47776  (OK)
[OK] 'CLIP_Set_42' indexed  (14.9s)
[Iter 42] Index built in 14.9s
[Iter 42] Running 600 queries...
[TextDINO q0] HOI=motorcycle|race  CLIP=5 candidates  k=200  alpha=0.65  constraint=none
[Iter 42] Timing breakdown:
  Index build:      14.9s  (one-time)
  Query (Stage-1):  0.39ms/query  (VDMS ANN)
  Rerank (Stage-2): 0.03ms/query  (DINOv2 numpy)
  Total latency:    0.44ms/query
  QPS:              2283.9

[Results iter 42]
  Score (QPS [constrained]): 0.0000
  mAP (plain):       0.0000
  QPS:               2283.88
  P@10:              0.0010
  nDCG@10:           0.0017

================================================================================
ITERATION 43/50 (RANDOM)
================================================================================
[VDMS] Restarting for clean DB (iteration 43)...
[VDMS] Ready on port 55638
[VDMS] Restart complete.
  engine:       FaissFlat
  params:       {}
  k_neighbors:  100
  alpha:        0.30

[Iter 43] backbone=CLIP ViT-L/14  engine=FaissFlat params={} k=100 alpha=0.30 n_refs=10 ref_strategy=centroid constraint=none
[Iter 43] Building CLIP_Set_43  (graph=no)...
[OK] DescriptorSet 'CLIP_Set_43' created  dim=768  metric=L2
Indexing 47,776 CLIP vectors  dim=768  set=CLIP_Set_43  (batch_properties=500)...
  CLIP failures: 0/47776  (OK)
[OK] 'CLIP_Set_43' indexed  (7.9s)
[Iter 43] Index built in 7.9s
[Iter 43] Running 600 queries...
[TextDINO q0] HOI=motorcycle|race  CLIP=100 candidates  k=100  alpha=0.30  constraint=none
[Iter 43] Timing breakdown:
  Index build:      7.9s  (one-time)
  Query (Stage-1):  15.64ms/query  (VDMS ANN)
  Rerank (Stage-2): 0.16ms/query  (DINOv2 numpy)
  Total latency:    15.86ms/query
  QPS:              63.1

[Results iter 43]
  Score (QPS [constrained]): 63.0512
  mAP (plain):       0.1746
  QPS:               63.05
  P@10:              0.3925
  nDCG@10:           0.4282

================================================================================
ITERATION 44/50 (RANDOM)
================================================================================
[VDMS] Restarting for clean DB (iteration 44)...
[VDMS] Ready on port 55638
[VDMS] Restart complete.
  engine:       FaissFlat
  params:       {}
  k_neighbors:  150
  alpha:        0.80
[OK] PMGD metadata loaded: 47776 images  (80 objects, 117 verbs)

[Iter 44] backbone=CLIP ViT-L/14  engine=FaissFlat params={} k=150 alpha=0.80 n_refs=10 ref_strategy=first constraint=object_and_verb
[Iter 44] Building CLIP_Set_44  (graph=yes)...
[OK] DescriptorSet 'CLIP_Set_44' created  dim=768  metric=L2
[GRAPH] PMGD metadata provided — storing object_id + verb_id per descriptor
Indexing 47,776 CLIP vectors  dim=768  set=CLIP_Set_44  (batch_properties=500, with metadata)...
  CLIP failures: 0/47776  (OK)
[OK] 'CLIP_Set_44' indexed  (8.4s)
[Iter 44] Index built in 8.4s
[Iter 44] Running 600 queries...
[TextDINO q0] HOI=motorcycle|race  CLIP=40 candidates  k=150  alpha=0.80  constraint=object_and_verb
[Iter 44] Timing breakdown:
  Index build:      8.4s  (one-time)
  Query (Stage-1):  17.68ms/query  (VDMS ANN)
  Rerank (Stage-2): 0.05ms/query  (DINOv2 numpy)
  Total latency:    17.76ms/query
  QPS:              56.3

[Results iter 44]
  Score (QPS [constrained]): 56.3019
  mAP (plain):       0.2315
  QPS:               56.30
  P@10:              0.5737
  nDCG@10:           0.6551

================================================================================
ITERATION 45/50 (RANDOM)
================================================================================
[VDMS] Restarting for clean DB (iteration 45)...
[VDMS] Ready on port 55638
[VDMS] Restart complete.
  engine:       FaissFlat
  params:       {}
  k_neighbors:  150
  alpha:        0.30

[Iter 45] backbone=CLIP ViT-L/14  engine=FaissFlat params={} k=150 alpha=0.30 n_refs=5 ref_strategy=first constraint=none
[Iter 45] Building CLIP_Set_45  (graph=no)...
[OK] DescriptorSet 'CLIP_Set_45' created  dim=768  metric=L2
Indexing 47,776 CLIP vectors  dim=768  set=CLIP_Set_45  (batch_properties=500)...
  CLIP failures: 0/47776  (OK)
[OK] 'CLIP_Set_45' indexed  (7.9s)
[Iter 45] Index built in 7.9s
[Iter 45] Running 600 queries...
[TextDINO q0] HOI=motorcycle|race  CLIP=150 candidates  k=150  alpha=0.30  constraint=none
[Iter 45] Timing breakdown:
  Index build:      7.9s  (one-time)
  Query (Stage-1):  20.50ms/query  (VDMS ANN)
  Rerank (Stage-2): 0.23ms/query  (DINOv2 numpy)
  Total latency:    20.81ms/query
  QPS:              48.1

[Results iter 45]
  Score (QPS [constrained]): 48.0525
  mAP (plain):       0.1947
  QPS:               48.05
  P@10:              0.3918
  nDCG@10:           0.4297

================================================================================
ITERATION 46/50 (RANDOM)
================================================================================
[VDMS] Restarting for clean DB (iteration 46)...
[VDMS] Ready on port 55638
[VDMS] Restart complete.
  engine:       FaissFlat
  params:       {}
  k_neighbors:  200
  alpha:        0.75
[OK] PMGD metadata loaded: 47776 images  (80 objects, 117 verbs)

[Iter 46] backbone=CLIP ViT-L/14  engine=FaissFlat params={} k=200 alpha=0.75 n_refs=1 ref_strategy=centroid constraint=object
[Iter 46] Building CLIP_Set_46  (graph=yes)...
[OK] DescriptorSet 'CLIP_Set_46' created  dim=768  metric=L2
[GRAPH] PMGD metadata provided — storing object_id + verb_id per descriptor
Indexing 47,776 CLIP vectors  dim=768  set=CLIP_Set_46  (batch_properties=500, with metadata)...
  CLIP failures: 0/47776  (OK)
[OK] 'CLIP_Set_46' indexed  (8.4s)
[Iter 46] Index built in 8.4s
[Iter 46] Running 600 queries...
[TextDINO q0] HOI=motorcycle|race  CLIP=200 candidates  k=200  alpha=0.75  constraint=object
[Iter 46] Timing breakdown:
  Index build:      8.4s  (one-time)
  Query (Stage-1):  25.34ms/query  (VDMS ANN)
  Rerank (Stage-2): 0.22ms/query  (DINOv2 numpy)
  Total latency:    25.64ms/query
  QPS:              39.0

[Results iter 46]
  Score (QPS [constrained]): 38.9992
  mAP (plain):       0.2201
  QPS:               39.00
  P@10:              0.4190
  nDCG@10:           0.4518

================================================================================
ITERATION 47/50 (RANDOM)
================================================================================
[VDMS] Restarting for clean DB (iteration 47)...
[VDMS] Ready on port 55638
[VDMS] Restart complete.
  engine:       FaissFlat
  params:       {}
  k_neighbors:  300
  alpha:        0.55
[OK] PMGD metadata loaded: 47776 images  (80 objects, 117 verbs)

[Iter 47] backbone=CLIP ViT-L/14  engine=FaissFlat params={} k=300 alpha=0.55 n_refs=10 ref_strategy=first constraint=object_and_verb
[Iter 47] Building CLIP_Set_47  (graph=yes)...
[OK] DescriptorSet 'CLIP_Set_47' created  dim=768  metric=L2
[GRAPH] PMGD metadata provided — storing object_id + verb_id per descriptor
Indexing 47,776 CLIP vectors  dim=768  set=CLIP_Set_47  (batch_properties=500, with metadata)...
  CLIP failures: 0/47776  (OK)
[OK] 'CLIP_Set_47' indexed  (8.4s)
[Iter 47] Index built in 8.5s
[Iter 47] Running 600 queries...
[TextDINO q0] HOI=motorcycle|race  CLIP=68 candidates  k=300  alpha=0.55  constraint=object_and_verb
[Iter 47] Timing breakdown:
  Index build:      8.5s  (one-time)
  Query (Stage-1):  34.72ms/query  (VDMS ANN)
  Rerank (Stage-2): 1.99ms/query  (DINOv2 numpy)
  Total latency:    37.01ms/query
  QPS:              27.0

[Results iter 47]
  Score (QPS [constrained]): 27.0180
  mAP (plain):       0.3082
  QPS:               27.02
  P@10:              0.6432
  nDCG@10:           0.7194

================================================================================
ITERATION 48/50 (RANDOM)
================================================================================
[VDMS] Restarting for clean DB (iteration 48)...
[VDMS] Ready on port 55638
[VDMS] Restart complete.
  engine:       FaissHNSWFlat
  params:       {'M': 64, 'efConstruction': 200, 'efSearch': 64}
  k_neighbors:  300
  alpha:        0.50
[OK] PMGD metadata loaded: 47776 images  (80 objects, 117 verbs)

[Iter 48] backbone=CLIP ViT-L/14  engine=FaissHNSWFlat params={'M': 64, 'efConstruction': 200, 'efSearch': 64} k=300 alpha=0.50 n_refs=10 ref_strategy=diverse constraint=verb
[Iter 48] Building CLIP_Set_48  (graph=yes)...
[OK] DescriptorSet 'CLIP_Set_48' created  dim=768  metric=L2
[GRAPH] PMGD metadata provided — storing object_id + verb_id per descriptor
Indexing 47,776 CLIP vectors  dim=768  set=CLIP_Set_48  (batch_properties=500, with metadata)...
  CLIP failures: 0/47776  (OK)
[OK] 'CLIP_Set_48' indexed  (11.6s)
[Iter 48] Index built in 11.7s
[Iter 48] Running 600 queries...
[TextDINO q0] HOI=motorcycle|race  CLIP=75 candidates  k=300  alpha=0.50  constraint=verb
[Iter 48] Timing breakdown:
  Index build:      11.7s  (one-time)
  Query (Stage-1):  25.58ms/query  (VDMS ANN)
  Rerank (Stage-2): 0.09ms/query  (DINOv2 numpy)
  Total latency:    25.70ms/query
  QPS:              38.9

[Results iter 48]
  Score (QPS [constrained]): 38.9080
  mAP (plain):       0.2596
  QPS:               38.91
  P@10:              0.5790
  nDCG@10:           0.6461

================================================================================
ITERATION 49/50 (RANDOM)
================================================================================
[VDMS] Restarting for clean DB (iteration 49)...
[VDMS] Ready on port 55638
[VDMS] Restart complete.
  engine:       FaissIVFFlat
  params:       {'nlist': 64, 'nprobe': 8}
  k_neighbors:  750
  alpha:        0.70

[Iter 49] backbone=CLIP ViT-L/14  engine=FaissIVFFlat params={'nlist': 64, 'nprobe': 8} k=750 alpha=0.70 n_refs=5 ref_strategy=first constraint=none
[Iter 49] Building CLIP_Set_49  (graph=no)...
[OK] DescriptorSet 'CLIP_Set_49' created  dim=768  metric=L2
Indexing 47,776 CLIP vectors  dim=768  set=CLIP_Set_49  (batch_properties=500)...
  CLIP failures: 0/47776  (OK)
[OK] 'CLIP_Set_49' indexed  (15.1s)
[Iter 49] Index built in 15.2s
[Iter 49] Running 600 queries...
[TextDINO q0] HOI=motorcycle|race  CLIP=5 candidates  k=750  alpha=0.70  constraint=none
[Iter 49] Timing breakdown:
  Index build:      15.2s  (one-time)
  Query (Stage-1):  0.42ms/query  (VDMS ANN)
  Rerank (Stage-2): 0.03ms/query  (DINOv2 numpy)
  Total latency:    0.46ms/query
  QPS:              2179.0

[Results iter 49]
  Score (QPS [constrained]): 0.0000
  mAP (plain):       0.0000
  QPS:               2179.05
  P@10:              0.0010
  nDCG@10:           0.0017

================================================================================
ITERATION 50/50 (RANDOM)
================================================================================
[VDMS] Restarting for clean DB (iteration 50)...
[VDMS] Ready on port 55638
[VDMS] Restart complete.
  engine:       FaissFlat
  params:       {}
  k_neighbors:  300
  alpha:        0.05
[OK] PMGD metadata loaded: 47776 images  (80 objects, 117 verbs)

[Iter 50] backbone=CLIP ViT-L/14  engine=FaissFlat params={} k=300 alpha=0.05 n_refs=10 ref_strategy=diverse constraint=object
[Iter 50] Building CLIP_Set_50  (graph=yes)...
[OK] DescriptorSet 'CLIP_Set_50' created  dim=768  metric=L2
[GRAPH] PMGD metadata provided — storing object_id + verb_id per descriptor
Indexing 47,776 CLIP vectors  dim=768  set=CLIP_Set_50  (batch_properties=500, with metadata)...
  CLIP failures: 0/47776  (OK)
[OK] 'CLIP_Set_50' indexed  (8.4s)
[Iter 50] Index built in 8.4s
[Iter 50] Running 600 queries...
[TextDINO q0] HOI=motorcycle|race  CLIP=296 candidates  k=300  alpha=0.05  constraint=object
[Iter 50] Timing breakdown:
  Index build:      8.4s  (one-time)
  Query (Stage-1):  38.43ms/query  (VDMS ANN)
  Rerank (Stage-2): 0.28ms/query  (DINOv2 numpy)
  Total latency:    38.81ms/query
  QPS:              25.8

[Results iter 50]
  Score (QPS [constrained]): 25.7639
  mAP (plain):       0.2294
  QPS:               25.76
  P@10:              0.3852
  nDCG@10:           0.4184

================================================================================
OPTIMIZATION COMPLETE
================================================================================
Best Score:  83.9795
Best mAP:    0.1640
Best QPS:    83.98
Best Config: {'engine': np.str_('FaissFlat'), 'params': {}, 'k_neighbors': 50, 'n_refs': 3, 'ref_strategy': 'diverse', 'constraint_strategy': 'none', 'alpha': 0.9, '_iter': 27}

[OK] Results saved to /work/hdd/bdjd/vdms_workflow/semantic_vdms/FINAL_RESULTS/hico_det/results/random_seed99.json
Finished: Wed Apr 22 11:32:31 CDT 2026  Exit: 0  Output: /work/hdd/bdjd/vdms_workflow/semantic_vdms/FINAL_RESULTS/hico_det/results/random_seed99.json
