===== Random search rerun seed=200 =====
Job: 17803361  Node: gpub002.delta.ncsa.illinois.edu  Started: Wed Apr 22 11:32:38 CDT 2026
Usage:
  apptainer [global options...] instance stop [stop options...] [instance]

Run 'apptainer --help' for more detailed usage information.
[VDMS] Ready on port 55639
[Score] Constrained objective: Score = QPS  if mAP ≥ 0.150 else 0
Starting random optimization. Iterations: 50, Seed: 200

================================================================================
ITERATION 1/50 (RANDOM)
================================================================================
  engine:       FaissIVFFlat
  params:       {'nlist': 128, 'nprobe': 4}
  k_neighbors:  200
  alpha:        0.70
[GEOM] SPM-VLAD-SIFT (1×1+2×2+1×3=8 cells, bbox-crop, PCA-512)  shape=(47776, 512)
[OK] HICO-DET loaded: 47776 images
     Geom  (47776, 512)  (SPM-VLAD-SIFT (1×1+2×2+1×3=8 cells, bbox-crop, PCA-512))
     Deep  (47776, 1024)  (DINOv2 ViT-L/14-reg4 HOI-crop  1024-d)
     Deep norms: 1.000000 ± 0.000000
     HOI categories: 600
     Images/HOI: min=6  max=1844  mean=151.1
[OK] HOI queries built: 600 queries  (skipped 0 HOIs with < 6 images)
     Relevant/query: min=5  max=1843  mean=150.1
[Cache] HICO-DET loaded (CLIP ViT-L/14): clip_db=(47776, 768)  dinov2_db=(47776, 1024)  text_q=(600, 768)  queries=600
[OK] PMGD metadata loaded: 47776 images  (80 objects, 117 verbs)

[Iter 1] backbone=CLIP ViT-L/14  engine=FaissIVFFlat params={'nlist': 128, 'nprobe': 4} k=200 alpha=0.70 n_refs=5 ref_strategy=first constraint=object_and_verb
[Iter 1] Building CLIP_Set_1  (graph=yes)...
[OK] DescriptorSet 'CLIP_Set_1' created  dim=768  metric=L2
[GRAPH] PMGD metadata provided — storing object_id + verb_id per descriptor
Indexing 47,776 CLIP vectors  dim=768  set=CLIP_Set_1  (batch_properties=500, with metadata)...
  CLIP failures: 0/47776  (OK)
[OK] 'CLIP_Set_1' indexed  (15.0s)
[Iter 1] Index built in 15.0s
[Iter 1] Running 600 queries...
[TextDINO q0] HOI=motorcycle|race  CLIP=0 candidates  k=200  alpha=0.70  constraint=object_and_verb
[Iter 1] Timing breakdown:
  Index build:      15.0s  (one-time)
  Query (Stage-1):  0.31ms/query  (VDMS ANN)
  Rerank (Stage-2): 0.00ms/query  (DINOv2 numpy)
  Total latency:    0.38ms/query
  QPS:              2645.5

[Results iter 1]
  Score (QPS [constrained]): 0.0000
  mAP (plain):       0.0000
  QPS:               2645.54
  P@10:              0.0008
  nDCG@10:           0.0017

================================================================================
ITERATION 2/50 (RANDOM)
================================================================================
[VDMS] Restarting for clean DB (iteration 2)...
[VDMS] Ready on port 55639
[VDMS] Restart complete.
  engine:       FaissHNSWFlat
  params:       {'M': 16, 'efConstruction': 200, 'efSearch': 150}
  k_neighbors:  200
  alpha:        0.35
[OK] PMGD metadata loaded: 47776 images  (80 objects, 117 verbs)

[Iter 2] backbone=CLIP ViT-L/14  engine=FaissHNSWFlat params={'M': 16, 'efConstruction': 200, 'efSearch': 150} k=200 alpha=0.35 n_refs=5 ref_strategy=first constraint=object
[Iter 2] Building CLIP_Set_2  (graph=yes)...
[OK] DescriptorSet 'CLIP_Set_2' created  dim=768  metric=L2
[GRAPH] PMGD metadata provided — storing object_id + verb_id per descriptor
Indexing 47,776 CLIP vectors  dim=768  set=CLIP_Set_2  (batch_properties=500, with metadata)...
  CLIP failures: 0/47776  (OK)
[OK] 'CLIP_Set_2' indexed  (11.6s)
[Iter 2] Index built in 11.7s
[Iter 2] Running 600 queries...
[TextDINO q0] HOI=motorcycle|race  CLIP=199 candidates  k=200  alpha=0.35  constraint=object
[Iter 2] Timing breakdown:
  Index build:      11.7s  (one-time)
  Query (Stage-1):  16.79ms/query  (VDMS ANN)
  Rerank (Stage-2): 0.22ms/query  (DINOv2 numpy)
  Total latency:    17.07ms/query
  QPS:              58.6

[Results iter 2]
  Score (QPS [constrained]): 58.5678
  mAP (plain):       0.2250
  QPS:               58.57
  P@10:              0.4292
  nDCG@10:           0.4689

================================================================================
ITERATION 3/50 (RANDOM)
================================================================================
[VDMS] Restarting for clean DB (iteration 3)...
[VDMS] Ready on port 55639
[VDMS] Restart complete.
  engine:       FaissHNSWFlat
  params:       {'M': 16, 'efConstruction': 200, 'efSearch': 500}
  k_neighbors:  50
  alpha:        0.65
[OK] PMGD metadata loaded: 47776 images  (80 objects, 117 verbs)

[Iter 3] backbone=CLIP ViT-L/14  engine=FaissHNSWFlat params={'M': 16, 'efConstruction': 200, 'efSearch': 500} k=50 alpha=0.65 n_refs=3 ref_strategy=first constraint=object_and_verb
[Iter 3] Building CLIP_Set_3  (graph=yes)...
[OK] DescriptorSet 'CLIP_Set_3' created  dim=768  metric=L2
[GRAPH] PMGD metadata provided — storing object_id + verb_id per descriptor
Indexing 47,776 CLIP vectors  dim=768  set=CLIP_Set_3  (batch_properties=500, with metadata)...
  CLIP failures: 0/47776  (OK)
[OK] 'CLIP_Set_3' indexed  (11.6s)
[Iter 3] Index built in 11.7s
[Iter 3] Running 600 queries...
[TextDINO q0] HOI=motorcycle|race  CLIP=16 candidates  k=50  alpha=0.65  constraint=object_and_verb
[Iter 3] Timing breakdown:
  Index build:      11.7s  (one-time)
  Query (Stage-1):  2.56ms/query  (VDMS ANN)
  Rerank (Stage-2): 0.03ms/query  (DINOv2 numpy)
  Total latency:    2.61ms/query
  QPS:              383.4

[Results iter 3]
  Score (QPS [constrained]): 0.0000
  mAP (plain):       0.1307
  QPS:               383.43
  P@10:              0.4330
  nDCG@10:           0.5101

================================================================================
ITERATION 4/50 (RANDOM)
================================================================================
[VDMS] Restarting for clean DB (iteration 4)...
[VDMS] Ready on port 55639
[VDMS] Restart complete.
  engine:       FaissIVFFlat
  params:       {'nlist': 256, 'nprobe': 32}
  k_neighbors:  500
  alpha:        0.65
[OK] PMGD metadata loaded: 47776 images  (80 objects, 117 verbs)

[Iter 4] backbone=CLIP ViT-L/14  engine=FaissIVFFlat params={'nlist': 256, 'nprobe': 32} k=500 alpha=0.65 n_refs=1 ref_strategy=first constraint=object
[Iter 4] Building CLIP_Set_4  (graph=yes)...
[OK] DescriptorSet 'CLIP_Set_4' created  dim=768  metric=L2
[GRAPH] PMGD metadata provided — storing object_id + verb_id per descriptor
Indexing 47,776 CLIP vectors  dim=768  set=CLIP_Set_4  (batch_properties=500, with metadata)...
  CLIP failures: 0/47776  (OK)
[OK] 'CLIP_Set_4' indexed  (15.2s)
[Iter 4] Index built in 15.2s
[Iter 4] Running 600 queries...
[TextDINO q0] HOI=motorcycle|race  CLIP=0 candidates  k=500  alpha=0.65  constraint=object
[Iter 4] Timing breakdown:
  Index build:      15.2s  (one-time)
  Query (Stage-1):  0.31ms/query  (VDMS ANN)
  Rerank (Stage-2): 0.00ms/query  (DINOv2 numpy)
  Total latency:    0.33ms/query
  QPS:              3055.8

[Results iter 4]
  Score (QPS [constrained]): 0.0000
  mAP (plain):       0.0000
  QPS:               3055.75
  P@10:              0.0010
  nDCG@10:           0.0021

================================================================================
ITERATION 5/50 (RANDOM)
================================================================================
[VDMS] Restarting for clean DB (iteration 5)...
[VDMS] Ready on port 55639
[VDMS] Restart complete.
  engine:       FaissFlat
  params:       {}
  k_neighbors:  200
  alpha:        0.00

[Iter 5] backbone=CLIP ViT-L/14  engine=FaissFlat params={} k=200 alpha=0.00 n_refs=3 ref_strategy=diverse constraint=none
[Iter 5] Building CLIP_Set_5  (graph=no)...
[OK] DescriptorSet 'CLIP_Set_5' created  dim=768  metric=L2
Indexing 47,776 CLIP vectors  dim=768  set=CLIP_Set_5  (batch_properties=500)...
  CLIP failures: 0/47776  (OK)
[OK] 'CLIP_Set_5' indexed  (7.9s)
[Iter 5] Index built in 8.0s
[Iter 5] Running 600 queries...
[TextDINO q0] HOI=motorcycle|race  CLIP=200 candidates  k=200  alpha=0.00  constraint=none
[Iter 5] Timing breakdown:
  Index build:      8.0s  (one-time)
  Query (Stage-1):  26.19ms/query  (VDMS ANN)
  Rerank (Stage-2): 0.00ms/query  (DINOv2 numpy)
  Total latency:    26.28ms/query
  QPS:              38.1

[Results iter 5]
  Score (QPS [constrained]): 38.0511
  mAP (plain):       0.1724
  QPS:               38.05
  P@10:              0.3370
  nDCG@10:           0.3686

================================================================================
ITERATION 6/50 (RANDOM)
================================================================================
[VDMS] Restarting for clean DB (iteration 6)...
[VDMS] Ready on port 55639
[VDMS] Restart complete.
  engine:       FaissFlat
  params:       {}
  k_neighbors:  300
  alpha:        0.00

[Iter 6] backbone=CLIP ViT-L/14  engine=FaissFlat params={} k=300 alpha=0.00 n_refs=10 ref_strategy=centroid constraint=none
[Iter 6] Building CLIP_Set_6  (graph=no)...
[OK] DescriptorSet 'CLIP_Set_6' created  dim=768  metric=L2
Indexing 47,776 CLIP vectors  dim=768  set=CLIP_Set_6  (batch_properties=500)...
  CLIP failures: 0/47776  (OK)
[OK] 'CLIP_Set_6' indexed  (7.9s)
[Iter 6] Index built in 8.0s
[Iter 6] Running 600 queries...
[TextDINO q0] HOI=motorcycle|race  CLIP=300 candidates  k=300  alpha=0.00  constraint=none
[Iter 6] Timing breakdown:
  Index build:      8.0s  (one-time)
  Query (Stage-1):  40.31ms/query  (VDMS ANN)
  Rerank (Stage-2): 0.01ms/query  (DINOv2 numpy)
  Total latency:    40.44ms/query
  QPS:              24.7

[Results iter 6]
  Score (QPS [constrained]): 24.7259
  mAP (plain):       0.1892
  QPS:               24.73
  P@10:              0.3370
  nDCG@10:           0.3686

================================================================================
ITERATION 7/50 (RANDOM)
================================================================================
[VDMS] Restarting for clean DB (iteration 7)...
[VDMS] Ready on port 55639
[VDMS] Restart complete.
  engine:       FaissIVFFlat
  params:       {'nlist': 128, 'nprobe': 32}
  k_neighbors:  300
  alpha:        0.75
[OK] PMGD metadata loaded: 47776 images  (80 objects, 117 verbs)

[Iter 7] backbone=CLIP ViT-L/14  engine=FaissIVFFlat params={'nlist': 128, 'nprobe': 32} k=300 alpha=0.75 n_refs=5 ref_strategy=first constraint=verb
[Iter 7] Building CLIP_Set_7  (graph=yes)...
[OK] DescriptorSet 'CLIP_Set_7' created  dim=768  metric=L2
[GRAPH] PMGD metadata provided — storing object_id + verb_id per descriptor
Indexing 47,776 CLIP vectors  dim=768  set=CLIP_Set_7  (batch_properties=500, with metadata)...
  CLIP failures: 0/47776  (OK)
[OK] 'CLIP_Set_7' indexed  (15.6s)
[Iter 7] Index built in 15.6s
[Iter 7] Running 600 queries...
[TextDINO q0] HOI=motorcycle|race  CLIP=0 candidates  k=300  alpha=0.75  constraint=verb
[Iter 7] Timing breakdown:
  Index build:      15.6s  (one-time)
  Query (Stage-1):  0.31ms/query  (VDMS ANN)
  Rerank (Stage-2): 0.01ms/query  (DINOv2 numpy)
  Total latency:    0.32ms/query
  QPS:              3146.1

[Results iter 7]
  Score (QPS [constrained]): 0.0000
  mAP (plain):       0.0000
  QPS:               3146.09
  P@10:              0.0008
  nDCG@10:           0.0017

================================================================================
ITERATION 8/50 (RANDOM)
================================================================================
[VDMS] Restarting for clean DB (iteration 8)...
[VDMS] Ready on port 55639
[VDMS] Restart complete.
  engine:       FaissIVFFlat
  params:       {'nlist': 256, 'nprobe': 16}
  k_neighbors:  150
  alpha:        0.20

[Iter 8] backbone=CLIP ViT-L/14  engine=FaissIVFFlat params={'nlist': 256, 'nprobe': 16} k=150 alpha=0.20 n_refs=1 ref_strategy=first constraint=none
[Iter 8] Building CLIP_Set_8  (graph=no)...
[OK] DescriptorSet 'CLIP_Set_8' created  dim=768  metric=L2
Indexing 47,776 CLIP vectors  dim=768  set=CLIP_Set_8  (batch_properties=500)...
  CLIP failures: 0/47776  (OK)
[OK] 'CLIP_Set_8' indexed  (14.5s)
[Iter 8] Index built in 14.6s
[Iter 8] Running 600 queries...
[TextDINO q0] HOI=motorcycle|race  CLIP=5 candidates  k=150  alpha=0.20  constraint=none
[Iter 8] Timing breakdown:
  Index build:      14.6s  (one-time)
  Query (Stage-1):  0.40ms/query  (VDMS ANN)
  Rerank (Stage-2): 0.03ms/query  (DINOv2 numpy)
  Total latency:    0.45ms/query
  QPS:              2246.4

[Results iter 8]
  Score (QPS [constrained]): 0.0000
  mAP (plain):       0.0000
  QPS:               2246.41
  P@10:              0.0010
  nDCG@10:           0.0020

================================================================================
ITERATION 9/50 (RANDOM)
================================================================================
[VDMS] Restarting for clean DB (iteration 9)...
[VDMS] Ready on port 55639
[VDMS] Restart complete.
  engine:       FaissIVFFlat
  params:       {'nlist': 512, 'nprobe': 8}
  k_neighbors:  750
  alpha:        0.05
[OK] PMGD metadata loaded: 47776 images  (80 objects, 117 verbs)

[Iter 9] backbone=CLIP ViT-L/14  engine=FaissIVFFlat params={'nlist': 512, 'nprobe': 8} k=750 alpha=0.05 n_refs=1 ref_strategy=diverse constraint=object_and_verb
[Iter 9] Building CLIP_Set_9  (graph=yes)...
[OK] DescriptorSet 'CLIP_Set_9' created  dim=768  metric=L2
[GRAPH] PMGD metadata provided — storing object_id + verb_id per descriptor
Indexing 47,776 CLIP vectors  dim=768  set=CLIP_Set_9  (batch_properties=500, with metadata)...
  CLIP failures: 0/47776  (OK)
[OK] 'CLIP_Set_9' indexed  (15.9s)
[Iter 9] Index built in 16.0s
[Iter 9] Running 600 queries...
[TextDINO q0] HOI=motorcycle|race  CLIP=0 candidates  k=750  alpha=0.05  constraint=object_and_verb
[Iter 9] Timing breakdown:
  Index build:      16.0s  (one-time)
  Query (Stage-1):  0.32ms/query  (VDMS ANN)
  Rerank (Stage-2): 0.00ms/query  (DINOv2 numpy)
  Total latency:    0.33ms/query
  QPS:              3033.0

[Results iter 9]
  Score (QPS [constrained]): 0.0000
  mAP (plain):       0.0000
  QPS:               3032.98
  P@10:              0.0008
  nDCG@10:           0.0017

================================================================================
ITERATION 10/50 (RANDOM)
================================================================================
[VDMS] Restarting for clean DB (iteration 10)...
[VDMS] Ready on port 55639
[VDMS] Restart complete.
  engine:       FaissHNSWFlat
  params:       {'M': 16, 'efConstruction': 200, 'efSearch': 300}
  k_neighbors:  1000
  alpha:        0.85
[OK] PMGD metadata loaded: 47776 images  (80 objects, 117 verbs)

[Iter 10] backbone=CLIP ViT-L/14  engine=FaissHNSWFlat params={'M': 16, 'efConstruction': 200, 'efSearch': 300} k=1000 alpha=0.85 n_refs=5 ref_strategy=centroid constraint=object
[Iter 10] Building CLIP_Set_10  (graph=yes)...
[OK] DescriptorSet 'CLIP_Set_10' created  dim=768  metric=L2
[GRAPH] PMGD metadata provided — storing object_id + verb_id per descriptor
Indexing 47,776 CLIP vectors  dim=768  set=CLIP_Set_10  (batch_properties=500, with metadata)...
  CLIP failures: 0/47776  (OK)
[OK] 'CLIP_Set_10' indexed  (11.6s)
[Iter 10] Index built in 11.6s
[Iter 10] Running 600 queries...
[TextDINO q0] HOI=motorcycle|race  CLIP=535 candidates  k=1000  alpha=0.85  constraint=object
[Iter 10] Timing breakdown:
  Index build:      11.6s  (one-time)
  Query (Stage-1):  131.79ms/query  (VDMS ANN)
  Rerank (Stage-2): 0.37ms/query  (DINOv2 numpy)
  Total latency:    132.34ms/query
  QPS:              7.6

[Results iter 10]
  Score (QPS [constrained]): 7.5565
  mAP (plain):       0.3048
  QPS:               7.56
  P@10:              0.5193
  nDCG@10:           0.6139

================================================================================
ITERATION 11/50 (RANDOM)
================================================================================
[VDMS] Restarting for clean DB (iteration 11)...
[VDMS] Ready on port 55639
[VDMS] Restart complete.
  engine:       FaissIVFFlat
  params:       {'nlist': 64, 'nprobe': 16}
  k_neighbors:  150
  alpha:        0.55

[Iter 11] backbone=CLIP ViT-L/14  engine=FaissIVFFlat params={'nlist': 64, 'nprobe': 16} k=150 alpha=0.55 n_refs=3 ref_strategy=diverse constraint=none
[Iter 11] Building CLIP_Set_11  (graph=no)...
[OK] DescriptorSet 'CLIP_Set_11' created  dim=768  metric=L2
Indexing 47,776 CLIP vectors  dim=768  set=CLIP_Set_11  (batch_properties=500)...
  CLIP failures: 0/47776  (OK)
[OK] 'CLIP_Set_11' indexed  (15.8s)
[Iter 11] Index built in 15.9s
[Iter 11] Running 600 queries...
[TextDINO q0] HOI=motorcycle|race  CLIP=5 candidates  k=150  alpha=0.55  constraint=none
[Iter 11] Timing breakdown:
  Index build:      15.9s  (one-time)
  Query (Stage-1):  0.40ms/query  (VDMS ANN)
  Rerank (Stage-2): 0.03ms/query  (DINOv2 numpy)
  Total latency:    0.44ms/query
  QPS:              2275.0

[Results iter 11]
  Score (QPS [constrained]): 0.0000
  mAP (plain):       0.0000
  QPS:               2275.02
  P@10:              0.0010
  nDCG@10:           0.0019

================================================================================
ITERATION 12/50 (RANDOM)
================================================================================
[VDMS] Restarting for clean DB (iteration 12)...
[VDMS] Ready on port 55639
[VDMS] Restart complete.
  engine:       FaissIVFFlat
  params:       {'nlist': 128, 'nprobe': 8}
  k_neighbors:  200
  alpha:        0.00
[OK] PMGD metadata loaded: 47776 images  (80 objects, 117 verbs)

[Iter 12] backbone=CLIP ViT-L/14  engine=FaissIVFFlat params={'nlist': 128, 'nprobe': 8} k=200 alpha=0.00 n_refs=3 ref_strategy=first constraint=object_and_verb
[Iter 12] Building CLIP_Set_12  (graph=yes)...
[OK] DescriptorSet 'CLIP_Set_12' created  dim=768  metric=L2
[GRAPH] PMGD metadata provided — storing object_id + verb_id per descriptor
Indexing 47,776 CLIP vectors  dim=768  set=CLIP_Set_12  (batch_properties=500, with metadata)...
  CLIP failures: 0/47776  (OK)
[OK] 'CLIP_Set_12' indexed  (15.2s)
[Iter 12] Index built in 15.3s
[Iter 12] Running 600 queries...
[TextDINO q0] HOI=motorcycle|race  CLIP=0 candidates  k=200  alpha=0.00  constraint=object_and_verb
[Iter 12] Timing breakdown:
  Index build:      15.3s  (one-time)
  Query (Stage-1):  0.31ms/query  (VDMS ANN)
  Rerank (Stage-2): 0.00ms/query  (DINOv2 numpy)
  Total latency:    0.31ms/query
  QPS:              3234.9

[Results iter 12]
  Score (QPS [constrained]): 0.0000
  mAP (plain):       0.0000
  QPS:               3234.94
  P@10:              0.0008
  nDCG@10:           0.0017

================================================================================
ITERATION 13/50 (RANDOM)
================================================================================
[VDMS] Restarting for clean DB (iteration 13)...
[VDMS] Ready on port 55639
[VDMS] Restart complete.
  engine:       FaissFlat
  params:       {}
  k_neighbors:  50
  alpha:        0.70
[OK] PMGD metadata loaded: 47776 images  (80 objects, 117 verbs)

[Iter 13] backbone=CLIP ViT-L/14  engine=FaissFlat params={} k=50 alpha=0.70 n_refs=10 ref_strategy=centroid constraint=verb
[Iter 13] Building CLIP_Set_13  (graph=yes)...
[OK] DescriptorSet 'CLIP_Set_13' created  dim=768  metric=L2
[GRAPH] PMGD metadata provided — storing object_id + verb_id per descriptor
Indexing 47,776 CLIP vectors  dim=768  set=CLIP_Set_13  (batch_properties=500, with metadata)...
  CLIP failures: 0/47776  (OK)
[OK] 'CLIP_Set_13' indexed  (8.4s)
[Iter 13] Index built in 8.5s
[Iter 13] Running 600 queries...
[TextDINO q0] HOI=motorcycle|race  CLIP=15 candidates  k=50  alpha=0.70  constraint=verb
[Iter 13] Timing breakdown:
  Index build:      8.5s  (one-time)
  Query (Stage-1):  11.21ms/query  (VDMS ANN)
  Rerank (Stage-2): 0.04ms/query  (DINOv2 numpy)
  Total latency:    11.27ms/query
  QPS:              88.7

[Results iter 13]
  Score (QPS [constrained]): 0.0000
  mAP (plain):       0.1377
  QPS:               88.71
  P@10:              0.4430
  nDCG@10:           0.5196

================================================================================
ITERATION 14/50 (RANDOM)
================================================================================
[VDMS] Restarting for clean DB (iteration 14)...
[VDMS] Ready on port 55639
[VDMS] Restart complete.
  engine:       FaissIVFFlat
  params:       {'nlist': 128, 'nprobe': 8}
  k_neighbors:  1000
  alpha:        0.60
[OK] PMGD metadata loaded: 47776 images  (80 objects, 117 verbs)

[Iter 14] backbone=CLIP ViT-L/14  engine=FaissIVFFlat params={'nlist': 128, 'nprobe': 8} k=1000 alpha=0.60 n_refs=10 ref_strategy=first constraint=object
[Iter 14] Building CLIP_Set_14  (graph=yes)...
[OK] DescriptorSet 'CLIP_Set_14' created  dim=768  metric=L2
[GRAPH] PMGD metadata provided — storing object_id + verb_id per descriptor
Indexing 47,776 CLIP vectors  dim=768  set=CLIP_Set_14  (batch_properties=500, with metadata)...
  CLIP failures: 0/47776  (OK)
[OK] 'CLIP_Set_14' indexed  (15.0s)
[Iter 14] Index built in 15.1s
[Iter 14] Running 600 queries...
[TextDINO q0] HOI=motorcycle|race  CLIP=0 candidates  k=1000  alpha=0.60  constraint=object
[Iter 14] Timing breakdown:
  Index build:      15.1s  (one-time)
  Query (Stage-1):  0.32ms/query  (VDMS ANN)
  Rerank (Stage-2): 0.00ms/query  (DINOv2 numpy)
  Total latency:    0.32ms/query
  QPS:              3095.0

[Results iter 14]
  Score (QPS [constrained]): 0.0000
  mAP (plain):       0.0000
  QPS:               3094.96
  P@10:              0.0010
  nDCG@10:           0.0021

================================================================================
ITERATION 15/50 (RANDOM)
================================================================================
[VDMS] Restarting for clean DB (iteration 15)...
[VDMS] Ready on port 55639
[VDMS] Restart complete.
  engine:       FaissHNSWFlat
  params:       {'M': 64, 'efConstruction': 200, 'efSearch': 100}
  k_neighbors:  1000
  alpha:        0.00
[OK] PMGD metadata loaded: 47776 images  (80 objects, 117 verbs)

[Iter 15] backbone=CLIP ViT-L/14  engine=FaissHNSWFlat params={'M': 64, 'efConstruction': 200, 'efSearch': 100} k=1000 alpha=0.00 n_refs=10 ref_strategy=diverse constraint=object
[Iter 15] Building CLIP_Set_15  (graph=yes)...
[OK] DescriptorSet 'CLIP_Set_15' created  dim=768  metric=L2
[GRAPH] PMGD metadata provided — storing object_id + verb_id per descriptor
Indexing 47,776 CLIP vectors  dim=768  set=CLIP_Set_15  (batch_properties=500, with metadata)...
  CLIP failures: 0/47776  (OK)
[OK] 'CLIP_Set_15' indexed  (11.6s)
[Iter 15] Index built in 11.7s
[Iter 15] Running 600 queries...
[TextDINO q0] HOI=motorcycle|race  CLIP=534 candidates  k=1000  alpha=0.00  constraint=object
[Iter 15] Timing breakdown:
  Index build:      11.7s  (one-time)
  Query (Stage-1):  130.78ms/query  (VDMS ANN)
  Rerank (Stage-2): 0.00ms/query  (DINOv2 numpy)
  Total latency:    130.91ms/query
  QPS:              7.6

[Results iter 15]
  Score (QPS [constrained]): 7.6389
  mAP (plain):       0.2205
  QPS:               7.64
  P@10:              0.3722
  nDCG@10:           0.4020

================================================================================
ITERATION 16/50 (RANDOM)
================================================================================
[VDMS] Restarting for clean DB (iteration 16)...
[VDMS] Ready on port 55639
[VDMS] Restart complete.
  engine:       FaissHNSWFlat
  params:       {'M': 32, 'efConstruction': 200, 'efSearch': 64}
  k_neighbors:  200
  alpha:        0.20
[OK] PMGD metadata loaded: 47776 images  (80 objects, 117 verbs)

[Iter 16] backbone=CLIP ViT-L/14  engine=FaissHNSWFlat params={'M': 32, 'efConstruction': 200, 'efSearch': 64} k=200 alpha=0.20 n_refs=10 ref_strategy=first constraint=object
[Iter 16] Building CLIP_Set_16  (graph=yes)...
[OK] DescriptorSet 'CLIP_Set_16' created  dim=768  metric=L2
[GRAPH] PMGD metadata provided — storing object_id + verb_id per descriptor
Indexing 47,776 CLIP vectors  dim=768  set=CLIP_Set_16  (batch_properties=500, with metadata)...
  CLIP failures: 0/47776  (OK)
[OK] 'CLIP_Set_16' indexed  (11.7s)
[Iter 16] Index built in 11.7s
[Iter 16] Running 600 queries...
[TextDINO q0] HOI=motorcycle|race  CLIP=199 candidates  k=200  alpha=0.20  constraint=object
[Iter 16] Timing breakdown:
  Index build:      11.7s  (one-time)
  Query (Stage-1):  16.92ms/query  (VDMS ANN)
  Rerank (Stage-2): 0.21ms/query  (DINOv2 numpy)
  Total latency:    17.21ms/query
  QPS:              58.1

[Results iter 16]
  Score (QPS [constrained]): 58.1149
  mAP (plain):       0.2102
  QPS:               58.11
  P@10:              0.4072
  nDCG@10:           0.4419

================================================================================
ITERATION 17/50 (RANDOM)
================================================================================
[VDMS] Restarting for clean DB (iteration 17)...
[VDMS] Ready on port 55639
[VDMS] Restart complete.
  engine:       FaissIVFFlat
  params:       {'nlist': 256, 'nprobe': 8}
  k_neighbors:  50
  alpha:        0.35
[OK] PMGD metadata loaded: 47776 images  (80 objects, 117 verbs)

[Iter 17] backbone=CLIP ViT-L/14  engine=FaissIVFFlat params={'nlist': 256, 'nprobe': 8} k=50 alpha=0.35 n_refs=3 ref_strategy=diverse constraint=object_and_verb
[Iter 17] Building CLIP_Set_17  (graph=yes)...
[OK] DescriptorSet 'CLIP_Set_17' created  dim=768  metric=L2
[GRAPH] PMGD metadata provided — storing object_id + verb_id per descriptor
Indexing 47,776 CLIP vectors  dim=768  set=CLIP_Set_17  (batch_properties=500, with metadata)...
  CLIP failures: 0/47776  (OK)
[OK] 'CLIP_Set_17' indexed  (15.5s)
[Iter 17] Index built in 15.5s
[Iter 17] Running 600 queries...
[TextDINO q0] HOI=motorcycle|race  CLIP=0 candidates  k=50  alpha=0.35  constraint=object_and_verb
[Iter 17] Timing breakdown:
  Index build:      15.5s  (one-time)
  Query (Stage-1):  0.30ms/query  (VDMS ANN)
  Rerank (Stage-2): 0.00ms/query  (DINOv2 numpy)
  Total latency:    0.31ms/query
  QPS:              3276.0

[Results iter 17]
  Score (QPS [constrained]): 0.0000
  mAP (plain):       0.0000
  QPS:               3275.96
  P@10:              0.0008
  nDCG@10:           0.0017

================================================================================
ITERATION 18/50 (RANDOM)
================================================================================
[VDMS] Restarting for clean DB (iteration 18)...
[VDMS] Ready on port 55639
[VDMS] Restart complete.
  engine:       FaissIVFFlat
  params:       {'nlist': 256, 'nprobe': 32}
  k_neighbors:  100
  alpha:        0.40

[Iter 18] backbone=CLIP ViT-L/14  engine=FaissIVFFlat params={'nlist': 256, 'nprobe': 32} k=100 alpha=0.40 n_refs=1 ref_strategy=centroid constraint=none
[Iter 18] Building CLIP_Set_18  (graph=no)...
[OK] DescriptorSet 'CLIP_Set_18' created  dim=768  metric=L2
Indexing 47,776 CLIP vectors  dim=768  set=CLIP_Set_18  (batch_properties=500)...
  CLIP failures: 0/47776  (OK)
[OK] 'CLIP_Set_18' indexed  (15.6s)
[Iter 18] Index built in 15.6s
[Iter 18] Running 600 queries...
[TextDINO q0] HOI=motorcycle|race  CLIP=5 candidates  k=100  alpha=0.40  constraint=none
[Iter 18] Timing breakdown:
  Index build:      15.6s  (one-time)
  Query (Stage-1):  0.40ms/query  (VDMS ANN)
  Rerank (Stage-2): 0.03ms/query  (DINOv2 numpy)
  Total latency:    0.44ms/query
  QPS:              2251.7

[Results iter 18]
  Score (QPS [constrained]): 0.0000
  mAP (plain):       0.0000
  QPS:               2251.73
  P@10:              0.0010
  nDCG@10:           0.0018

================================================================================
ITERATION 19/50 (RANDOM)
================================================================================
[VDMS] Restarting for clean DB (iteration 19)...
[VDMS] Ready on port 55639
[VDMS] Restart complete.
  engine:       FaissFlat
  params:       {}
  k_neighbors:  500
  alpha:        0.00

[Iter 19] backbone=CLIP ViT-L/14  engine=FaissFlat params={} k=500 alpha=0.00 n_refs=3 ref_strategy=centroid constraint=none
[Iter 19] Building CLIP_Set_19  (graph=no)...
[OK] DescriptorSet 'CLIP_Set_19' created  dim=768  metric=L2
Indexing 47,776 CLIP vectors  dim=768  set=CLIP_Set_19  (batch_properties=500)...
  CLIP failures: 0/47776  (OK)
[OK] 'CLIP_Set_19' indexed  (7.9s)
[Iter 19] Index built in 8.0s
[Iter 19] Running 600 queries...
[TextDINO q0] HOI=motorcycle|race  CLIP=500 candidates  k=500  alpha=0.00  constraint=none
[Iter 19] Timing breakdown:
  Index build:      8.0s  (one-time)
  Query (Stage-1):  79.11ms/query  (VDMS ANN)
  Rerank (Stage-2): 0.01ms/query  (DINOv2 numpy)
  Total latency:    79.32ms/query
  QPS:              12.6

[Results iter 19]
  Score (QPS [constrained]): 12.6073
  mAP (plain):       0.2079
  QPS:               12.61
  P@10:              0.3370
  nDCG@10:           0.3686

================================================================================
ITERATION 20/50 (RANDOM)
================================================================================
[VDMS] Restarting for clean DB (iteration 20)...
[VDMS] Ready on port 55639
[VDMS] Restart complete.
  engine:       FaissIVFFlat
  params:       {'nlist': 512, 'nprobe': 64}
  k_neighbors:  50
  alpha:        0.60
[OK] PMGD metadata loaded: 47776 images  (80 objects, 117 verbs)

[Iter 20] backbone=CLIP ViT-L/14  engine=FaissIVFFlat params={'nlist': 512, 'nprobe': 64} k=50 alpha=0.60 n_refs=3 ref_strategy=diverse constraint=object_and_verb
[Iter 20] Building CLIP_Set_20  (graph=yes)...
[OK] DescriptorSet 'CLIP_Set_20' created  dim=768  metric=L2
[GRAPH] PMGD metadata provided — storing object_id + verb_id per descriptor
Indexing 47,776 CLIP vectors  dim=768  set=CLIP_Set_20  (batch_properties=500, with metadata)...
  CLIP failures: 0/47776  (OK)
[OK] 'CLIP_Set_20' indexed  (14.9s)
[Iter 20] Index built in 14.9s
[Iter 20] Running 600 queries...
[TextDINO q0] HOI=motorcycle|race  CLIP=0 candidates  k=50  alpha=0.60  constraint=object_and_verb
[Iter 20] Timing breakdown:
  Index build:      14.9s  (one-time)
  Query (Stage-1):  0.30ms/query  (VDMS ANN)
  Rerank (Stage-2): 0.00ms/query  (DINOv2 numpy)
  Total latency:    0.32ms/query
  QPS:              3127.7

[Results iter 20]
  Score (QPS [constrained]): 0.0000
  mAP (plain):       0.0000
  QPS:               3127.67
  P@10:              0.0008
  nDCG@10:           0.0017

================================================================================
ITERATION 21/50 (RANDOM)
================================================================================
[VDMS] Restarting for clean DB (iteration 21)...
[VDMS] Ready on port 55639
[VDMS] Restart complete.
  engine:       FaissHNSWFlat
  params:       {'M': 16, 'efConstruction': 200, 'efSearch': 500}
  k_neighbors:  200
  alpha:        0.30
[OK] PMGD metadata loaded: 47776 images  (80 objects, 117 verbs)

[Iter 21] backbone=CLIP ViT-L/14  engine=FaissHNSWFlat params={'M': 16, 'efConstruction': 200, 'efSearch': 500} k=200 alpha=0.30 n_refs=1 ref_strategy=first constraint=verb
[Iter 21] Building CLIP_Set_21  (graph=yes)...
[OK] DescriptorSet 'CLIP_Set_21' created  dim=768  metric=L2
[GRAPH] PMGD metadata provided — storing object_id + verb_id per descriptor
Indexing 47,776 CLIP vectors  dim=768  set=CLIP_Set_21  (batch_properties=500, with metadata)...
  CLIP failures: 0/47776  (OK)
[OK] 'CLIP_Set_21' indexed  (11.6s)
[Iter 21] Index built in 11.7s
[Iter 21] Running 600 queries...
[TextDINO q0] HOI=motorcycle|race  CLIP=55 candidates  k=200  alpha=0.30  constraint=verb
[Iter 21] Timing breakdown:
  Index build:      11.7s  (one-time)
  Query (Stage-1):  14.16ms/query  (VDMS ANN)
  Rerank (Stage-2): 0.07ms/query  (DINOv2 numpy)
  Total latency:    14.27ms/query
  QPS:              70.1

[Results iter 21]
  Score (QPS [constrained]): 70.1006
  mAP (plain):       0.2239
  QPS:               70.10
  P@10:              0.5453
  nDCG@10:           0.6098

================================================================================
ITERATION 22/50 (RANDOM)
================================================================================
[VDMS] Restarting for clean DB (iteration 22)...
[VDMS] Ready on port 55639
[VDMS] Restart complete.
  engine:       FaissIVFFlat
  params:       {'nlist': 512, 'nprobe': 4}
  k_neighbors:  500
  alpha:        0.50
[OK] PMGD metadata loaded: 47776 images  (80 objects, 117 verbs)

[Iter 22] backbone=CLIP ViT-L/14  engine=FaissIVFFlat params={'nlist': 512, 'nprobe': 4} k=500 alpha=0.50 n_refs=10 ref_strategy=diverse constraint=verb
[Iter 22] Building CLIP_Set_22  (graph=yes)...
[OK] DescriptorSet 'CLIP_Set_22' created  dim=768  metric=L2
[GRAPH] PMGD metadata provided — storing object_id + verb_id per descriptor
Indexing 47,776 CLIP vectors  dim=768  set=CLIP_Set_22  (batch_properties=500, with metadata)...
  CLIP failures: 0/47776  (OK)
[OK] 'CLIP_Set_22' indexed  (14.9s)
[Iter 22] Index built in 15.0s
[Iter 22] Running 600 queries...
[TextDINO q0] HOI=motorcycle|race  CLIP=0 candidates  k=500  alpha=0.50  constraint=verb
[Iter 22] Timing breakdown:
  Index build:      15.0s  (one-time)
  Query (Stage-1):  0.32ms/query  (VDMS ANN)
  Rerank (Stage-2): 0.01ms/query  (DINOv2 numpy)
  Total latency:    0.33ms/query
  QPS:              3052.3

[Results iter 22]
  Score (QPS [constrained]): 0.0000
  mAP (plain):       0.0000
  QPS:               3052.26
  P@10:              0.0008
  nDCG@10:           0.0017

================================================================================
ITERATION 23/50 (RANDOM)
================================================================================
[VDMS] Restarting for clean DB (iteration 23)...
[VDMS] Ready on port 55639
[VDMS] Restart complete.
  engine:       FaissHNSWFlat
  params:       {'M': 48, 'efConstruction': 200, 'efSearch': 300}
  k_neighbors:  500
  alpha:        0.85
[OK] PMGD metadata loaded: 47776 images  (80 objects, 117 verbs)

[Iter 23] backbone=CLIP ViT-L/14  engine=FaissHNSWFlat params={'M': 48, 'efConstruction': 200, 'efSearch': 300} k=500 alpha=0.85 n_refs=1 ref_strategy=first constraint=verb
[Iter 23] Building CLIP_Set_23  (graph=yes)...
[OK] DescriptorSet 'CLIP_Set_23' created  dim=768  metric=L2
[GRAPH] PMGD metadata provided — storing object_id + verb_id per descriptor
Indexing 47,776 CLIP vectors  dim=768  set=CLIP_Set_23  (batch_properties=500, with metadata)...
  CLIP failures: 0/47776  (OK)
[OK] 'CLIP_Set_23' indexed  (11.6s)
[Iter 23] Index built in 11.7s
[Iter 23] Running 600 queries...
[TextDINO q0] HOI=motorcycle|race  CLIP=102 candidates  k=500  alpha=0.85  constraint=verb
[Iter 23] Timing breakdown:
  Index build:      11.7s  (one-time)
  Query (Stage-1):  62.82ms/query  (VDMS ANN)
  Rerank (Stage-2): 0.11ms/query  (DINOv2 numpy)
  Total latency:    63.02ms/query
  QPS:              15.9

[Results iter 23]
  Score (QPS [constrained]): 15.8673
  mAP (plain):       0.2637
  QPS:               15.87
  P@10:              0.5675
  nDCG@10:           0.6301

================================================================================
ITERATION 24/50 (RANDOM)
================================================================================
[VDMS] Restarting for clean DB (iteration 24)...
[VDMS] Ready on port 55639
[VDMS] Restart complete.
  engine:       FaissIVFFlat
  params:       {'nlist': 128, 'nprobe': 4}
  k_neighbors:  300
  alpha:        0.50
[OK] PMGD metadata loaded: 47776 images  (80 objects, 117 verbs)

[Iter 24] backbone=CLIP ViT-L/14  engine=FaissIVFFlat params={'nlist': 128, 'nprobe': 4} k=300 alpha=0.50 n_refs=10 ref_strategy=diverse constraint=object_and_verb
[Iter 24] Building CLIP_Set_24  (graph=yes)...
[OK] DescriptorSet 'CLIP_Set_24' created  dim=768  metric=L2
[GRAPH] PMGD metadata provided — storing object_id + verb_id per descriptor
Indexing 47,776 CLIP vectors  dim=768  set=CLIP_Set_24  (batch_properties=500, with metadata)...
  CLIP failures: 0/47776  (OK)
[OK] 'CLIP_Set_24' indexed  (15.8s)
[Iter 24] Index built in 15.8s
[Iter 24] Running 600 queries...
[TextDINO q0] HOI=motorcycle|race  CLIP=0 candidates  k=300  alpha=0.50  constraint=object_and_verb
[Iter 24] Timing breakdown:
  Index build:      15.8s  (one-time)
  Query (Stage-1):  0.31ms/query  (VDMS ANN)
  Rerank (Stage-2): 0.00ms/query  (DINOv2 numpy)
  Total latency:    0.32ms/query
  QPS:              3091.8

[Results iter 24]
  Score (QPS [constrained]): 0.0000
  mAP (plain):       0.0000
  QPS:               3091.77
  P@10:              0.0008
  nDCG@10:           0.0017

================================================================================
ITERATION 25/50 (RANDOM)
================================================================================
[VDMS] Restarting for clean DB (iteration 25)...
[VDMS] Ready on port 55639
[VDMS] Restart complete.
  engine:       FaissHNSWFlat
  params:       {'M': 64, 'efConstruction': 200, 'efSearch': 500}
  k_neighbors:  50
  alpha:        0.55
[OK] PMGD metadata loaded: 47776 images  (80 objects, 117 verbs)

[Iter 25] backbone=CLIP ViT-L/14  engine=FaissHNSWFlat params={'M': 64, 'efConstruction': 200, 'efSearch': 500} k=50 alpha=0.55 n_refs=1 ref_strategy=diverse constraint=object_and_verb
[Iter 25] Building CLIP_Set_25  (graph=yes)...
[OK] DescriptorSet 'CLIP_Set_25' created  dim=768  metric=L2
[GRAPH] PMGD metadata provided — storing object_id + verb_id per descriptor
Indexing 47,776 CLIP vectors  dim=768  set=CLIP_Set_25  (batch_properties=500, with metadata)...
  CLIP failures: 0/47776  (OK)
[OK] 'CLIP_Set_25' indexed  (11.6s)
[Iter 25] Index built in 11.6s
[Iter 25] Running 600 queries...
[TextDINO q0] HOI=motorcycle|race  CLIP=17 candidates  k=50  alpha=0.55  constraint=object_and_verb
[Iter 25] Timing breakdown:
  Index build:      11.6s  (one-time)
  Query (Stage-1):  2.56ms/query  (VDMS ANN)
  Rerank (Stage-2): 0.03ms/query  (DINOv2 numpy)
  Total latency:    2.61ms/query
  QPS:              383.9

[Results iter 25]
  Score (QPS [constrained]): 0.0000
  mAP (plain):       0.1307
  QPS:               383.87
  P@10:              0.4332
  nDCG@10:           0.5098

================================================================================
ITERATION 26/50 (RANDOM)
================================================================================
[VDMS] Restarting for clean DB (iteration 26)...
[VDMS] Ready on port 55639
[VDMS] Restart complete.
  engine:       FaissIVFFlat
  params:       {'nlist': 64, 'nprobe': 64}
  k_neighbors:  300
  alpha:        0.90
[OK] PMGD metadata loaded: 47776 images  (80 objects, 117 verbs)

[Iter 26] backbone=CLIP ViT-L/14  engine=FaissIVFFlat params={'nlist': 64, 'nprobe': 64} k=300 alpha=0.90 n_refs=5 ref_strategy=first constraint=object_and_verb
[Iter 26] Building CLIP_Set_26  (graph=yes)...
[OK] DescriptorSet 'CLIP_Set_26' created  dim=768  metric=L2
[GRAPH] PMGD metadata provided — storing object_id + verb_id per descriptor
Indexing 47,776 CLIP vectors  dim=768  set=CLIP_Set_26  (batch_properties=500, with metadata)...
  CLIP failures: 0/47776  (OK)
[OK] 'CLIP_Set_26' indexed  (15.3s)
[Iter 26] Index built in 15.4s
[Iter 26] Running 600 queries...
[TextDINO q0] HOI=motorcycle|race  CLIP=0 candidates  k=300  alpha=0.90  constraint=object_and_verb
[Iter 26] Timing breakdown:
  Index build:      15.4s  (one-time)
  Query (Stage-1):  0.31ms/query  (VDMS ANN)
  Rerank (Stage-2): 0.00ms/query  (DINOv2 numpy)
  Total latency:    0.31ms/query
  QPS:              3204.1

[Results iter 26]
  Score (QPS [constrained]): 0.0000
  mAP (plain):       0.0000
  QPS:               3204.05
  P@10:              0.0008
  nDCG@10:           0.0017

================================================================================
ITERATION 27/50 (RANDOM)
================================================================================
[VDMS] Restarting for clean DB (iteration 27)...
[VDMS] Ready on port 55639
[VDMS] Restart complete.
  engine:       FaissFlat
  params:       {}
  k_neighbors:  200
  alpha:        0.00
[OK] PMGD metadata loaded: 47776 images  (80 objects, 117 verbs)

[Iter 27] backbone=CLIP ViT-L/14  engine=FaissFlat params={} k=200 alpha=0.00 n_refs=3 ref_strategy=first constraint=verb
[Iter 27] Building CLIP_Set_27  (graph=yes)...
[OK] DescriptorSet 'CLIP_Set_27' created  dim=768  metric=L2
[GRAPH] PMGD metadata provided — storing object_id + verb_id per descriptor
Indexing 47,776 CLIP vectors  dim=768  set=CLIP_Set_27  (batch_properties=500, with metadata)...
  CLIP failures: 0/47776  (OK)
[OK] 'CLIP_Set_27' indexed  (8.4s)
[Iter 27] Index built in 8.4s
[Iter 27] Running 600 queries...
[TextDINO q0] HOI=motorcycle|race  CLIP=50 candidates  k=200  alpha=0.00  constraint=verb
[Iter 27] Timing breakdown:
  Index build:      8.4s  (one-time)
  Query (Stage-1):  22.37ms/query  (VDMS ANN)
  Rerank (Stage-2): 0.00ms/query  (DINOv2 numpy)
  Total latency:    22.40ms/query
  QPS:              44.6

[Results iter 27]
  Score (QPS [constrained]): 44.6384
  mAP (plain):       0.2343
  QPS:               44.64
  P@10:              0.5467
  nDCG@10:           0.6155

================================================================================
ITERATION 28/50 (RANDOM)
================================================================================
[VDMS] Restarting for clean DB (iteration 28)...
[VDMS] Ready on port 55639
[VDMS] Restart complete.
  engine:       FaissHNSWFlat
  params:       {'M': 8, 'efConstruction': 200, 'efSearch': 150}
  k_neighbors:  100
  alpha:        0.50
[OK] PMGD metadata loaded: 47776 images  (80 objects, 117 verbs)

[Iter 28] backbone=CLIP ViT-L/14  engine=FaissHNSWFlat params={'M': 8, 'efConstruction': 200, 'efSearch': 150} k=100 alpha=0.50 n_refs=10 ref_strategy=diverse constraint=object
[Iter 28] Building CLIP_Set_28  (graph=yes)...
[OK] DescriptorSet 'CLIP_Set_28' created  dim=768  metric=L2
[GRAPH] PMGD metadata provided — storing object_id + verb_id per descriptor
Indexing 47,776 CLIP vectors  dim=768  set=CLIP_Set_28  (batch_properties=500, with metadata)...
  CLIP failures: 0/47776  (OK)
[OK] 'CLIP_Set_28' indexed  (11.7s)
[Iter 28] Index built in 11.7s
[Iter 28] Running 600 queries...
[TextDINO q0] HOI=motorcycle|race  CLIP=100 candidates  k=100  alpha=0.50  constraint=object
[Iter 28] Timing breakdown:
  Index build:      11.7s  (one-time)
  Query (Stage-1):  7.04ms/query  (VDMS ANN)
  Rerank (Stage-2): 0.13ms/query  (DINOv2 numpy)
  Total latency:    7.22ms/query
  QPS:              138.6

[Results iter 28]
  Score (QPS [constrained]): 138.5827
  mAP (plain):       0.1997
  QPS:               138.58
  P@10:              0.4415
  nDCG@10:           0.4867

================================================================================
ITERATION 29/50 (RANDOM)
================================================================================
[VDMS] Restarting for clean DB (iteration 29)...
[VDMS] Ready on port 55639
[VDMS] Restart complete.
  engine:       FaissHNSWFlat
  params:       {'M': 48, 'efConstruction': 200, 'efSearch': 100}
  k_neighbors:  50
  alpha:        0.40

[Iter 29] backbone=CLIP ViT-L/14  engine=FaissHNSWFlat params={'M': 48, 'efConstruction': 200, 'efSearch': 100} k=50 alpha=0.40 n_refs=3 ref_strategy=first constraint=none
[Iter 29] Building CLIP_Set_29  (graph=no)...
[OK] DescriptorSet 'CLIP_Set_29' created  dim=768  metric=L2
Indexing 47,776 CLIP vectors  dim=768  set=CLIP_Set_29  (batch_properties=500)...
  CLIP failures: 0/47776  (OK)
[OK] 'CLIP_Set_29' indexed  (11.1s)
[Iter 29] Index built in 11.2s
[Iter 29] Running 600 queries...
[TextDINO q0] HOI=motorcycle|race  CLIP=50 candidates  k=50  alpha=0.40  constraint=none
[Iter 29] Timing breakdown:
  Index build:      11.2s  (one-time)
  Query (Stage-1):  3.36ms/query  (VDMS ANN)
  Rerank (Stage-2): 0.10ms/query  (DINOv2 numpy)
  Total latency:    3.49ms/query
  QPS:              286.6

[Results iter 29]
  Score (QPS [constrained]): 0.0000
  mAP (plain):       0.1369
  QPS:               286.61
  P@10:              0.3887
  nDCG@10:           0.4243

================================================================================
ITERATION 30/50 (RANDOM)
================================================================================
[VDMS] Restarting for clean DB (iteration 30)...
[VDMS] Ready on port 55639
[VDMS] Restart complete.
  engine:       FaissIVFFlat
  params:       {'nlist': 256, 'nprobe': 64}
  k_neighbors:  100
  alpha:        0.75
[OK] PMGD metadata loaded: 47776 images  (80 objects, 117 verbs)

[Iter 30] backbone=CLIP ViT-L/14  engine=FaissIVFFlat params={'nlist': 256, 'nprobe': 64} k=100 alpha=0.75 n_refs=3 ref_strategy=centroid constraint=object_and_verb
[Iter 30] Building CLIP_Set_30  (graph=yes)...
[OK] DescriptorSet 'CLIP_Set_30' created  dim=768  metric=L2
[GRAPH] PMGD metadata provided — storing object_id + verb_id per descriptor
Indexing 47,776 CLIP vectors  dim=768  set=CLIP_Set_30  (batch_properties=500, with metadata)...
  CLIP failures: 0/47776  (OK)
[OK] 'CLIP_Set_30' indexed  (15.2s)
[Iter 30] Index built in 15.2s
[Iter 30] Running 600 queries...
[TextDINO q0] HOI=motorcycle|race  CLIP=0 candidates  k=100  alpha=0.75  constraint=object_and_verb
[Iter 30] Timing breakdown:
  Index build:      15.2s  (one-time)
  Query (Stage-1):  0.30ms/query  (VDMS ANN)
  Rerank (Stage-2): 0.00ms/query  (DINOv2 numpy)
  Total latency:    0.31ms/query
  QPS:              3230.6

[Results iter 30]
  Score (QPS [constrained]): 0.0000
  mAP (plain):       0.0000
  QPS:               3230.57
  P@10:              0.0008
  nDCG@10:           0.0017

================================================================================
ITERATION 31/50 (RANDOM)
================================================================================
[VDMS] Restarting for clean DB (iteration 31)...
[VDMS] Ready on port 55639
[VDMS] Restart complete.
  engine:       FaissHNSWFlat
  params:       {'M': 32, 'efConstruction': 200, 'efSearch': 100}
  k_neighbors:  50
  alpha:        0.55

[Iter 31] backbone=CLIP ViT-L/14  engine=FaissHNSWFlat params={'M': 32, 'efConstruction': 200, 'efSearch': 100} k=50 alpha=0.55 n_refs=1 ref_strategy=centroid constraint=none
[Iter 31] Building CLIP_Set_31  (graph=no)...
[OK] DescriptorSet 'CLIP_Set_31' created  dim=768  metric=L2
Indexing 47,776 CLIP vectors  dim=768  set=CLIP_Set_31  (batch_properties=500)...
  CLIP failures: 0/47776  (OK)
[OK] 'CLIP_Set_31' indexed  (11.2s)
[Iter 31] Index built in 11.2s
[Iter 31] Running 600 queries...
[TextDINO q0] HOI=motorcycle|race  CLIP=50 candidates  k=50  alpha=0.55  constraint=none
[Iter 31] Timing breakdown:
  Index build:      11.2s  (one-time)
  Query (Stage-1):  3.33ms/query  (VDMS ANN)
  Rerank (Stage-2): 0.10ms/query  (DINOv2 numpy)
  Total latency:    3.46ms/query
  QPS:              288.9

[Results iter 31]
  Score (QPS [constrained]): 0.0000
  mAP (plain):       0.1250
  QPS:               288.91
  P@10:              0.3728
  nDCG@10:           0.4028

================================================================================
ITERATION 32/50 (RANDOM)
================================================================================
[VDMS] Restarting for clean DB (iteration 32)...
[VDMS] Ready on port 55639
[VDMS] Restart complete.
  engine:       FaissIVFFlat
  params:       {'nlist': 64, 'nprobe': 64}
  k_neighbors:  1000
  alpha:        0.25
[OK] PMGD metadata loaded: 47776 images  (80 objects, 117 verbs)

[Iter 32] backbone=CLIP ViT-L/14  engine=FaissIVFFlat params={'nlist': 64, 'nprobe': 64} k=1000 alpha=0.25 n_refs=10 ref_strategy=first constraint=object
[Iter 32] Building CLIP_Set_32  (graph=yes)...
[OK] DescriptorSet 'CLIP_Set_32' created  dim=768  metric=L2
[GRAPH] PMGD metadata provided — storing object_id + verb_id per descriptor
Indexing 47,776 CLIP vectors  dim=768  set=CLIP_Set_32  (batch_properties=500, with metadata)...
  CLIP failures: 0/47776  (OK)
[OK] 'CLIP_Set_32' indexed  (15.5s)
[Iter 32] Index built in 15.6s
[Iter 32] Running 600 queries...
[TextDINO q0] HOI=motorcycle|race  CLIP=0 candidates  k=1000  alpha=0.25  constraint=object
[Iter 32] Timing breakdown:
  Index build:      15.6s  (one-time)
  Query (Stage-1):  0.32ms/query  (VDMS ANN)
  Rerank (Stage-2): 0.00ms/query  (DINOv2 numpy)
  Total latency:    0.32ms/query
  QPS:              3077.3

[Results iter 32]
  Score (QPS [constrained]): 0.0000
  mAP (plain):       0.0000
  QPS:               3077.30
  P@10:              0.0010
  nDCG@10:           0.0021

================================================================================
ITERATION 33/50 (RANDOM)
================================================================================
[VDMS] Restarting for clean DB (iteration 33)...
[VDMS] Ready on port 55639
[VDMS] Restart complete.
  engine:       FaissFlat
  params:       {}
  k_neighbors:  300
  alpha:        0.40

[Iter 33] backbone=CLIP ViT-L/14  engine=FaissFlat params={} k=300 alpha=0.40 n_refs=1 ref_strategy=centroid constraint=none
[Iter 33] Building CLIP_Set_33  (graph=no)...
[OK] DescriptorSet 'CLIP_Set_33' created  dim=768  metric=L2
Indexing 47,776 CLIP vectors  dim=768  set=CLIP_Set_33  (batch_properties=500)...
  CLIP failures: 0/47776  (OK)
[OK] 'CLIP_Set_33' indexed  (7.9s)
[Iter 33] Index built in 8.0s
[Iter 33] Running 600 queries...
[TextDINO q0] HOI=motorcycle|race  CLIP=300 candidates  k=300  alpha=0.40  constraint=none
[Iter 33] Timing breakdown:
  Index build:      8.0s  (one-time)
  Query (Stage-1):  40.33ms/query  (VDMS ANN)
  Rerank (Stage-2): 0.42ms/query  (DINOv2 numpy)
  Total latency:    40.88ms/query
  QPS:              24.5

[Results iter 33]
  Score (QPS [constrained]): 24.4608
  mAP (plain):       0.2087
  QPS:               24.46
  P@10:              0.3703
  nDCG@10:           0.4015

================================================================================
ITERATION 34/50 (RANDOM)
================================================================================
[VDMS] Restarting for clean DB (iteration 34)...
[VDMS] Ready on port 55639
[VDMS] Restart complete.
  engine:       FaissFlat
  params:       {}
  k_neighbors:  300
  alpha:        0.55
[OK] PMGD metadata loaded: 47776 images  (80 objects, 117 verbs)

[Iter 34] backbone=CLIP ViT-L/14  engine=FaissFlat params={} k=300 alpha=0.55 n_refs=5 ref_strategy=centroid constraint=object
[Iter 34] Building CLIP_Set_34  (graph=yes)...
[OK] DescriptorSet 'CLIP_Set_34' created  dim=768  metric=L2
[GRAPH] PMGD metadata provided — storing object_id + verb_id per descriptor
Indexing 47,776 CLIP vectors  dim=768  set=CLIP_Set_34  (batch_properties=500, with metadata)...
  CLIP failures: 0/47776  (OK)
[OK] 'CLIP_Set_34' indexed  (8.4s)
[Iter 34] Index built in 8.5s
[Iter 34] Running 600 queries...
[TextDINO q0] HOI=motorcycle|race  CLIP=296 candidates  k=300  alpha=0.55  constraint=object
[Iter 34] Timing breakdown:
  Index build:      8.5s  (one-time)
  Query (Stage-1):  38.96ms/query  (VDMS ANN)
  Rerank (Stage-2): 0.28ms/query  (DINOv2 numpy)
  Total latency:    39.33ms/query
  QPS:              25.4

[Results iter 34]
  Score (QPS [constrained]): 25.4273
  mAP (plain):       0.2956
  QPS:               25.43
  P@10:              0.4953
  nDCG@10:           0.5598

================================================================================
ITERATION 35/50 (RANDOM)
================================================================================
[VDMS] Restarting for clean DB (iteration 35)...
[VDMS] Ready on port 55639
[VDMS] Restart complete.
  engine:       FaissIVFFlat
  params:       {'nlist': 128, 'nprobe': 4}
  k_neighbors:  50
  alpha:        0.45

[Iter 35] backbone=CLIP ViT-L/14  engine=FaissIVFFlat params={'nlist': 128, 'nprobe': 4} k=50 alpha=0.45 n_refs=1 ref_strategy=centroid constraint=none
[Iter 35] Building CLIP_Set_35  (graph=no)...
[OK] DescriptorSet 'CLIP_Set_35' created  dim=768  metric=L2
Indexing 47,776 CLIP vectors  dim=768  set=CLIP_Set_35  (batch_properties=500)...
  CLIP failures: 0/47776  (OK)
[OK] 'CLIP_Set_35' indexed  (14.6s)
[Iter 35] Index built in 14.7s
[Iter 35] Running 600 queries...
[TextDINO q0] HOI=motorcycle|race  CLIP=5 candidates  k=50  alpha=0.45  constraint=none
[Iter 35] Timing breakdown:
  Index build:      14.7s  (one-time)
  Query (Stage-1):  0.40ms/query  (VDMS ANN)
  Rerank (Stage-2): 0.03ms/query  (DINOv2 numpy)
  Total latency:    0.44ms/query
  QPS:              2274.7

[Results iter 35]
  Score (QPS [constrained]): 0.0000
  mAP (plain):       0.0000
  QPS:               2274.70
  P@10:              0.0010
  nDCG@10:           0.0018

================================================================================
ITERATION 36/50 (RANDOM)
================================================================================
[VDMS] Restarting for clean DB (iteration 36)...
[VDMS] Ready on port 55639
[VDMS] Restart complete.
  engine:       FaissIVFFlat
  params:       {'nlist': 512, 'nprobe': 4}
  k_neighbors:  50
  alpha:        0.40
[OK] PMGD metadata loaded: 47776 images  (80 objects, 117 verbs)

[Iter 36] backbone=CLIP ViT-L/14  engine=FaissIVFFlat params={'nlist': 512, 'nprobe': 4} k=50 alpha=0.40 n_refs=5 ref_strategy=diverse constraint=object
[Iter 36] Building CLIP_Set_36  (graph=yes)...
[OK] DescriptorSet 'CLIP_Set_36' created  dim=768  metric=L2
[GRAPH] PMGD metadata provided — storing object_id + verb_id per descriptor
Indexing 47,776 CLIP vectors  dim=768  set=CLIP_Set_36  (batch_properties=500, with metadata)...
  CLIP failures: 0/47776  (OK)
[OK] 'CLIP_Set_36' indexed  (14.9s)
[Iter 36] Index built in 14.9s
[Iter 36] Running 600 queries...
[TextDINO q0] HOI=motorcycle|race  CLIP=0 candidates  k=50  alpha=0.40  constraint=object
[Iter 36] Timing breakdown:
  Index build:      14.9s  (one-time)
  Query (Stage-1):  0.29ms/query  (VDMS ANN)
  Rerank (Stage-2): 0.00ms/query  (DINOv2 numpy)
  Total latency:    0.31ms/query
  QPS:              3218.3

[Results iter 36]
  Score (QPS [constrained]): 0.0000
  mAP (plain):       0.0000
  QPS:               3218.30
  P@10:              0.0010
  nDCG@10:           0.0021

================================================================================
ITERATION 37/50 (RANDOM)
================================================================================
[VDMS] Restarting for clean DB (iteration 37)...
[VDMS] Ready on port 55639
[VDMS] Restart complete.
  engine:       FaissFlat
  params:       {}
  k_neighbors:  1000
  alpha:        0.60
[OK] PMGD metadata loaded: 47776 images  (80 objects, 117 verbs)

[Iter 37] backbone=CLIP ViT-L/14  engine=FaissFlat params={} k=1000 alpha=0.60 n_refs=10 ref_strategy=first constraint=object
[Iter 37] Building CLIP_Set_37  (graph=yes)...
[OK] DescriptorSet 'CLIP_Set_37' created  dim=768  metric=L2
[GRAPH] PMGD metadata provided — storing object_id + verb_id per descriptor
Indexing 47,776 CLIP vectors  dim=768  set=CLIP_Set_37  (batch_properties=500, with metadata)...
  CLIP failures: 0/47776  (OK)
[OK] 'CLIP_Set_37' indexed  (8.4s)
[Iter 37] Index built in 8.4s
[Iter 37] Running 600 queries...
[TextDINO q0] HOI=motorcycle|race  CLIP=919 candidates  k=1000  alpha=0.60  constraint=object
[Iter 37] Timing breakdown:
  Index build:      8.4s  (one-time)
  Query (Stage-1):  223.14ms/query  (VDMS ANN)
  Rerank (Stage-2): 0.62ms/query  (DINOv2 numpy)
  Total latency:    223.96ms/query
  QPS:              4.5

[Results iter 37]
  Score (QPS [constrained]): 4.4650
  mAP (plain):       0.4079
  QPS:               4.47
  P@10:              0.5442
  nDCG@10:           0.6086

================================================================================
ITERATION 38/50 (RANDOM)
================================================================================
[VDMS] Restarting for clean DB (iteration 38)...
[VDMS] Ready on port 55639
[VDMS] Restart complete.
  engine:       FaissIVFFlat
  params:       {'nlist': 512, 'nprobe': 16}
  k_neighbors:  50
  alpha:        0.75
[OK] PMGD metadata loaded: 47776 images  (80 objects, 117 verbs)

[Iter 38] backbone=CLIP ViT-L/14  engine=FaissIVFFlat params={'nlist': 512, 'nprobe': 16} k=50 alpha=0.75 n_refs=5 ref_strategy=centroid constraint=object_and_verb
[Iter 38] Building CLIP_Set_38  (graph=yes)...
[OK] DescriptorSet 'CLIP_Set_38' created  dim=768  metric=L2
[GRAPH] PMGD metadata provided — storing object_id + verb_id per descriptor
Indexing 47,776 CLIP vectors  dim=768  set=CLIP_Set_38  (batch_properties=500, with metadata)...
  CLIP failures: 0/47776  (OK)
[OK] 'CLIP_Set_38' indexed  (15.0s)
[Iter 38] Index built in 15.0s
[Iter 38] Running 600 queries...
[TextDINO q0] HOI=motorcycle|race  CLIP=0 candidates  k=50  alpha=0.75  constraint=object_and_verb
[Iter 38] Timing breakdown:
  Index build:      15.0s  (one-time)
  Query (Stage-1):  0.30ms/query  (VDMS ANN)
  Rerank (Stage-2): 0.00ms/query  (DINOv2 numpy)
  Total latency:    0.35ms/query
  QPS:              2823.9

[Results iter 38]
  Score (QPS [constrained]): 0.0000
  mAP (plain):       0.0000
  QPS:               2823.85
  P@10:              0.0008
  nDCG@10:           0.0017

================================================================================
ITERATION 39/50 (RANDOM)
================================================================================
[VDMS] Restarting for clean DB (iteration 39)...
[VDMS] Ready on port 55639
[VDMS] Restart complete.
  engine:       FaissFlat
  params:       {}
  k_neighbors:  1000
  alpha:        0.00
[OK] PMGD metadata loaded: 47776 images  (80 objects, 117 verbs)

[Iter 39] backbone=CLIP ViT-L/14  engine=FaissFlat params={} k=1000 alpha=0.00 n_refs=5 ref_strategy=centroid constraint=object
[Iter 39] Building CLIP_Set_39  (graph=yes)...
[OK] DescriptorSet 'CLIP_Set_39' created  dim=768  metric=L2
[GRAPH] PMGD metadata provided — storing object_id + verb_id per descriptor
Indexing 47,776 CLIP vectors  dim=768  set=CLIP_Set_39  (batch_properties=500, with metadata)...
  CLIP failures: 0/47776  (OK)
[OK] 'CLIP_Set_39' indexed  (8.3s)
[Iter 39] Index built in 8.4s
[Iter 39] Running 600 queries...
[TextDINO q0] HOI=motorcycle|race  CLIP=919 candidates  k=1000  alpha=0.00  constraint=object
[Iter 39] Timing breakdown:
  Index build:      8.4s  (one-time)
  Query (Stage-1):  226.13ms/query  (VDMS ANN)
  Rerank (Stage-2): 0.01ms/query  (DINOv2 numpy)
  Total latency:    226.37ms/query
  QPS:              4.4

[Results iter 39]
  Score (QPS [constrained]): 4.4175
  mAP (plain):       0.2853
  QPS:               4.42
  P@10:              0.3800
  nDCG@10:           0.4108

================================================================================
ITERATION 40/50 (RANDOM)
================================================================================
[VDMS] Restarting for clean DB (iteration 40)...
[VDMS] Ready on port 55639
[VDMS] Restart complete.
  engine:       FaissHNSWFlat
  params:       {'M': 8, 'efConstruction': 200, 'efSearch': 100}
  k_neighbors:  100
  alpha:        0.90
[OK] PMGD metadata loaded: 47776 images  (80 objects, 117 verbs)

[Iter 40] backbone=CLIP ViT-L/14  engine=FaissHNSWFlat params={'M': 8, 'efConstruction': 200, 'efSearch': 100} k=100 alpha=0.90 n_refs=1 ref_strategy=first constraint=object
[Iter 40] Building CLIP_Set_40  (graph=yes)...
[OK] DescriptorSet 'CLIP_Set_40' created  dim=768  metric=L2
[GRAPH] PMGD metadata provided — storing object_id + verb_id per descriptor
Indexing 47,776 CLIP vectors  dim=768  set=CLIP_Set_40  (batch_properties=500, with metadata)...
  CLIP failures: 0/47776  (OK)
[OK] 'CLIP_Set_40' indexed  (11.6s)
[Iter 40] Index built in 11.7s
[Iter 40] Running 600 queries...
[TextDINO q0] HOI=motorcycle|race  CLIP=100 candidates  k=100  alpha=0.90  constraint=object
[Iter 40] Timing breakdown:
  Index build:      11.7s  (one-time)
  Query (Stage-1):  6.95ms/query  (VDMS ANN)
  Rerank (Stage-2): 0.13ms/query  (DINOv2 numpy)
  Total latency:    7.13ms/query
  QPS:              140.2

[Results iter 40]
  Score (QPS [constrained]): 140.2440
  mAP (plain):       0.1635
  QPS:               140.24
  P@10:              0.4060
  nDCG@10:           0.4355

================================================================================
ITERATION 41/50 (RANDOM)
================================================================================
[VDMS] Restarting for clean DB (iteration 41)...
[VDMS] Ready on port 55639
[VDMS] Restart complete.
  engine:       FaissHNSWFlat
  params:       {'M': 32, 'efConstruction': 200, 'efSearch': 32}
  k_neighbors:  1000
  alpha:        0.30

[Iter 41] backbone=CLIP ViT-L/14  engine=FaissHNSWFlat params={'M': 32, 'efConstruction': 200, 'efSearch': 32} k=1000 alpha=0.30 n_refs=5 ref_strategy=centroid constraint=none
[Iter 41] Building CLIP_Set_41  (graph=no)...
[OK] DescriptorSet 'CLIP_Set_41' created  dim=768  metric=L2
Indexing 47,776 CLIP vectors  dim=768  set=CLIP_Set_41  (batch_properties=500)...
  CLIP failures: 0/47776  (OK)
[OK] 'CLIP_Set_41' indexed  (11.3s)
[Iter 41] Index built in 11.3s
[Iter 41] Running 600 queries...
[TextDINO q0] HOI=motorcycle|race  CLIP=724 candidates  k=1000  alpha=0.30  constraint=none
[Iter 41] Timing breakdown:
  Index build:      11.3s  (one-time)
  Query (Stage-1):  148.08ms/query  (VDMS ANN)
  Rerank (Stage-2): 1.07ms/query  (DINOv2 numpy)
  Total latency:    149.49ms/query
  QPS:              6.7

[Results iter 41]
  Score (QPS [constrained]): 6.6894
  mAP (plain):       0.2570
  QPS:               6.69
  P@10:              0.4468
  nDCG@10:           0.5021

================================================================================
ITERATION 42/50 (RANDOM)
================================================================================
[VDMS] Restarting for clean DB (iteration 42)...
[VDMS] Ready on port 55639
[VDMS] Restart complete.
  engine:       FaissIVFFlat
  params:       {'nlist': 512, 'nprobe': 32}
  k_neighbors:  100
  alpha:        0.30
[OK] PMGD metadata loaded: 47776 images  (80 objects, 117 verbs)

[Iter 42] backbone=CLIP ViT-L/14  engine=FaissIVFFlat params={'nlist': 512, 'nprobe': 32} k=100 alpha=0.30 n_refs=10 ref_strategy=first constraint=object
[Iter 42] Building CLIP_Set_42  (graph=yes)...
[OK] DescriptorSet 'CLIP_Set_42' created  dim=768  metric=L2
[GRAPH] PMGD metadata provided — storing object_id + verb_id per descriptor
Indexing 47,776 CLIP vectors  dim=768  set=CLIP_Set_42  (batch_properties=500, with metadata)...
  CLIP failures: 0/47776  (OK)
[OK] 'CLIP_Set_42' indexed  (15.5s)
[Iter 42] Index built in 15.6s
[Iter 42] Running 600 queries...
[TextDINO q0] HOI=motorcycle|race  CLIP=0 candidates  k=100  alpha=0.30  constraint=object
[Iter 42] Timing breakdown:
  Index build:      15.6s  (one-time)
  Query (Stage-1):  0.29ms/query  (VDMS ANN)
  Rerank (Stage-2): 0.00ms/query  (DINOv2 numpy)
  Total latency:    0.35ms/query
  QPS:              2860.8

[Results iter 42]
  Score (QPS [constrained]): 0.0000
  mAP (plain):       0.0000
  QPS:               2860.78
  P@10:              0.0010
  nDCG@10:           0.0021

================================================================================
ITERATION 43/50 (RANDOM)
================================================================================
[VDMS] Restarting for clean DB (iteration 43)...
[VDMS] Ready on port 55639
[VDMS] Restart complete.
  engine:       FaissHNSWFlat
  params:       {'M': 32, 'efConstruction': 200, 'efSearch': 500}
  k_neighbors:  750
  alpha:        0.35

[Iter 43] backbone=CLIP ViT-L/14  engine=FaissHNSWFlat params={'M': 32, 'efConstruction': 200, 'efSearch': 500} k=750 alpha=0.35 n_refs=1 ref_strategy=centroid constraint=none
[Iter 43] Building CLIP_Set_43  (graph=no)...
[OK] DescriptorSet 'CLIP_Set_43' created  dim=768  metric=L2
Indexing 47,776 CLIP vectors  dim=768  set=CLIP_Set_43  (batch_properties=500)...
  CLIP failures: 0/47776  (OK)
[OK] 'CLIP_Set_43' indexed  (11.1s)
[Iter 43] Index built in 11.2s
[Iter 43] Running 600 queries...
[TextDINO q0] HOI=motorcycle|race  CLIP=722 candidates  k=750  alpha=0.35  constraint=none
[Iter 43] Timing breakdown:
  Index build:      11.2s  (one-time)
  Query (Stage-1):  129.05ms/query  (VDMS ANN)
  Rerank (Stage-2): 0.97ms/query  (DINOv2 numpy)
  Total latency:    130.33ms/query
  QPS:              7.7

[Results iter 43]
  Score (QPS [constrained]): 7.6726
  mAP (plain):       0.2070
  QPS:               7.67
  P@10:              0.3693
  nDCG@10:           0.3999

================================================================================
ITERATION 44/50 (RANDOM)
================================================================================
[VDMS] Restarting for clean DB (iteration 44)...
[VDMS] Ready on port 55639
[VDMS] Restart complete.
  engine:       FaissFlat
  params:       {}
  k_neighbors:  200
  alpha:        0.50
[OK] PMGD metadata loaded: 47776 images  (80 objects, 117 verbs)

[Iter 44] backbone=CLIP ViT-L/14  engine=FaissFlat params={} k=200 alpha=0.50 n_refs=1 ref_strategy=diverse constraint=verb
[Iter 44] Building CLIP_Set_44  (graph=yes)...
[OK] DescriptorSet 'CLIP_Set_44' created  dim=768  metric=L2
[GRAPH] PMGD metadata provided — storing object_id + verb_id per descriptor
Indexing 47,776 CLIP vectors  dim=768  set=CLIP_Set_44  (batch_properties=500, with metadata)...
  CLIP failures: 0/47776  (OK)
[OK] 'CLIP_Set_44' indexed  (8.4s)
[Iter 44] Index built in 8.4s
[Iter 44] Running 600 queries...
[TextDINO q0] HOI=motorcycle|race  CLIP=50 candidates  k=200  alpha=0.50  constraint=verb
[Iter 44] Timing breakdown:
  Index build:      8.4s  (one-time)
  Query (Stage-1):  22.15ms/query  (VDMS ANN)
  Rerank (Stage-2): 0.07ms/query  (DINOv2 numpy)
  Total latency:    22.25ms/query
  QPS:              44.9

[Results iter 44]
  Score (QPS [constrained]): 44.9481
  mAP (plain):       0.2431
  QPS:               44.95
  P@10:              0.5620
  nDCG@10:           0.6324

================================================================================
ITERATION 45/50 (RANDOM)
================================================================================
[VDMS] Restarting for clean DB (iteration 45)...
[VDMS] Ready on port 55639
[VDMS] Restart complete.
  engine:       FaissIVFFlat
  params:       {'nlist': 256, 'nprobe': 64}
  k_neighbors:  150
  alpha:        0.15

[Iter 45] backbone=CLIP ViT-L/14  engine=FaissIVFFlat params={'nlist': 256, 'nprobe': 64} k=150 alpha=0.15 n_refs=3 ref_strategy=first constraint=none
[Iter 45] Building CLIP_Set_45  (graph=no)...
[OK] DescriptorSet 'CLIP_Set_45' created  dim=768  metric=L2
Indexing 47,776 CLIP vectors  dim=768  set=CLIP_Set_45  (batch_properties=500)...
  CLIP failures: 0/47776  (OK)
[OK] 'CLIP_Set_45' indexed  (15.7s)
[Iter 45] Index built in 15.8s
[Iter 45] Running 600 queries...
[TextDINO q0] HOI=motorcycle|race  CLIP=5 candidates  k=150  alpha=0.15  constraint=none
[Iter 45] Timing breakdown:
  Index build:      15.8s  (one-time)
  Query (Stage-1):  0.40ms/query  (VDMS ANN)
  Rerank (Stage-2): 0.03ms/query  (DINOv2 numpy)
  Total latency:    0.44ms/query
  QPS:              2260.0

[Results iter 45]
  Score (QPS [constrained]): 0.0000
  mAP (plain):       0.0000
  QPS:               2260.02
  P@10:              0.0010
  nDCG@10:           0.0020

================================================================================
ITERATION 46/50 (RANDOM)
================================================================================
[VDMS] Restarting for clean DB (iteration 46)...
[VDMS] Ready on port 55639
[VDMS] Restart complete.
  engine:       FaissFlat
  params:       {}
  k_neighbors:  1000
  alpha:        0.20
[OK] PMGD metadata loaded: 47776 images  (80 objects, 117 verbs)

[Iter 46] backbone=CLIP ViT-L/14  engine=FaissFlat params={} k=1000 alpha=0.20 n_refs=1 ref_strategy=centroid constraint=object
[Iter 46] Building CLIP_Set_46  (graph=yes)...
[OK] DescriptorSet 'CLIP_Set_46' created  dim=768  metric=L2
[GRAPH] PMGD metadata provided — storing object_id + verb_id per descriptor
Indexing 47,776 CLIP vectors  dim=768  set=CLIP_Set_46  (batch_properties=500, with metadata)...
  CLIP failures: 0/47776  (OK)
[OK] 'CLIP_Set_46' indexed  (8.4s)
[Iter 46] Index built in 8.5s
[Iter 46] Running 600 queries...
[TextDINO q0] HOI=motorcycle|race  CLIP=919 candidates  k=1000  alpha=0.20  constraint=object
[Iter 46] Timing breakdown:
  Index build:      8.5s  (one-time)
  Query (Stage-1):  227.46ms/query  (VDMS ANN)
  Rerank (Stage-2): 0.61ms/query  (DINOv2 numpy)
  Total latency:    228.28ms/query
  QPS:              4.4

[Results iter 46]
  Score (QPS [constrained]): 4.3806
  mAP (plain):       0.2946
  QPS:               4.38
  P@10:              0.3937
  nDCG@10:           0.4250

================================================================================
ITERATION 47/50 (RANDOM)
================================================================================
[VDMS] Restarting for clean DB (iteration 47)...
[VDMS] Ready on port 55639
[VDMS] Restart complete.
  engine:       FaissHNSWFlat
  params:       {'M': 64, 'efConstruction': 200, 'efSearch': 150}
  k_neighbors:  750
  alpha:        0.25
[OK] PMGD metadata loaded: 47776 images  (80 objects, 117 verbs)

[Iter 47] backbone=CLIP ViT-L/14  engine=FaissHNSWFlat params={'M': 64, 'efConstruction': 200, 'efSearch': 150} k=750 alpha=0.25 n_refs=5 ref_strategy=centroid constraint=verb
[Iter 47] Building CLIP_Set_47  (graph=yes)...
[OK] DescriptorSet 'CLIP_Set_47' created  dim=768  metric=L2
[GRAPH] PMGD metadata provided — storing object_id + verb_id per descriptor
Indexing 47,776 CLIP vectors  dim=768  set=CLIP_Set_47  (batch_properties=500, with metadata)...
  CLIP failures: 0/47776  (OK)
[OK] 'CLIP_Set_47' indexed  (11.7s)
[Iter 47] Index built in 11.7s
[Iter 47] Running 600 queries...
[TextDINO q0] HOI=motorcycle|race  CLIP=105 candidates  k=750  alpha=0.25  constraint=verb
[Iter 47] Timing breakdown:
  Index build:      11.7s  (one-time)
  Query (Stage-1):  112.10ms/query  (VDMS ANN)
  Rerank (Stage-2): 0.15ms/query  (DINOv2 numpy)
  Total latency:    112.34ms/query
  QPS:              8.9

[Results iter 47]
  Score (QPS [constrained]): 8.9019
  mAP (plain):       0.2772
  QPS:               8.90
  P@10:              0.5960
  nDCG@10:           0.6613

================================================================================
ITERATION 48/50 (RANDOM)
================================================================================
[VDMS] Restarting for clean DB (iteration 48)...
[VDMS] Ready on port 55639
[VDMS] Restart complete.
  engine:       FaissFlat
  params:       {}
  k_neighbors:  500
  alpha:        0.55

[Iter 48] backbone=CLIP ViT-L/14  engine=FaissFlat params={} k=500 alpha=0.55 n_refs=10 ref_strategy=diverse constraint=none
[Iter 48] Building CLIP_Set_48  (graph=no)...
[OK] DescriptorSet 'CLIP_Set_48' created  dim=768  metric=L2
Indexing 47,776 CLIP vectors  dim=768  set=CLIP_Set_48  (batch_properties=500)...
  CLIP failures: 0/47776  (OK)
[OK] 'CLIP_Set_48' indexed  (7.9s)
[Iter 48] Index built in 8.0s
[Iter 48] Running 600 queries...
[TextDINO q0] HOI=motorcycle|race  CLIP=500 candidates  k=500  alpha=0.55  constraint=none
[Iter 48] Timing breakdown:
  Index build:      8.0s  (one-time)
  Query (Stage-1):  78.68ms/query  (VDMS ANN)
  Rerank (Stage-2): 0.69ms/query  (DINOv2 numpy)
  Total latency:    79.59ms/query
  QPS:              12.6

[Results iter 48]
  Score (QPS [constrained]): 12.5640
  mAP (plain):       0.3181
  QPS:               12.56
  P@10:              0.4615
  nDCG@10:           0.5128

================================================================================
ITERATION 49/50 (RANDOM)
================================================================================
[VDMS] Restarting for clean DB (iteration 49)...
[VDMS] Ready on port 55639
[VDMS] Restart complete.
  engine:       FaissIVFFlat
  params:       {'nlist': 64, 'nprobe': 32}
  k_neighbors:  750
  alpha:        0.10
[OK] PMGD metadata loaded: 47776 images  (80 objects, 117 verbs)

[Iter 49] backbone=CLIP ViT-L/14  engine=FaissIVFFlat params={'nlist': 64, 'nprobe': 32} k=750 alpha=0.10 n_refs=5 ref_strategy=diverse constraint=verb
[Iter 49] Building CLIP_Set_49  (graph=yes)...
[OK] DescriptorSet 'CLIP_Set_49' created  dim=768  metric=L2
[GRAPH] PMGD metadata provided — storing object_id + verb_id per descriptor
Indexing 47,776 CLIP vectors  dim=768  set=CLIP_Set_49  (batch_properties=500, with metadata)...
  CLIP failures: 0/47776  (OK)
[OK] 'CLIP_Set_49' indexed  (15.5s)
[Iter 49] Index built in 15.5s
[Iter 49] Running 600 queries...
[TextDINO q0] HOI=motorcycle|race  CLIP=0 candidates  k=750  alpha=0.10  constraint=verb
[Iter 49] Timing breakdown:
  Index build:      15.5s  (one-time)
  Query (Stage-1):  0.32ms/query  (VDMS ANN)
  Rerank (Stage-2): 0.01ms/query  (DINOv2 numpy)
  Total latency:    0.34ms/query
  QPS:              2982.1

[Results iter 49]
  Score (QPS [constrained]): 0.0000
  mAP (plain):       0.0000
  QPS:               2982.14
  P@10:              0.0008
  nDCG@10:           0.0017

================================================================================
ITERATION 50/50 (RANDOM)
================================================================================
[VDMS] Restarting for clean DB (iteration 50)...
[VDMS] Ready on port 55639
[VDMS] Restart complete.
  engine:       FaissIVFFlat
  params:       {'nlist': 256, 'nprobe': 8}
  k_neighbors:  200
  alpha:        0.75

[Iter 50] backbone=CLIP ViT-L/14  engine=FaissIVFFlat params={'nlist': 256, 'nprobe': 8} k=200 alpha=0.75 n_refs=1 ref_strategy=centroid constraint=none
[Iter 50] Building CLIP_Set_50  (graph=no)...
[OK] DescriptorSet 'CLIP_Set_50' created  dim=768  metric=L2
Indexing 47,776 CLIP vectors  dim=768  set=CLIP_Set_50  (batch_properties=500)...
  CLIP failures: 0/47776  (OK)
[OK] 'CLIP_Set_50' indexed  (14.7s)
[Iter 50] Index built in 14.8s
[Iter 50] Running 600 queries...
[TextDINO q0] HOI=motorcycle|race  CLIP=5 candidates  k=200  alpha=0.75  constraint=none
[Iter 50] Timing breakdown:
  Index build:      14.8s  (one-time)
  Query (Stage-1):  0.40ms/query  (VDMS ANN)
  Rerank (Stage-2): 0.04ms/query  (DINOv2 numpy)
  Total latency:    0.45ms/query
  QPS:              2206.3

[Results iter 50]
  Score (QPS [constrained]): 0.0000
  mAP (plain):       0.0000
  QPS:               2206.31
  P@10:              0.0010
  nDCG@10:           0.0015

================================================================================
OPTIMIZATION COMPLETE
================================================================================
Best Score:  140.2440
Best mAP:    0.1635
Best QPS:    140.24
Best Config: {'engine': np.str_('FaissHNSWFlat'), 'params': {'M': 8, 'efConstruction': 200, 'efSearch': 100}, 'k_neighbors': 100, 'n_refs': 1, 'ref_strategy': 'first', 'constraint_strategy': 'object', 'alpha': 0.9, '_iter': 40}

[OK] Results saved to /work/hdd/bdjd/vdms_workflow/semantic_vdms/FINAL_RESULTS/hico_det/results/random_seed200.json
Finished: Wed Apr 22 12:06:04 CDT 2026  Exit: 0  Output: /work/hdd/bdjd/vdms_workflow/semantic_vdms/FINAL_RESULTS/hico_det/results/random_seed200.json
